Component: ARM Compiler 5.06 update 7 (build 960) Tool: armlink [4d3601]

==============================================================================

Section Cross References

    startup_stm32f103xe.o(RESET) refers to startup_stm32f103xe.o(STACK) for __initial_sp
    startup_stm32f103xe.o(RESET) refers to startup_stm32f103xe.o(.text) for Reset_Handler
    startup_stm32f103xe.o(RESET) refers to stm32f1xx_it.o(i.NMI_Handler) for NMI_Handler
    startup_stm32f103xe.o(RESET) refers to stm32f1xx_it.o(i.HardFault_Handler) for HardFault_Handler
    startup_stm32f103xe.o(RESET) refers to stm32f1xx_it.o(i.MemManage_Handler) for MemManage_Handler
    startup_stm32f103xe.o(RESET) refers to stm32f1xx_it.o(i.BusFault_Handler) for BusFault_Handler
    startup_stm32f103xe.o(RESET) refers to stm32f1xx_it.o(i.UsageFault_Handler) for UsageFault_Handler
    startup_stm32f103xe.o(RESET) refers to stm32f1xx_it.o(i.SVC_Handler) for SVC_Handler
    startup_stm32f103xe.o(RESET) refers to stm32f1xx_it.o(i.DebugMon_Handler) for DebugMon_Handler
    startup_stm32f103xe.o(RESET) refers to stm32f1xx_it.o(i.PendSV_Handler) for PendSV_Handler
    startup_stm32f103xe.o(RESET) refers to stm32f1xx_it.o(i.SysTick_Handler) for SysTick_Handler
    startup_stm32f103xe.o(.text) refers to system_stm32f1xx.o(i.SystemInit) for SystemInit
    startup_stm32f103xe.o(.text) refers to entry.o(.ARM.Collect$$$$00000000) for __main
    main.o(.ARM.exidx) refers to main.o(.rev16_text) for __asm___6_main_c_test_a____REV16
    main.o(.ARM.exidx) refers to main.o(.revsh_text) for __asm___6_main_c_test_a____REVSH
    main.o(.ARM.exidx) refers to main.o(.rrx_text) for __asm___6_main_c_test_a____RRX
    main.o(i.SystemClock_Config) refers to memseta.o(.text) for __aeabi_memclr4
    main.o(i.SystemClock_Config) refers to stm32f1xx_hal_rcc.o(i.HAL_RCC_OscConfig) for HAL_RCC_OscConfig
    main.o(i.SystemClock_Config) refers to main.o(i.Error_Handler) for Error_Handler
    main.o(i.SystemClock_Config) refers to stm32f1xx_hal_rcc.o(i.HAL_RCC_ClockConfig) for HAL_RCC_ClockConfig
    main.o(i.main) refers to stm32f1xx_hal.o(i.HAL_Init) for HAL_Init
    main.o(i.main) refers to main.o(i.SystemClock_Config) for SystemClock_Config
    main.o(i.main) refers to gpio.o(i.MX_GPIO_Init) for MX_GPIO_Init
    main.o(i.main) refers to usart.o(i.MX_USART1_UART_Init) for MX_USART1_UART_Init
    main.o(i.main) refers to unwind.o(i.show_unwind_info) for show_unwind_info
    main.o(i.main) refers to main.o(i.test_a) for test_a
    main.o(i.test_a) refers to main.o(i.test_b) for test_b
    main.o(i.test_b) refers to main.o(i.test_c) for test_c
    main.o(i.test_c) refers to unwind.o(i.back_trace) for back_trace
    main.o(.ARM.exidx) refers to main.o(i.test_c) for i.test_c
    main.o(.ARM.exidx) refers to unwind_pr0.o(.text) for __aeabi_unwind_cpp_pr0
    main.o(.ARM.exidx) refers to main.o(i.test_b) for i.test_b
    main.o(.ARM.exidx) refers to unwind_pr0.o(.text) for __aeabi_unwind_cpp_pr0
    main.o(.ARM.exidx) refers to main.o(i.test_a) for i.test_a
    main.o(.ARM.exidx) refers to unwind_pr0.o(.text) for __aeabi_unwind_cpp_pr0
    main.o(.ARM.exidx) refers to main.o(i.Error_Handler) for i.Error_Handler
    main.o(.ARM.exidx) refers to main.o(i.SystemClock_Config) for i.SystemClock_Config
    main.o(.ARM.exidx) refers to unwind_pr0.o(.text) for __aeabi_unwind_cpp_pr0
    main.o(.ARM.exidx) refers to main.o(i.main) for i.main
    main.o(.ARM.exidx) refers to unwind_pr0.o(.text) for __aeabi_unwind_cpp_pr0
    gpio.o(.ARM.exidx) refers to gpio.o(.rev16_text) for __asm___6_gpio_c_62724882____REV16
    gpio.o(.ARM.exidx) refers to gpio.o(.revsh_text) for __asm___6_gpio_c_62724882____REVSH
    gpio.o(.ARM.exidx) refers to gpio.o(.rrx_text) for __asm___6_gpio_c_62724882____RRX
    gpio.o(.ARM.exidx) refers to gpio.o(i.MX_GPIO_Init) for i.MX_GPIO_Init
    gpio.o(.ARM.exidx) refers to unwind_pr0.o(.text) for __aeabi_unwind_cpp_pr0
    usart.o(.ARM.exidx) refers to usart.o(.rev16_text) for __asm___7_usart_c_aa2567c7____REV16
    usart.o(.ARM.exidx) refers to usart.o(.revsh_text) for __asm___7_usart_c_aa2567c7____REVSH
    usart.o(.ARM.exidx) refers to usart.o(.rrx_text) for __asm___7_usart_c_aa2567c7____RRX
    usart.o(i.HAL_UART_MspDeInit) refers to stm32f1xx_hal_gpio.o(i.HAL_GPIO_DeInit) for HAL_GPIO_DeInit
    usart.o(i.HAL_UART_MspInit) refers to stm32f1xx_hal_gpio.o(i.HAL_GPIO_Init) for HAL_GPIO_Init
    usart.o(i.MX_USART1_UART_Init) refers to stm32f1xx_hal_uart.o(i.HAL_UART_Init) for HAL_UART_Init
    usart.o(i.MX_USART1_UART_Init) refers to main.o(i.Error_Handler) for Error_Handler
    usart.o(i.MX_USART1_UART_Init) refers to usart.o(.bss) for huart1
    usart.o(i.fputc) refers to stm32f1xx_hal_uart.o(i.HAL_UART_Transmit) for HAL_UART_Transmit
    usart.o(i.fputc) refers to usart.o(.bss) for huart1
    usart.o(.ARM.exidx) refers to usart.o(i.MX_USART1_UART_Init) for i.MX_USART1_UART_Init
    usart.o(.ARM.exidx) refers to unwind_pr0.o(.text) for __aeabi_unwind_cpp_pr0
[...]
    TIM1_CC_IRQHandler                       0x08000323   Thumb Code     0  startup_stm32f103xe.o(.text)
    TIM1_TRG_COM_IRQHandler                  0x08000323   Thumb Code     0  startup_stm32f103xe.o(.text)
    TIM1_UP_IRQHandler                       0x08000323   Thumb Code     0  startup_stm32f103xe.o(.text)
    TIM2_IRQHandler                          0x08000323   Thumb Code     0  startup_stm32f103xe.o(.text)
    TIM3_IRQHandler                          0x08000323   Thumb Code     0  startup_stm32f103xe.o(.text)
    TIM4_IRQHandler                          0x08000323   Thumb Code     0  startup_stm32f103xe.o(.text)
    TIM5_IRQHandler                          0x08000323   Thumb Code     0  startup_stm32f103xe.o(.text)
    TIM6_IRQHandler                          0x08000323   Thumb Code     0  startup_stm32f103xe.o(.text)
    TIM7_IRQHandler                          0x08000323   Thumb Code     0  startup_stm32f103xe.o(.text)
    TIM8_BRK_IRQHandler                      0x08000323   Thumb Code     0  startup_stm32f103xe.o(.text)
    TIM8_CC_IRQHandler                       0x08000323   Thumb Code     0  startup_stm32f103xe.o(.text)
    TIM8_TRG_COM_IRQHandler                  0x08000323   Thumb Code     0  startup_stm32f103xe.o(.text)
    TIM8_UP_IRQHandler                       0x08000323   Thumb Code     0  startup_stm32f103xe.o(.text)
    UART4_IRQHandler                         0x08000323   Thumb Code     0  startup_stm32f103xe.o(.text)
    UART5_IRQHandler                         0x08000323   Thumb Code     0  startup_stm32f103xe.o(.text)
    USART1_IRQHandler                        0x08000323   Thumb Code     0  startup_stm32f103xe.o(.text)
    USART2_IRQHandler                        0x08000323   Thumb Code     0  startup_stm32f103xe.o(.text)
    USART3_IRQHandler                        0x08000323   Thumb Code     0  startup_stm32f103xe.o(.text)
    USBWakeUp_IRQHandler                     0x08000323   Thumb Code     0  startup_stm32f103xe.o(.text)
    USB_HP_CAN1_TX_IRQHandler                0x08000323   Thumb Code     0  startup_stm32f103xe.o(.text)
    USB_LP_CAN1_RX0_IRQHandler               0x08000323   Thumb Code     0  startup_stm32f103xe.o(.text)
    WWDG_IRQHandler                          0x08000323   Thumb Code     0  startup_stm32f103xe.o(.text)
    __aeabi_unwind_cpp_pr1                   0x0800032d   Thumb Code     6  unwind_pr1.o(.text)
    __aeabi_unwind_cpp_pr0                   0x08000333   Thumb Code     6  unwind_pr0.o(.text)
    __aeabi_llsr                             0x08000339   Thumb Code    32  llushr.o(.text)
    _ll_ushift_r                             0x08000339   Thumb Code     0  llushr.o(.text)
    __aeabi_memset                           0x08000359   Thumb Code    14  memseta.o(.text)
    __aeabi_memset4                          0x08000359   Thumb Code     0  memseta.o(.text)
    __aeabi_memset8                          0x08000359   Thumb Code     0  memseta.o(.text)
    __aeabi_memclr                           0x08000367   Thumb Code     4  memseta.o(.text)
    __aeabi_memclr4                          0x08000367   Thumb Code     0  memseta.o(.text)
    __aeabi_memclr8                          0x08000367   Thumb Code     0  memseta.o(.text)
    _memset$wrapper                          0x0800036b   Thumb Code    18  memseta.o(.text)
    __ARM_unwind_cpp_prcommon                0x080003ad   Thumb Code  1472  unwind_prcommon.o(.text)
    __aeabi_uldivmod                         0x08000971   Thumb Code    98  uldiv.o(.text)
    _Unwind_VRS_Set                          0x080009d5   Thumb Code    46  unwinder.o(.text)
    _Unwind_VRS_Get                          0x08000a03   Thumb Code    46  unwinder.o(.text)
    _Unwind_VRS_Pop                          0x08000a31   Thumb Code   272  unwinder.o(.text)
    __ARM_unwind_next_frame                  0x08000c19   Thumb Code    46  unwinder.o(.text)
    __ARM_Unwind_RaiseException              0x08000c47   Thumb Code   206  unwinder.o(.text)
    __ARM_Unwind_Resume                      0x08000d15   Thumb Code    44  unwinder.o(.text)
    _Unwind_Complete                         0x08000d41   Thumb Code    72  unwinder.o(.text)
    __scatterload                            0x08000da1   Thumb Code    28  init.o(.text)
    __scatterload_rt2                        0x08000da1   Thumb Code     0  init.o(.text)
    __aeabi_llsl                             0x08000dc5   Thumb Code    30  llshl.o(.text)
    _ll_shift_l                              0x08000dc5   Thumb Code     0  llshl.o(.text)
    bsearch                                  0x08000de3   Thumb Code    70  bsearch.o(.text)
    __aeabi_memcpy                           0x08000e29   Thumb Code    36  memcpya.o(.text)
    __aeabi_memcpy4                          0x08000e29   Thumb Code     0  memcpya.o(.text)
    __aeabi_memcpy8                          0x08000e29   Thumb Code     0  memcpya.o(.text)
    BusFault_Handler                         0x08000e4d   Thumb Code     4  stm32f1xx_it.o(i.BusFault_Handler)
    DebugMon_Handler                         0x08000e7d   Thumb Code     2  stm32f1xx_it.o(i.DebugMon_Handler)
    Error_Handler                            0x08000e7f   Thumb Code     6  main.o(i.Error_Handler)
    FLASH_PageErase                          0x080011d5   Thumb Code    32  stm32f1xx_hal_flash_ex.o(i.FLASH_PageErase)
    FLASH_WaitForLastOperation               0x080012a1   Thumb Code   106  stm32f1xx_hal_flash.o(i.FLASH_WaitForLastOperation)
    HAL_DBGMCU_DisableDBGSleepMode           0x08001311   Thumb Code    14  stm32f1xx_hal.o(i.HAL_DBGMCU_DisableDBGSleepMode)
    HAL_DBGMCU_DisableDBGStandbyMode         0x08001325   Thumb Code    14  stm32f1xx_hal.o(i.HAL_DBGMCU_DisableDBGStandbyMode)
    HAL_DBGMCU_DisableDBGStopMode            0x08001339   Thumb Code    14  stm32f1xx_hal.o(i.HAL_DBGMCU_DisableDBGStopMode)
    HAL_DBGMCU_EnableDBGSleepMode            0x0800134d   Thumb Code    14  stm32f1xx_hal.o(i.HAL_DBGMCU_EnableDBGSleepMode)
    HAL_DBGMCU_EnableDBGStandbyMode          0x08001361   Thumb Code    14  stm32f1xx_hal.o(i.HAL_DBGMCU_EnableDBGStandbyMode)
    HAL_DBGMCU_EnableDBGStopMode             0x08001375   Thumb Code    14  stm32f1xx_hal.o(i.HAL_DBGMCU_EnableDBGStopMode)
    HAL_DMA_Abort                            0x08001389   Thumb Code    86  stm32f1xx_hal_dma.o(i.HAL_DMA_Abort)
    HAL_DMA_Abort_IT                         0x080013e1   Thumb Code   414  stm32f1xx_hal_dma.o(i.HAL_DMA_Abort_IT)
    HAL_DMA_DeInit                           0x08001589   Thumb Code   132  stm32f1xx_hal_dma.o(i.HAL_DMA_DeInit)
    HAL_DMA_GetError                         0x08001615   Thumb Code     6  stm32f1xx_hal_dma.o(i.HAL_DMA_GetError)
    HAL_DMA_GetState                         0x0800161b   Thumb Code     8  stm32f1xx_hal_dma.o(i.HAL_DMA_GetState)
    HAL_DMA_IRQHandler                       0x08001625   Thumb Code   910  stm32f1xx_hal_dma.o(i.HAL_DMA_IRQHandler)
    HAL_DMA_Init                             0x080019bd   Thumb Code   132  stm32f1xx_hal_dma.o(i.HAL_DMA_Init)
    HAL_DMA_PollForTransfer                  0x08001a49   Thumb Code  1612  stm32f1xx_hal_dma.o(i.HAL_DMA_PollForTransfer)
    HAL_DMA_RegisterCallback                 0x0800209d   Thumb Code    90  stm32f1xx_hal_dma.o(i.HAL_DMA_RegisterCallback)
    HAL_DMA_Start                            0x080020f7   Thumb Code   114  stm32f1xx_hal_dma.o(i.HAL_DMA_Start)
    HAL_DMA_Start_IT                         0x08002169   Thumb Code   156  stm32f1xx_hal_dma.o(i.HAL_DMA_Start_IT)
    HAL_DMA_UnRegisterCallback               0x08002205   Thumb Code   106  stm32f1xx_hal_dma.o(i.HAL_DMA_UnRegisterCallback)
    HAL_DeInit                               0x08002271   Thumb Code    30  stm32f1xx_hal.o(i.HAL_DeInit)
    HAL_Delay                                0x08002295   Thumb Code    36  stm32f1xx_hal.o(i.HAL_Delay)
    HAL_EXTI_ClearConfigLine                 0x080022bd   Thumb Code   112  stm32f1xx_hal_exti.o(i.HAL_EXTI_ClearConfigLine)
    HAL_EXTI_ClearPending                    0x08002335   Thumb Code    22  stm32f1xx_hal_exti.o(i.HAL_EXTI_ClearPending)
    HAL_EXTI_GenerateSWI                     0x08002351   Thumb Code    18  stm32f1xx_hal_exti.o(i.HAL_EXTI_GenerateSWI)
    HAL_EXTI_GetConfigLine                   0x08002369   Thumb Code   148  stm32f1xx_hal_exti.o(i.HAL_EXTI_GetConfigLine)
    HAL_EXTI_GetHandle                       0x08002405   Thumb Code    14  stm32f1xx_hal_exti.o(i.HAL_EXTI_GetHandle)
    HAL_EXTI_GetPending                      0x08002415   Thumb Code    30  stm32f1xx_hal_exti.o(i.HAL_EXTI_GetPending)
    HAL_EXTI_IRQHandler                      0x08002439   Thumb Code    40  stm32f1xx_hal_exti.o(i.HAL_EXTI_IRQHandler)
    HAL_EXTI_RegisterCallback                0x08002465   Thumb Code    20  stm32f1xx_hal_exti.o(i.HAL_EXTI_RegisterCallback)
    HAL_EXTI_SetConfigLine                   0x08002479   Thumb Code   232  stm32f1xx_hal_exti.o(i.HAL_EXTI_SetConfigLine)
    HAL_FLASHEx_Erase                        0x08002569   Thumb Code   168  stm32f1xx_hal_flash_ex.o(i.HAL_FLASHEx_Erase)
    HAL_FLASHEx_Erase_IT                     0x08002619   Thumb Code    70  stm32f1xx_hal_flash_ex.o(i.HAL_FLASHEx_Erase_IT)
    HAL_FLASHEx_OBErase                      0x08002669   Thumb Code    88  stm32f1xx_hal_flash_ex.o(i.HAL_FLASHEx_OBErase)
    HAL_FLASHEx_OBGetConfig                  0x080026c9   Thumb Code    28  stm32f1xx_hal_flash_ex.o(i.HAL_FLASHEx_OBGetConfig)
    HAL_FLASHEx_OBGetUserData                0x080026e5   Thumb Code    30  stm32f1xx_hal_flash_ex.o(i.HAL_FLASHEx_OBGetUserData)
    HAL_FLASHEx_OBProgram                    0x0800270d   Thumb Code   194  stm32f1xx_hal_flash_ex.o(i.HAL_FLASHEx_OBProgram)
    HAL_FLASH_EndOfOperationCallback         0x080027d5   Thumb Code     2  stm32f1xx_hal_flash.o(i.HAL_FLASH_EndOfOperationCallback)
    HAL_FLASH_GetError                       0x080027d9   Thumb Code     6  stm32f1xx_hal_flash.o(i.HAL_FLASH_GetError)
    HAL_FLASH_IRQHandler                     0x080027e5   Thumb Code   366  stm32f1xx_hal_flash.o(i.HAL_FLASH_IRQHandler)
    HAL_FLASH_Lock                           0x0800295d   Thumb Code    16  stm32f1xx_hal_flash.o(i.HAL_FLASH_Lock)
    HAL_FLASH_OB_Launch                      0x08002971   Thumb Code     8  stm32f1xx_hal_flash.o(i.HAL_FLASH_OB_Launch)
    HAL_FLASH_OB_Lock                        0x08002979   Thumb Code    16  stm32f1xx_hal_flash.o(i.HAL_FLASH_OB_Lock)
    HAL_FLASH_OB_Unlock                      0x0800298d   Thumb Code    30  stm32f1xx_hal_flash.o(i.HAL_FLASH_OB_Unlock)
    HAL_FLASH_OperationErrorCallback         0x080029b9   Thumb Code     2  stm32f1xx_hal_flash.o(i.HAL_FLASH_OperationErrorCallback)
    HAL_FLASH_Program                        0x080029bd   Thumb Code   168  stm32f1xx_hal_flash.o(i.HAL_FLASH_Program)
    HAL_FLASH_Program_IT                     0x08002a6d   Thumb Code    92  stm32f1xx_hal_flash.o(i.HAL_FLASH_Program_IT)
    HAL_FLASH_Unlock                         0x08002ad1   Thumb Code    36  stm32f1xx_hal_flash.o(i.HAL_FLASH_Unlock)
    HAL_GPIOEx_ConfigEventout                0x08002b01   Thumb Code    20  stm32f1xx_hal_gpio_ex.o(i.HAL_GPIOEx_ConfigEventout)
    HAL_GPIOEx_DisableEventout               0x08002b19   Thumb Code    14  stm32f1xx_hal_gpio_ex.o(i.HAL_GPIOEx_DisableEventout)
    HAL_GPIOEx_EnableEventout                0x08002b2d   Thumb Code    14  stm32f1xx_hal_gpio_ex.o(i.HAL_GPIOEx_EnableEventout)
    HAL_GPIO_DeInit                          0x08002b41   Thumb Code   308  stm32f1xx_hal_gpio.o(i.HAL_GPIO_DeInit)
    HAL_GPIO_EXTI_Callback                   0x08002c95   Thumb Code     2  stm32f1xx_hal_gpio.o(i.HAL_GPIO_EXTI_Callback)
    HAL_GPIO_EXTI_IRQHandler                 0x08002c99   Thumb Code    24  stm32f1xx_hal_gpio.o(i.HAL_GPIO_EXTI_IRQHandler)
    HAL_GPIO_Init                            0x08002cb5   Thumb Code   792  stm32f1xx_hal_gpio.o(i.HAL_GPIO_Init)
    HAL_GPIO_LockPin                         0x08002ff5   Thumb Code    46  stm32f1xx_hal_gpio.o(i.HAL_GPIO_LockPin)
    HAL_GPIO_ReadPin                         0x08003023   Thumb Code    16  stm32f1xx_hal_gpio.o(i.HAL_GPIO_ReadPin)
    HAL_GPIO_TogglePin                       0x08003033   Thumb Code    20  stm32f1xx_hal_gpio.o(i.HAL_GPIO_TogglePin)
    HAL_GPIO_WritePin                        0x08003047   Thumb Code    12  stm32f1xx_hal_gpio.o(i.HAL_GPIO_WritePin)
    HAL_GetDEVID                             0x08003055   Thumb Code    10  stm32f1xx_hal.o(i.HAL_GetDEVID)
    HAL_GetHalVersion                        0x08003065   Thumb Code     4  stm32f1xx_hal.o(i.HAL_GetHalVersion)
    HAL_GetREVID                             0x0800306d   Thumb Code     8  stm32f1xx_hal.o(i.HAL_GetREVID)
    HAL_GetTick                              0x08003079   Thumb Code     6  stm32f1xx_hal.o(i.HAL_GetTick)
    HAL_GetTickFreq                          0x08003085   Thumb Code     6  stm32f1xx_hal.o(i.HAL_GetTickFreq)
    HAL_GetTickPrio                          0x08003091   Thumb Code     6  stm32f1xx_hal.o(i.HAL_GetTickPrio)
    HAL_GetUIDw0                             0x0800309d   Thumb Code     6  stm32f1xx_hal.o(i.HAL_GetUIDw0)
    HAL_GetUIDw1                             0x080030a9   Thumb Code     6  stm32f1xx_hal.o(i.HAL_GetUIDw1)
    HAL_GetUIDw2                             0x080030b5   Thumb Code     6  stm32f1xx_hal.o(i.HAL_GetUIDw2)
    HAL_HalfDuplex_EnableReceiver            0x080030c1   Thumb Code    68  stm32f1xx_hal_uart.o(i.HAL_HalfDuplex_EnableReceiver)
    HAL_HalfDuplex_EnableTransmitter         0x08003105   Thumb Code    68  stm32f1xx_hal_uart.o(i.HAL_HalfDuplex_EnableTransmitter)
    HAL_HalfDuplex_Init                      0x08003149   Thumb Code   122  stm32f1xx_hal_uart.o(i.HAL_HalfDuplex_Init)
    HAL_IncTick                              0x080031c5   Thumb Code    16  stm32f1xx_hal.o(i.HAL_IncTick)
    HAL_Init                                 0x080031dd   Thumb Code    34  stm32f1xx_hal.o(i.HAL_Init)
    HAL_InitTick                             0x08003205   Thumb Code    64  stm32f1xx_hal.o(i.HAL_InitTick)
    HAL_LIN_Init                             0x08003251   Thumb Code   146  stm32f1xx_hal_uart.o(i.HAL_LIN_Init)
    HAL_LIN_SendBreak                        0x080032e3   Thumb Code    80  stm32f1xx_hal_uart.o(i.HAL_LIN_SendBreak)
    HAL_MspDeInit                            0x08003333   Thumb Code     2  stm32f1xx_hal.o(i.HAL_MspDeInit)
    HAL_MspInit                              0x08003335   Thumb Code    76  stm32f1xx_hal_msp.o(i.HAL_MspInit)
    HAL_MultiProcessor_EnterMuteMode         0x0800338b   Thumb Code    82  stm32f1xx_hal_uart.o(i.HAL_MultiProcessor_EnterMuteMode)
    HAL_MultiProcessor_ExitMuteMode          0x080033dd   Thumb Code    82  stm32f1xx_hal_uart.o(i.HAL_MultiProcessor_ExitMuteMode)
    HAL_MultiProcessor_Init                  0x0800342f   Thumb Code   158  stm32f1xx_hal_uart.o(i.HAL_MultiProcessor_Init)
    HAL_NVIC_ClearPendingIRQ                 0x080034cd   Thumb Code    30  stm32f1xx_hal_cortex.o(i.HAL_NVIC_ClearPendingIRQ)
    HAL_NVIC_DisableIRQ                      0x080034f1   Thumb Code    62  stm32f1xx_hal_cortex.o(i.HAL_NVIC_DisableIRQ)
    HAL_NVIC_EnableIRQ                       0x08003535   Thumb Code    32  stm32f1xx_hal_cortex.o(i.HAL_NVIC_EnableIRQ)
    HAL_NVIC_GetActive                       0x08003555   Thumb Code    44  stm32f1xx_hal_cortex.o(i.HAL_NVIC_GetActive)
    HAL_NVIC_GetPendingIRQ                   0x08003585   Thumb Code    44  stm32f1xx_hal_cortex.o(i.HAL_NVIC_GetPendingIRQ)
    HAL_NVIC_GetPriority                     0x080035b5   Thumb Code   138  stm32f1xx_hal_cortex.o(i.HAL_NVIC_GetPriority)
    HAL_NVIC_GetPriorityGrouping             0x08003649   Thumb Code     8  stm32f1xx_hal_cortex.o(i.HAL_NVIC_GetPriorityGrouping)
    HAL_NVIC_SetPendingIRQ                   0x08003651   Thumb Code    30  stm32f1xx_hal_cortex.o(i.HAL_NVIC_SetPendingIRQ)
    HAL_NVIC_SetPriority                     0x08003675   Thumb Code   124  stm32f1xx_hal_cortex.o(i.HAL_NVIC_SetPriority)
    HAL_NVIC_SetPriorityGrouping             0x080036f1   Thumb Code    32  stm32f1xx_hal_cortex.o(i.HAL_NVIC_SetPriorityGrouping)
    HAL_NVIC_SystemReset                     0x08003719   Thumb Code    60  stm32f1xx_hal_cortex.o(i.HAL_NVIC_SystemReset)
    HAL_PWR_ConfigPVD                        0x0800375d   Thumb Code   172  stm32f1xx_hal_pwr.o(i.HAL_PWR_ConfigPVD)
    HAL_PWR_DeInit                           0x08003811   Thumb Code    24  stm32f1xx_hal_pwr.o(i.HAL_PWR_DeInit)
    HAL_PWR_DisableBkUpAccess                0x0800382d   Thumb Code     8  stm32f1xx_hal_pwr.o(i.HAL_PWR_DisableBkUpAccess)
    HAL_PWR_DisablePVD                       0x08003839   Thumb Code     8  stm32f1xx_hal_pwr.o(i.HAL_PWR_DisablePVD)
    HAL_PWR_DisableSEVOnPend                 0x08003845   Thumb Code    14  stm32f1xx_hal_pwr.o(i.HAL_PWR_DisableSEVOnPend)
    HAL_PWR_DisableSleepOnExit               0x08003859   Thumb Code    14  stm32f1xx_hal_pwr.o(i.HAL_PWR_DisableSleepOnExit)
    HAL_PWR_DisableWakeUpPin                 0x0800386d   Thumb Code    22  stm32f1xx_hal_pwr.o(i.HAL_PWR_DisableWakeUpPin)
    HAL_PWR_EnableBkUpAccess                 0x08003889   Thumb Code     8  stm32f1xx_hal_pwr.o(i.HAL_PWR_EnableBkUpAccess)
    HAL_PWR_EnablePVD                        0x08003895   Thumb Code     8  stm32f1xx_hal_pwr.o(i.HAL_PWR_EnablePVD)
    HAL_PWR_EnableSEVOnPend                  0x080038a1   Thumb Code    14  stm32f1xx_hal_pwr.o(i.HAL_PWR_EnableSEVOnPend)
    HAL_PWR_EnableSleepOnExit                0x080038b5   Thumb Code    14  stm32f1xx_hal_pwr.o(i.HAL_PWR_EnableSleepOnExit)
    HAL_PWR_EnableWakeUpPin                  0x080038c9   Thumb Code    22  stm32f1xx_hal_pwr.o(i.HAL_PWR_EnableWakeUpPin)
    HAL_PWR_EnterSLEEPMode                   0x080038e5   Thumb Code    28  stm32f1xx_hal_pwr.o(i.HAL_PWR_EnterSLEEPMode)
    HAL_PWR_EnterSTANDBYMode                 0x08003905   Thumb Code    32  stm32f1xx_hal_pwr.o(i.HAL_PWR_EnterSTANDBYMode)
    HAL_PWR_EnterSTOPMode                    0x0800392d   Thumb Code    74  stm32f1xx_hal_pwr.o(i.HAL_PWR_EnterSTOPMode)
    HAL_PWR_PVDCallback                      0x08003981   Thumb Code     2  stm32f1xx_hal_pwr.o(i.HAL_PWR_PVDCallback)
    HAL_PWR_PVD_IRQHandler                   0x08003985   Thumb Code    26  stm32f1xx_hal_pwr.o(i.HAL_PWR_PVD_IRQHandler)
    HAL_RCCEx_GetPeriphCLKConfig             0x080039a5   Thumb Code    78  stm32f1xx_hal_rcc_ex.o(i.HAL_RCCEx_GetPeriphCLKConfig)
    HAL_RCCEx_GetPeriphCLKFreq               0x080039f9   Thumb Code   260  stm32f1xx_hal_rcc_ex.o(i.HAL_RCCEx_GetPeriphCLKFreq)
    HAL_RCCEx_PeriphCLKConfig                0x08003b11   Thumb Code   290  stm32f1xx_hal_rcc_ex.o(i.HAL_RCCEx_PeriphCLKConfig)
    HAL_RCC_CSSCallback                      0x08003c41   Thumb Code     2  stm32f1xx_hal_rcc.o(i.HAL_RCC_CSSCallback)
    HAL_RCC_ClockConfig                      0x08003c45   Thumb Code   376  stm32f1xx_hal_rcc.o(i.HAL_RCC_ClockConfig)
    HAL_RCC_DeInit                           0x08003dd1   Thumb Code   254  stm32f1xx_hal_rcc.o(i.HAL_RCC_DeInit)
    HAL_RCC_DisableCSS                       0x08003ee1   Thumb Code     8  stm32f1xx_hal_rcc.o(i.HAL_RCC_DisableCSS)
    HAL_RCC_EnableCSS                        0x08003eed   Thumb Code     8  stm32f1xx_hal_rcc.o(i.HAL_RCC_EnableCSS)
    HAL_RCC_GetClockConfig                   0x08003ef9   Thumb Code    58  stm32f1xx_hal_rcc.o(i.HAL_RCC_GetClockConfig)
    HAL_RCC_GetHCLKFreq                      0x08003f3d   Thumb Code     6  stm32f1xx_hal_rcc.o(i.HAL_RCC_GetHCLKFreq)
    HAL_RCC_GetOscConfig                     0x08003f49   Thumb Code   196  stm32f1xx_hal_rcc.o(i.HAL_RCC_GetOscConfig)
    HAL_RCC_GetPCLK1Freq                     0x08004011   Thumb Code    22  stm32f1xx_hal_rcc.o(i.HAL_RCC_GetPCLK1Freq)
    HAL_RCC_GetPCLK2Freq                     0x08004031   Thumb Code    22  stm32f1xx_hal_rcc.o(i.HAL_RCC_GetPCLK2Freq)
    HAL_RCC_GetSysClockFreq                  0x08004051   Thumb Code    92  stm32f1xx_hal_rcc.o(i.HAL_RCC_GetSysClockFreq)
    HAL_RCC_MCOConfig                        0x080040c1   Thumb Code    92  stm32f1xx_hal_rcc.o(i.HAL_RCC_MCOConfig)
    HAL_RCC_NMI_IRQHandler                   0x08004125   Thumb Code    26  stm32f1xx_hal_rcc.o(i.HAL_RCC_NMI_IRQHandler)
    HAL_RCC_OscConfig                        0x08004145   Thumb Code  1114  stm32f1xx_hal_rcc.o(i.HAL_RCC_OscConfig)
    HAL_ResumeTick                           0x080045a9   Thumb Code    18  stm32f1xx_hal.o(i.HAL_ResumeTick)
    HAL_SYSTICK_CLKSourceConfig              0x080045bb   Thumb Code    40  stm32f1xx_hal_cortex.o(i.HAL_SYSTICK_CLKSourceConfig)
    HAL_SYSTICK_Callback                     0x080045e3   Thumb Code     2  stm32f1xx_hal_cortex.o(i.HAL_SYSTICK_Callback)
    HAL_SYSTICK_Config                       0x080045e5   Thumb Code    52  stm32f1xx_hal_cortex.o(i.HAL_SYSTICK_Config)
    HAL_SYSTICK_IRQHandler                   0x08004619   Thumb Code     8  stm32f1xx_hal_cortex.o(i.HAL_SYSTICK_IRQHandler)
    HAL_SetTickFreq                          0x08004621   Thumb Code    40  stm32f1xx_hal.o(i.HAL_SetTickFreq)
    HAL_SuspendTick                          0x08004651   Thumb Code    18  stm32f1xx_hal.o(i.HAL_SuspendTick)
    HAL_UARTEx_GetRxEventType                0x08004663   Thumb Code     6  stm32f1xx_hal_uart.o(i.HAL_UARTEx_GetRxEventType)
    HAL_UARTEx_ReceiveToIdle                 0x08004669   Thumb Code   296  stm32f1xx_hal_uart.o(i.HAL_UARTEx_ReceiveToIdle)
    HAL_UARTEx_ReceiveToIdle_DMA             0x08004791   Thumb Code   112  stm32f1xx_hal_uart.o(i.HAL_UARTEx_ReceiveToIdle_DMA)
    HAL_UARTEx_ReceiveToIdle_IT              0x08004801   Thumb Code   114  stm32f1xx_hal_uart.o(i.HAL_UARTEx_ReceiveToIdle_IT)
    HAL_UARTEx_RxEventCallback               0x08004873   Thumb Code     2  stm32f1xx_hal_uart.o(i.HAL_UARTEx_RxEventCallback)
    HAL_UART_Abort                           0x08004875   Thumb Code   278  stm32f1xx_hal_uart.o(i.HAL_UART_Abort)
    HAL_UART_AbortCpltCallback               0x0800498b   Thumb Code     2  stm32f1xx_hal_uart.o(i.HAL_UART_AbortCpltCallback)
    HAL_UART_AbortReceive                    0x0800498d   Thumb Code   194  stm32f1xx_hal_uart.o(i.HAL_UART_AbortReceive)
    HAL_UART_AbortReceiveCpltCallback        0x08004a4f   Thumb Code     2  stm32f1xx_hal_uart.o(i.HAL_UART_AbortReceiveCpltCallback)
    HAL_UART_AbortReceive_IT                 0x08004a51   Thumb Code   212  stm32f1xx_hal_uart.o(i.HAL_UART_AbortReceive_IT)
    HAL_UART_AbortTransmit                   0x08004b29   Thumb Code   124  stm32f1xx_hal_uart.o(i.HAL_UART_AbortTransmit)
    HAL_UART_AbortTransmitCpltCallback       0x08004ba5   Thumb Code     2  stm32f1xx_hal_uart.o(i.HAL_UART_AbortTransmitCpltCallback)
    HAL_UART_AbortTransmit_IT                0x08004ba9   Thumb Code   138  stm32f1xx_hal_uart.o(i.HAL_UART_AbortTransmit_IT)
    HAL_UART_Abort_IT                        0x08004c39   Thumb Code   320  stm32f1xx_hal_uart.o(i.HAL_UART_Abort_IT)
    HAL_UART_DMAPause                        0x08004d81   Thumb Code   166  stm32f1xx_hal_uart.o(i.HAL_UART_DMAPause)
    HAL_UART_DMAResume                       0x08004e27   Thumb Code   170  stm32f1xx_hal_uart.o(i.HAL_UART_DMAResume)
    HAL_UART_DMAStop                         0x08004ed1   Thumb Code   138  stm32f1xx_hal_uart.o(i.HAL_UART_DMAStop)
    HAL_UART_DeInit                          0x08004f5b   Thumb Code    62  stm32f1xx_hal_uart.o(i.HAL_UART_DeInit)
    HAL_UART_ErrorCallback                   0x08004f99   Thumb Code     2  stm32f1xx_hal_uart.o(i.HAL_UART_ErrorCallback)
    HAL_UART_GetError                        0x08004f9b   Thumb Code     6  stm32f1xx_hal_uart.o(i.HAL_UART_GetError)
    HAL_UART_GetState                        0x08004fa1   Thumb Code    20  stm32f1xx_hal_uart.o(i.HAL_UART_GetState)
    HAL_UART_IRQHandler                      0x08004fb5   Thumb Code   736  stm32f1xx_hal_uart.o(i.HAL_UART_IRQHandler)
    HAL_UART_Init                            0x08005299   Thumb Code   118  stm32f1xx_hal_uart.o(i.HAL_UART_Init)
    HAL_UART_MspDeInit                       0x08005311   Thumb Code    36  usart.o(i.HAL_UART_MspDeInit)
    HAL_UART_MspInit                         0x08005345   Thumb Code   122  usart.o(i.HAL_UART_MspInit)
    HAL_UART_Receive                         0x080053cf   Thumb Code   194  stm32f1xx_hal_uart.o(i.HAL_UART_Receive)
    HAL_UART_Receive_DMA                     0x08005491   Thumb Code    44  stm32f1xx_hal_uart.o(i.HAL_UART_Receive_DMA)
    HAL_UART_Receive_IT                      0x080054bd   Thumb Code    44  stm32f1xx_hal_uart.o(i.HAL_UART_Receive_IT)
    HAL_UART_RxCpltCallback                  0x080054e9   Thumb Code     2  stm32f1xx_hal_uart.o(i.HAL_UART_RxCpltCallback)
    HAL_UART_RxHalfCpltCallback              0x080054eb   Thumb Code     2  stm32f1xx_hal_uart.o(i.HAL_UART_RxHalfCpltCallback)
    HAL_UART_Transmit                        0x080054ed   Thumb Code   190  stm32f1xx_hal_uart.o(i.HAL_UART_Transmit)
    HAL_UART_Transmit_DMA                    0x080055ad   Thumb Code   128  stm32f1xx_hal_uart.o(i.HAL_UART_Transmit_DMA)
    HAL_UART_Transmit_IT                     0x08005639   Thumb Code    56  stm32f1xx_hal_uart.o(i.HAL_UART_Transmit_IT)
    HAL_UART_TxCpltCallback                  0x08005671   Thumb Code     2  stm32f1xx_hal_uart.o(i.HAL_UART_TxCpltCallback)
    HAL_UART_TxHalfCpltCallback              0x08005673   Thumb Code     2  stm32f1xx_hal_uart.o(i.HAL_UART_TxHalfCpltCallback)
    HardFault_Handler                        0x08005675   Thumb Code     4  stm32f1xx_it.o(i.HardFault_Handler)
    MX_GPIO_Init                             0x08005679   Thumb Code    84  gpio.o(i.MX_GPIO_Init)
    MX_USART1_UART_Init                      0x080056d1   Thumb Code    46  usart.o(i.MX_USART1_UART_Init)
    MemManage_Handler                        0x08005709   Thumb Code     4  stm32f1xx_it.o(i.MemManage_Handler)
    NMI_Handler                              0x0800570d   Thumb Code     4  stm32f1xx_it.o(i.NMI_Handler)
    PendSV_Handler                           0x08005717   Thumb Code     2  stm32f1xx_it.o(i.PendSV_Handler)
    SVC_Handler                              0x08005741   Thumb Code     2  stm32f1xx_it.o(i.SVC_Handler)
    SysTick_Handler                          0x08005743   Thumb Code     8  stm32f1xx_it.o(i.SysTick_Handler)
    SystemClock_Config                       0x0800574b   Thumb Code   102  main.o(i.SystemClock_Config)
    SystemCoreClockUpdate                    0x080057b1   Thumb Code   142  system_stm32f1xx.o(i.SystemCoreClockUpdate)
    SystemInit                               0x08005855   Thumb Code     2  system_stm32f1xx.o(i.SystemInit)
    UART_Start_Receive_DMA                   0x08005d49   Thumb Code   186  stm32f1xx_hal_uart.o(i.UART_Start_Receive_DMA)
    UART_Start_Receive_IT                    0x08005e11   Thumb Code    64  stm32f1xx_hal_uart.o(i.UART_Start_Receive_IT)
    UsageFault_Handler                       0x08005f3d   Thumb Code     4  stm32f1xx_it.o(i.UsageFault_Handler)
    __0printf$8                              0x08005f41   Thumb Code    22  printf8.o(i.__0printf$8)
    __1printf$8                              0x08005f41   Thumb Code     0  printf8.o(i.__0printf$8)
    __2printf                                0x08005f41   Thumb Code     0  printf8.o(i.__0printf$8)
    __scatterload_copy                       0x08005f99   Thumb Code    14  handlers.o(i.__scatterload_copy)
    __scatterload_null                       0x08005fa7   Thumb Code     2  handlers.o(i.__scatterload_null)
    __scatterload_zeroinit                   0x08005fa9   Thumb Code    14  handlers.o(i.__scatterload_zeroinit)
    back_trace                               0x08006411   Thumb Code    62  unwind.o(i.back_trace)
    decode_prel31                            0x08006461   Thumb Code    10  unwind.o(i.decode_prel31)
    fputc                                    0x0800646d   Thumb Code    26  usart.o(i.fputc)
    free                                     0x0800648d   Thumb Code    76  malloc.o(i.free)
    main                                     0x080064dd   Thumb Code    40  main.o(i.main)
    malloc                                   0x08006505   Thumb Code    92  malloc.o(i.malloc)
    show_unwind_info                         0x080065bd   Thumb Code    84  unwind.o(i.show_unwind_info)
    test_a                                   0x08006689   Thumb Code    32  main.o(i.test_a)
    test_b                                   0x080066a9   Thumb Code    20  main.o(i.test_b)
    test_c                                   0x080066bd   Thumb Code    18  main.o(i.test_c)
    unwind_frame                             0x08006a1d   Thumb Code   328  unwind.o(i.unwind_frame)
    AHBPrescTable                            0x08006ca9   Data          16  system_stm32f1xx.o(.constdata)
    APBPrescTable                            0x08006cb9   Data           8  system_stm32f1xx.o(.constdata)
    Region$$Table$$Base                      0x08006d08   Number         0  anon$$obj.o(Region$$Table)
    Image$$ER_EXIDX$$Base                    0x08006d28   Number         0  anon$$obj.o ABSOLUTE
    Region$$Table$$Limit                     0x08006d28   Number         0  anon$$obj.o(Region$$Table)
    SHT$$ARM_EXIDX$$Base                     0x08006d28   Number         0  main.o(.ARM.exidx)
    Image$$ER_EXIDX$$Limit                   0x080071c0   Number         0  anon$$obj.o ABSOLUTE
    SHT$$ARM_EXIDX$$Limit                    0x080071c0   Number         0  unwind.o(.ARM.exidx)
    __start_unwind_idx                       0x20000000   Data           4  unwind.o(.data)
    __stop_unwind_idx                        0x20000004   Data           4  unwind.o(.data)
    uwTick                                   0x2000000c   Data           4  stm32f1xx_hal.o(.data)
    uwTickPrio                               0x20000010   Data           4  stm32f1xx_hal.o(.data)
    uwTickFreq                               0x20000014   Data           1  stm32f1xx_hal.o(.data)
    SystemCoreClock                          0x20000018   Data           4  system_stm32f1xx.o(.data)
    __stdout                                 0x2000001c   Data           4  stdout.o(.data)
    __microlib_freelist                      0x20000020   Data           4  mvars.o(.data)
    __microlib_freelist_initialised          0x20000024   Data           4  mvars.o(.data)
    huart1                                   0x20000028   Data          72  usart.o(.bss)
    pFlash                                   0x20000070   Data          32  stm32f1xx_hal_flash.o(.bss)
    __heap_base                              0x20000090   Data           0  startup_stm32f103xe.o(HEAP)
    __heap_limit                             0x20000290   Data           0  startup_stm32f103xe.o(HEAP)
    __initial_sp                             0x20000690   Data           0  startup_stm32f103xe.o(STACK)



==============================================================================

Memory Map of the image

  Image Entry point : 0x08000131

  Load Region LR_IROM1 (Base: 0x08000000, Size: 0x000071e8, Max: 0x00040000, ABSOLUTE)

    Execution Region ER_IROM1 (Exec base: 0x08000000, Load base: 0x08000000, Size: 0x00006d28, Max: 0x00040000, ABSOLUTE)

    Exec Addr    Load Addr    Size         Type   Attr      Idx    E Section Name        Object

    0x08000000   0x08000000   0x00000130   Data   RO            3    RESET               startup_stm32f103xe.o
    0x08000130   0x08000130   0x00000000   Code   RO         2222  * .ARM.Collect$$$$00000000  mc_w.l(entry.o)
    0x08000130   0x08000130   0x00000004   Code   RO         2493    .ARM.Collect$$$$00000001  mc_w.l(entry2.o)
    0x08000134   0x08000134   0x00000004   Code   RO         2496    .ARM.Collect$$$$00000004  mc_w.l(entry5.o)
    0x08000138   0x08000138   0x00000000   Code   RO         2498    .ARM.Collect$$$$00000008  mc_w.l(entry7b.o)
    0x08000138   0x08000138   0x00000000   Code   RO         2500    .ARM.Collect$$$$0000000A  mc_w.l(entry8b.o)
    0x08000138   0x08000138   0x00000008   Code   RO         2501    .ARM.Collect$$$$0000000B  mc_w.l(entry9a.o)
    0x08000140   0x08000140   0x00000004   Code   RO         2508    .ARM.Collect$$$$0000000E  mc_w.l(entry12b.o)
    0x08000144   0x08000144   0x00000000   Code   RO         2503    .ARM.Collect$$$$0000000F  mc_w.l(entry10a.o)
    0x08000144   0x08000144   0x00000000   Code   RO         2505    .ARM.Collect$$$$00000011  mc_w.l(entry11a.o)
    0x08000144   0x08000144   0x00000004   Code   RO         2494    .ARM.Collect$$$$00002712  mc_w.l(entry2.o)
    0x08000148   0x08000148   0x0000007c   Code   RO         2525    .emb_text           cpprt_w.l(unwinder.o)
    0x080001c4   0x080001c4   0x00000004   Code   RO         2530    .emb_text           cpprt_w.l(unwind_activity.o)
    0x080001c8   0x080001c8   0x00000004   Code   RO           10    .rev16_text         main.o
    0x080001cc   0x080001cc   0x00000004   Code   RO          169    .rev16_text         gpio.o
    0x080001d0   0x080001d0   0x00000004   Code   RO          197    .rev16_text         usart.o
    0x080001d4   0x080001d4   0x00000004   Code   RO          256    .rev16_text         stm32f1xx_it.o
    0x080001d8   0x080001d8   0x00000004   Code   RO          343    .rev16_text         stm32f1xx_hal_msp.o
    0x080001dc   0x080001dc   0x00000004   Code   RO          475    .rev16_text         stm32f1xx_hal_gpio_ex.o
    0x080001e0   0x080001e0   0x00000004   Code   RO          517    .rev16_text         stm32f1xx_hal_tim.o
    0x080001e4   0x080001e4   0x00000004   Code   RO          538    .rev16_text         stm32f1xx_hal_tim_ex.o
    0x080001e8   0x080001e8   0x00000004   Code   RO          559    .rev16_text         stm32f1xx_hal_uart.o
    0x080001ec   0x080001ec   0x00000004   Code   RO          997    .rev16_text         stm32f1xx_hal.o
    0x080001f0   0x080001f0   0x00000004   Code   RO         1199    .rev16_text         stm32f1xx_hal_rcc.o
    0x080001f4   0x080001f4   0x00000004   Code   RO         1325    .rev16_text         stm32f1xx_hal_rcc_ex.o
    0x080001f8   0x080001f8   0x00000004   Code   RO         1368    .rev16_text         stm32f1xx_hal_gpio.o
    0x080001fc   0x080001fc   0x00000004   Code   RO         1445    .rev16_text         stm32f1xx_hal_dma.o
    0x08000200   0x08000200   0x00000004   Code   RO         1556    .rev16_text         stm32f1xx_hal_cortex.o
    0x08000204   0x08000204   0x00000004   Code   RO         1699    .rev16_text         stm32f1xx_hal_pwr.o
    0x08000208   0x08000208   0x00000004   Code   RO         1845    .rev16_text         stm32f1xx_hal_flash.o
    0x0800020c   0x0800020c   0x00000004   Code   RO         1965    .rev16_text         stm32f1xx_hal_flash_ex.o
    0x08000210   0x08000210   0x00000004   Code   RO         2090    .rev16_text         stm32f1xx_hal_exti.o
    0x08000214   0x08000214   0x00000004   Code   RO         2174    .rev16_text         system_stm32f1xx.o
    0x08000218   0x08000218   0x00000004   Code   RO           11    .revsh_text         main.o
    0x0800021c   0x0800021c   0x00000004   Code   RO          170    .revsh_text         gpio.o
    0x08000220   0x08000220   0x00000004   Code   RO          198    .revsh_text         usart.o
    0x08000224   0x08000224   0x00000004   Code   RO          257    .revsh_text         stm32f1xx_it.o
    0x08000228   0x08000228   0x00000004   Code   RO          344    .revsh_text         stm32f1xx_hal_msp.o
    0x0800022c   0x0800022c   0x00000004   Code   RO          476    .revsh_text         stm32f1xx_hal_gpio_ex.o
    0x08000230   0x08000230   0x00000004   Code   RO          518    .revsh_text         stm32f1xx_hal_tim.o
    0x08000234   0x08000234   0x00000004   Code   RO          539    .revsh_text         stm32f1xx_hal_tim_ex.o
    0x08000238   0x08000238   0x00000004   Code   RO          560    .revsh_text         stm32f1xx_hal_uart.o
    0x0800023c   0x0800023c   0x00000004   Code   RO          998    .revsh_text         stm32f1xx_hal.o
    0x08000240   0x08000240   0x00000004   Code   RO         1200    .revsh_text         stm32f1xx_hal_rcc.o
    0x08000244   0x08000244   0x00000004   Code   RO         1326    .revsh_text         stm32f1xx_hal_rcc_ex.o
    0x08000248   0x08000248   0x00000004   Code   RO         1369    .revsh_text         stm32f1xx_hal_gpio.o
    0x0800024c   0x0800024c   0x00000004   Code   RO         1446    .revsh_text         stm32f1xx_hal_dma.o
    0x08000250   0x08000250   0x00000004   Code   RO         1557    .revsh_text         stm32f1xx_hal_cortex.o
    0x08000254   0x08000254   0x00000004   Code   RO         1700    .revsh_text         stm32f1xx_hal_pwr.o
    0x08000258   0x08000258   0x00000004   Code   RO         1846    .revsh_text         stm32f1xx_hal_flash.o
    0x0800025c   0x0800025c   0x00000004   Code   RO         1966    .revsh_text         stm32f1xx_hal_flash_ex.o
    0x08000260   0x08000260   0x00000004   Code   RO         2091    .revsh_text         stm32f1xx_hal_exti.o
    0x08000264   0x08000264   0x00000004   Code   RO         2175    .revsh_text         system_stm32f1xx.o
    0x08000268   0x08000268   0x00000006   Code   RO           12    .rrx_text           main.o
    0x0800026e   0x0800026e   0x00000002   PAD
    0x08000270   0x08000270   0x00000006   Code   RO          171    .rrx_text           gpio.o
    0x08000276   0x08000276   0x00000002   PAD
    0x08000278   0x08000278   0x00000006   Code   RO          199    .rrx_text           usart.o
    0x0800027e   0x0800027e   0x00000002   PAD
    0x08000280   0x08000280   0x00000006   Code   RO          258    .rrx_text           stm32f1xx_it.o
    0x08000286   0x08000286   0x00000002   PAD
    0x08000288   0x08000288   0x00000006   Code   RO          345    .rrx_text           stm32f1xx_hal_msp.o
    0x0800028e   0x0800028e   0x00000002   PAD
    0x08000290   0x08000290   0x00000006   Code   RO          477    .rrx_text           stm32f1xx_hal_gpio_ex.o
    0x08000296   0x08000296   0x00000002   PAD
    0x08000298   0x08000298   0x00000006   Code   RO          519    .rrx_text           stm32f1xx_hal_tim.o
    0x0800029e   0x0800029e   0x00000002   PAD
    0x080002a0   0x080002a0   0x00000006   Code   RO          540    .rrx_text           stm32f1xx_hal_tim_ex.o
    0x080002a6   0x080002a6   0x00000002   PAD
    0x080002a8   0x080002a8   0x00000006   Code   RO          561    .rrx_text           stm32f1xx_hal_uart.o
    0x080002ae   0x080002ae   0x00000002   PAD
    0x080002b0   0x080002b0   0x00000006   Code   RO          999    .rrx_text           stm32f1xx_hal.o
    0x080002b6   0x080002b6   0x00000002   PAD
    0x080002b8   0x080002b8   0x00000006   Code   RO         1201    .rrx_text           stm32f1xx_hal_rcc.o
    0x080002be   0x080002be   0x00000002   PAD
    0x080002c0   0x080002c0   0x00000006   Code   RO         1327    .rrx_text           stm32f1xx_hal_rcc_ex.o
    0x080002c6   0x080002c6   0x00000002   PAD
    0x080002c8   0x080002c8   0x00000006   Code   RO         1370    .rrx_text           stm32f1xx_hal_gpio.o
    0x080002ce   0x080002ce   0x00000002   PAD
    0x080002d0   0x080002d0   0x00000006   Code   RO         1447    .rrx_text           stm32f1xx_hal_dma.o
    0x080002d6   0x080002d6   0x00000002   PAD
    0x080002d8   0x080002d8   0x00000006   Code   RO         1558    .rrx_text           stm32f1xx_hal_cortex.o
    0x080002de   0x080002de   0x00000002   PAD
    0x080002e0   0x080002e0   0x00000006   Code   RO         1701    .rrx_text           stm32f1xx_hal_pwr.o
    0x080002e6   0x080002e6   0x00000002   PAD
    0x080002e8   0x080002e8   0x00000006   Code   RO         1847    .rrx_text           stm32f1xx_hal_flash.o
    0x080002ee   0x080002ee   0x00000002   PAD
    0x080002f0   0x080002f0   0x00000006   Code   RO         1967    .rrx_text           stm32f1xx_hal_flash_ex.o
    0x080002f6   0x080002f6   0x00000002   PAD
    0x080002f8   0x080002f8   0x00000006   Code   RO         2092    .rrx_text           stm32f1xx_hal_exti.o
    0x080002fe   0x080002fe   0x00000002   PAD
    0x08000300   0x08000300   0x00000006   Code   RO         2176    .rrx_text           system_stm32f1xx.o
    0x08000306   0x08000306   0x00000002   PAD
    0x08000308   0x08000308   0x00000024   Code   RO            4    .text               startup_stm32f103xe.o
    0x0800032c   0x0800032c   0x00000006   Code   RO         2216    .text               cpprt_w.l(unwind_pr1.o)
    0x08000332   0x08000332   0x00000006   Code   RO         2219    .text               cpprt_w.l(unwind_pr0.o)
    0x08000338   0x08000338   0x00000020   Code   RO         2225    .text               mc_w.l(llushr.o)
    0x08000358   0x08000358   0x00000024   Code   RO         2227    .text               mc_w.l(memseta.o)
    0x0800037c   0x0800037c   0x000005f4   Code   RO         2490    .text               cpprt_w.l(unwind_prcommon.o)
    0x08000970   0x08000970   0x00000062   Code   RO         2512    .text               mc_w.l(uldiv.o)
    0x080009d2   0x080009d2   0x00000002   PAD
    0x080009d4   0x080009d4   0x000003cc   Code   RO         2526    .text               cpprt_w.l(unwinder.o)
    0x08000da0   0x08000da0   0x00000024   Code   RO         2532    .text               mc_w.l(init.o)
    0x08000dc4   0x08000dc4   0x0000001e   Code   RO         2534    .text               mc_w.l(llshl.o)
    0x08000de2   0x08000de2   0x00000046   Code   RO         2540    .text               mc_w.l(bsearch.o)
    0x08000e28   0x08000e28   0x00000024   Code   RO         2544    .text               mc_w.l(memcpya.o)
    0x08000e4c   0x08000e4c   0x00000004   Code   RO          262    i.BusFault_Handler  stm32f1xx_it.o
    0x08000e50   0x08000e50   0x0000002c   Code   RO         1451    i.DMA_SetConfig     stm32f1xx_hal_dma.o
    0x08000e7c   0x08000e7c   0x00000002   Code   RO          263    i.DebugMon_Handler  stm32f1xx_it.o
    0x08000e7e   0x08000e7e   0x00000006   Code   RO           16    i.Error_Handler     main.o
    0x08000e84   0x08000e84   0x00000028   Code   RO         1971    i.FLASH_MassErase   stm32f1xx_hal_flash_ex.o
    0x08000eac   0x08000eac   0x000000e8   Code   RO         1972    i.FLASH_OB_DisableWRP  stm32f1xx_hal_flash_ex.o
    0x08000f94   0x08000f94   0x000000ec   Code   RO         1973    i.FLASH_OB_EnableWRP  stm32f1xx_hal_flash_ex.o
    0x08001080   0x08001080   0x0000001c   Code   RO         1974    i.FLASH_OB_GetRDP   stm32f1xx_hal_flash_ex.o
    0x0800109c   0x0800109c   0x00000010   Code   RO         1975    i.FLASH_OB_GetUser  stm32f1xx_hal_flash_ex.o
    0x080010ac   0x080010ac   0x0000000c   Code   RO         1976    i.FLASH_OB_GetWRP   stm32f1xx_hal_flash_ex.o
    0x080010b8   0x080010b8   0x0000004c   Code   RO         1977    i.FLASH_OB_ProgramData  stm32f1xx_hal_flash_ex.o
    0x08001104   0x08001104   0x0000007c   Code   RO         1978    i.FLASH_OB_RDP_LevelConfig  stm32f1xx_hal_flash_ex.o
    0x08001180   0x08001180   0x00000054   Code   RO         1979    i.FLASH_OB_UserConfig  stm32f1xx_hal_flash_ex.o
    0x080011d4   0x080011d4   0x00000028   Code   RO         1980    i.FLASH_PageErase   stm32f1xx_hal_flash_ex.o
    0x080011fc   0x080011fc   0x00000020   Code   RO         1851    i.FLASH_Program_HalfWord  stm32f1xx_hal_flash.o
    0x0800121c   0x0800121c   0x00000084   Code   RO         1852    i.FLASH_SetErrorCode  stm32f1xx_hal_flash.o
    0x080012a0   0x080012a0   0x00000070   Code   RO         1853    i.FLASH_WaitForLastOperation  stm32f1xx_hal_flash.o
    0x08001310   0x08001310   0x00000014   Code   RO         1003    i.HAL_DBGMCU_DisableDBGSleepMode  stm32f1xx_hal.o
    0x08001324   0x08001324   0x00000014   Code   RO         1004    i.HAL_DBGMCU_DisableDBGStandbyMode  stm32f1xx_hal.o
    0x08001338   0x08001338   0x00000014   Code   RO         1005    i.HAL_DBGMCU_DisableDBGStopMode  stm32f1xx_hal.o
    0x0800134c   0x0800134c   0x00000014   Code   RO         1006    i.HAL_DBGMCU_EnableDBGSleepMode  stm32f1xx_hal.o
    0x08001360   0x08001360   0x00000014   Code   RO         1007    i.HAL_DBGMCU_EnableDBGStandbyMode  stm32f1xx_hal.o
    0x08001374   0x08001374   0x00000014   Code   RO         1008    i.HAL_DBGMCU_EnableDBGStopMode  stm32f1xx_hal.o
    0x08001388   0x08001388   0x00000056   Code   RO         1452    i.HAL_DMA_Abort     stm32f1xx_hal_dma.o
    0x080013de   0x080013de   0x00000002   PAD
    0x080013e0   0x080013e0   0x000001a8   Code   RO         1453    i.HAL_DMA_Abort_IT  stm32f1xx_hal_dma.o
    0x08001588   0x08001588   0x0000008c   Code   RO         1454    i.HAL_DMA_DeInit    stm32f1xx_hal_dma.o
    0x08001614   0x08001614   0x00000006   Code   RO         1455    i.HAL_DMA_GetError  stm32f1xx_hal_dma.o
    0x0800161a   0x0800161a   0x00000008   Code   RO         1456    i.HAL_DMA_GetState  stm32f1xx_hal_dma.o
    0x08001622   0x08001622   0x00000002   PAD
    0x08001624   0x08001624   0x00000398   Code   RO         1457    i.HAL_DMA_IRQHandler  stm32f1xx_hal_dma.o
    0x080019bc   0x080019bc   0x0000008c   Code   RO         1458    i.HAL_DMA_Init      stm32f1xx_hal_dma.o
    0x08001a48   0x08001a48   0x00000654   Code   RO         1459    i.HAL_DMA_PollForTransfer  stm32f1xx_hal_dma.o
    0x0800209c   0x0800209c   0x0000005a   Code   RO         1460    i.HAL_DMA_RegisterCallback  stm32f1xx_hal_dma.o
    0x080020f6   0x080020f6   0x00000072   Code   RO         1461    i.HAL_DMA_Start     stm32f1xx_hal_dma.o
    0x08002168   0x08002168   0x0000009c   Code   RO         1462    i.HAL_DMA_Start_IT  stm32f1xx_hal_dma.o
    0x08002204   0x08002204   0x0000006a   Code   RO         1463    i.HAL_DMA_UnRegisterCallback  stm32f1xx_hal_dma.o
    0x0800226e   0x0800226e   0x00000002   PAD
    0x08002270   0x08002270   0x00000024   Code   RO         1009    i.HAL_DeInit        stm32f1xx_hal.o
    0x08002294   0x08002294   0x00000028   Code   RO         1010    i.HAL_Delay         stm32f1xx_hal.o
    0x080022bc   0x080022bc   0x00000078   Code   RO         2096    i.HAL_EXTI_ClearConfigLine  stm32f1xx_hal_exti.o
    0x08002334   0x08002334   0x0000001c   Code   RO         2097    i.HAL_EXTI_ClearPending  stm32f1xx_hal_exti.o
    0x08002350   0x08002350   0x00000018   Code   RO         2098    i.HAL_EXTI_GenerateSWI  stm32f1xx_hal_exti.o
    0x08002368   0x08002368   0x0000009c   Code   RO         2099    i.HAL_EXTI_GetConfigLine  stm32f1xx_hal_exti.o
    0x08002404   0x08002404   0x0000000e   Code   RO         2100    i.HAL_EXTI_GetHandle  stm32f1xx_hal_exti.o
    0x08002412   0x08002412   0x00000002   PAD
    0x08002414   0x08002414   0x00000024   Code   RO         2101    i.HAL_EXTI_GetPending  stm32f1xx_hal_exti.o
    0x08002438   0x08002438   0x0000002c   Code   RO         2102    i.HAL_EXTI_IRQHandler  stm32f1xx_hal_exti.o
    0x08002464   0x08002464   0x00000014   Code   RO         2103    i.HAL_EXTI_RegisterCallback  stm32f1xx_hal_exti.o
    0x08002478   0x08002478   0x000000f0   Code   RO         2104    i.HAL_EXTI_SetConfigLine  stm32f1xx_hal_exti.o
    0x08002568   0x08002568   0x000000b0   Code   RO         1981    i.HAL_FLASHEx_Erase  stm32f1xx_hal_flash_ex.o
    0x08002618   0x08002618   0x00000050   Code   RO         1982    i.HAL_FLASHEx_Erase_IT  stm32f1xx_hal_flash_ex.o
    0x08002668   0x08002668   0x00000060   Code   RO         1983    i.HAL_FLASHEx_OBErase  stm32f1xx_hal_flash_ex.o
    0x080026c8   0x080026c8   0x0000001c   Code   RO         1984    i.HAL_FLASHEx_OBGetConfig  stm32f1xx_hal_flash_ex.o
    0x080026e4   0x080026e4   0x00000028   Code   RO         1985    i.HAL_FLASHEx_OBGetUserData  stm32f1xx_hal_flash_ex.o
    0x0800270c   0x0800270c   0x000000c8   Code   RO         1986    i.HAL_FLASHEx_OBProgram  stm32f1xx_hal_flash_ex.o
    0x080027d4   0x080027d4   0x00000002   Code   RO         1854    i.HAL_FLASH_EndOfOperationCallback  stm32f1xx_hal_flash.o
    0x080027d6   0x080027d6   0x00000002   PAD
    0x080027d8   0x080027d8   0x0000000c   Code   RO         1855    i.HAL_FLASH_GetError  stm32f1xx_hal_flash.o
    0x080027e4   0x080027e4   0x00000178   Code   RO         1856    i.HAL_FLASH_IRQHandler  stm32f1xx_hal_flash.o
    0x0800295c   0x0800295c   0x00000014   Code   RO         1857    i.HAL_FLASH_Lock    stm32f1xx_hal_flash.o
    0x08002970   0x08002970   0x00000008   Code   RO         1858    i.HAL_FLASH_OB_Launch  stm32f1xx_hal_flash.o
    0x08002978   0x08002978   0x00000014   Code   RO         1859    i.HAL_FLASH_OB_Lock  stm32f1xx_hal_flash.o
    0x0800298c   0x0800298c   0x0000002c   Code   RO         1860    i.HAL_FLASH_OB_Unlock  stm32f1xx_hal_flash.o
    0x080029b8   0x080029b8   0x00000002   Code   RO         1861    i.HAL_FLASH_OperationErrorCallback  stm32f1xx_hal_flash.o
    0x080029ba   0x080029ba   0x00000002   PAD
    0x080029bc   0x080029bc   0x000000b0   Code   RO         1862    i.HAL_FLASH_Program  stm32f1xx_hal_flash.o
    0x08002a6c   0x08002a6c   0x00000064   Code   RO         1863    i.HAL_FLASH_Program_IT  stm32f1xx_hal_flash.o
    0x08002ad0   0x08002ad0   0x00000030   Code   RO         1864    i.HAL_FLASH_Unlock  stm32f1xx_hal_flash.o
    0x08002b00   0x08002b00   0x00000018   Code   RO          481    i.HAL_GPIOEx_ConfigEventout  stm32f1xx_hal_gpio_ex.o
    0x08002b18   0x08002b18   0x00000014   Code   RO          482    i.HAL_GPIOEx_DisableEventout  stm32f1xx_hal_gpio_ex.o
    0x08002b2c   0x08002b2c   0x00000014   Code   RO          483    i.HAL_GPIOEx_EnableEventout  stm32f1xx_hal_gpio_ex.o
    0x08002b40   0x08002b40   0x00000154   Code   RO         1374    i.HAL_GPIO_DeInit   stm32f1xx_hal_gpio.o
    0x08002c94   0x08002c94   0x00000002   Code   RO         1375    i.HAL_GPIO_EXTI_Callback  stm32f1xx_hal_gpio.o
    0x08002c96   0x08002c96   0x00000002   PAD
    0x08002c98   0x08002c98   0x0000001c   Code   RO         1376    i.HAL_GPIO_EXTI_IRQHandler  stm32f1xx_hal_gpio.o
    0x08002cb4   0x08002cb4   0x00000340   Code   RO         1377    i.HAL_GPIO_Init     stm32f1xx_hal_gpio.o
    0x08002ff4   0x08002ff4   0x0000002e   Code   RO         1378    i.HAL_GPIO_LockPin  stm32f1xx_hal_gpio.o
    0x08003022   0x08003022   0x00000010   Code   RO         1379    i.HAL_GPIO_ReadPin  stm32f1xx_hal_gpio.o
    0x08003032   0x08003032   0x00000014   Code   RO         1380    i.HAL_GPIO_TogglePin  stm32f1xx_hal_gpio.o
    0x08003046   0x08003046   0x0000000c   Code   RO         1381    i.HAL_GPIO_WritePin  stm32f1xx_hal_gpio.o
    0x08003052   0x08003052   0x00000002   PAD
    0x08003054   0x08003054   0x00000010   Code   RO         1011    i.HAL_GetDEVID      stm32f1xx_hal.o
    0x08003064   0x08003064   0x00000008   Code   RO         1012    i.HAL_GetHalVersion  stm32f1xx_hal.o
    0x0800306c   0x0800306c   0x0000000c   Code   RO         1013    i.HAL_GetREVID      stm32f1xx_hal.o
    0x08003078   0x08003078   0x0000000c   Code   RO         1014    i.HAL_GetTick       stm32f1xx_hal.o
    0x08003084   0x08003084   0x0000000c   Code   RO         1015    i.HAL_GetTickFreq   stm32f1xx_hal.o
    0x08003090   0x08003090   0x0000000c   Code   RO         1016    i.HAL_GetTickPrio   stm32f1xx_hal.o
    0x0800309c   0x0800309c   0x0000000c   Code   RO         1017    i.HAL_GetUIDw0      stm32f1xx_hal.o
    0x080030a8   0x080030a8   0x0000000c   Code   RO         1018    i.HAL_GetUIDw1      stm32f1xx_hal.o
    0x080030b4   0x080030b4   0x0000000c   Code   RO         1019    i.HAL_GetUIDw2      stm32f1xx_hal.o
    0x080030c0   0x080030c0   0x00000044   Code   RO          565    i.HAL_HalfDuplex_EnableReceiver  stm32f1xx_hal_uart.o
    0x08003104   0x08003104   0x00000044   Code   RO          566    i.HAL_HalfDuplex_EnableTransmitter  stm32f1xx_hal_uart.o
    0x08003148   0x08003148   0x0000007a   Code   RO          567    i.HAL_HalfDuplex_Init  stm32f1xx_hal_uart.o
    0x080031c2   0x080031c2   0x00000002   PAD
    0x080031c4   0x080031c4   0x00000018   Code   RO         1020    i.HAL_IncTick       stm32f1xx_hal.o
    0x080031dc   0x080031dc   0x00000028   Code   RO         1021    i.HAL_Init          stm32f1xx_hal.o
    0x08003204   0x08003204   0x0000004c   Code   RO         1022    i.HAL_InitTick      stm32f1xx_hal.o
    0x08003250   0x08003250   0x00000092   Code   RO          568    i.HAL_LIN_Init      stm32f1xx_hal_uart.o
    0x080032e2   0x080032e2   0x00000050   Code   RO          569    i.HAL_LIN_SendBreak  stm32f1xx_hal_uart.o
    0x08003332   0x08003332   0x00000002   Code   RO         1023    i.HAL_MspDeInit     stm32f1xx_hal.o
    0x08003334   0x08003334   0x00000054   Code   RO          349    i.HAL_MspInit       stm32f1xx_hal_msp.o
    0x08003388   0x08003388   0x00000002   Code   RO         1024    i.HAL_MspInit       stm32f1xx_hal.o
    0x0800338a   0x0800338a   0x00000052   Code   RO          570    i.HAL_MultiProcessor_EnterMuteMode  stm32f1xx_hal_uart.o
    0x080033dc   0x080033dc   0x00000052   Code   RO          571    i.HAL_MultiProcessor_ExitMuteMode  stm32f1xx_hal_uart.o
    0x0800342e   0x0800342e   0x0000009e   Code   RO          572    i.HAL_MultiProcessor_Init  stm32f1xx_hal_uart.o
    0x080034cc   0x080034cc   0x00000024   Code   RO         1562    i.HAL_NVIC_ClearPendingIRQ  stm32f1xx_hal_cortex.o
    0x080034f0   0x080034f0   0x00000044   Code   RO         1563    i.HAL_NVIC_DisableIRQ  stm32f1xx_hal_cortex.o
    0x08003534   0x08003534   0x00000020   Code   RO         1564    i.HAL_NVIC_EnableIRQ  stm32f1xx_hal_cortex.o
    0x08003554   0x08003554   0x00000030   Code   RO         1565    i.HAL_NVIC_GetActive  stm32f1xx_hal_cortex.o
    0x08003584   0x08003584   0x00000030   Code   RO         1566    i.HAL_NVIC_GetPendingIRQ  stm32f1xx_hal_cortex.o
    0x080035b4   0x080035b4   0x00000094   Code   RO         1567    i.HAL_NVIC_GetPriority  stm32f1xx_hal_cortex.o
    0x08003648   0x08003648   0x00000008   Code   RO         1568    i.HAL_NVIC_GetPriorityGrouping  stm32f1xx_hal_cortex.o
    0x08003650   0x08003650   0x00000024   Code   RO         1569    i.HAL_NVIC_SetPendingIRQ  stm32f1xx_hal_cortex.o
    0x08003674   0x08003674   0x0000007c   Code   RO         1570    i.HAL_NVIC_SetPriority  stm32f1xx_hal_cortex.o
    0x080036f0   0x080036f0   0x00000028   Code   RO         1571    i.HAL_NVIC_SetPriorityGrouping  stm32f1xx_hal_cortex.o
    0x08003718   0x08003718   0x00000044   Code   RO         1572    i.HAL_NVIC_SystemReset  stm32f1xx_hal_cortex.o
    0x0800375c   0x0800375c   0x000000b4   Code   RO         1705    i.HAL_PWR_ConfigPVD  stm32f1xx_hal_pwr.o
    0x08003810   0x08003810   0x0000001c   Code   RO         1706    i.HAL_PWR_DeInit    stm32f1xx_hal_pwr.o
    0x0800382c   0x0800382c   0x0000000c   Code   RO         1707    i.HAL_PWR_DisableBkUpAccess  stm32f1xx_hal_pwr.o
    0x08003838   0x08003838   0x0000000c   Code   RO         1708    i.HAL_PWR_DisablePVD  stm32f1xx_hal_pwr.o
    0x08003844   0x08003844   0x00000014   Code   RO         1709    i.HAL_PWR_DisableSEVOnPend  stm32f1xx_hal_pwr.o
    0x08003858   0x08003858   0x00000014   Code   RO         1710    i.HAL_PWR_DisableSleepOnExit  stm32f1xx_hal_pwr.o
    0x0800386c   0x0800386c   0x0000001c   Code   RO         1711    i.HAL_PWR_DisableWakeUpPin  stm32f1xx_hal_pwr.o
    0x08003888   0x08003888   0x0000000c   Code   RO         1712    i.HAL_PWR_EnableBkUpAccess  stm32f1xx_hal_pwr.o
    0x08003894   0x08003894   0x0000000c   Code   RO         1713    i.HAL_PWR_EnablePVD  stm32f1xx_hal_pwr.o
    0x080038a0   0x080038a0   0x00000014   Code   RO         1714    i.HAL_PWR_EnableSEVOnPend  stm32f1xx_hal_pwr.o
    0x080038b4   0x080038b4   0x00000014   Code   RO         1715    i.HAL_PWR_EnableSleepOnExit  stm32f1xx_hal_pwr.o
    0x080038c8   0x080038c8   0x0000001c   Code   RO         1716    i.HAL_PWR_EnableWakeUpPin  stm32f1xx_hal_pwr.o
    0x080038e4   0x080038e4   0x00000020   Code   RO         1717    i.HAL_PWR_EnterSLEEPMode  stm32f1xx_hal_pwr.o
    0x08003904   0x08003904   0x00000028   Code   RO         1718    i.HAL_PWR_EnterSTANDBYMode  stm32f1xx_hal_pwr.o
    0x0800392c   0x0800392c   0x00000054   Code   RO         1719    i.HAL_PWR_EnterSTOPMode  stm32f1xx_hal_pwr.o
    0x08003980   0x08003980   0x00000002   Code   RO         1720    i.HAL_PWR_PVDCallback  stm32f1xx_hal_pwr.o
    0x08003982   0x08003982   0x00000002   PAD
    0x08003984   0x08003984   0x00000020   Code   RO         1721    i.HAL_PWR_PVD_IRQHandler  stm32f1xx_hal_pwr.o
    0x080039a4   0x080039a4   0x00000054   Code   RO         1331    i.HAL_RCCEx_GetPeriphCLKConfig  stm32f1xx_hal_rcc_ex.o
    0x080039f8   0x080039f8   0x00000118   Code   RO         1332    i.HAL_RCCEx_GetPeriphCLKFreq  stm32f1xx_hal_rcc_ex.o
    0x08003b10   0x08003b10   0x00000130   Code   RO         1333    i.HAL_RCCEx_PeriphCLKConfig  stm32f1xx_hal_rcc_ex.o
    0x08003c40   0x08003c40   0x00000002   Code   RO         1205    i.HAL_RCC_CSSCallback  stm32f1xx_hal_rcc.o
    0x08003c42   0x08003c42   0x00000002   PAD
    0x08003c44   0x08003c44   0x0000018c   Code   RO         1206    i.HAL_RCC_ClockConfig  stm32f1xx_hal_rcc.o
    0x08003dd0   0x08003dd0   0x00000110   Code   RO         1207    i.HAL_RCC_DeInit    stm32f1xx_hal_rcc.o
    0x08003ee0   0x08003ee0   0x0000000c   Code   RO         1208    i.HAL_RCC_DisableCSS  stm32f1xx_hal_rcc.o
    0x08003eec   0x08003eec   0x0000000c   Code   RO         1209    i.HAL_RCC_EnableCSS  stm32f1xx_hal_rcc.o
    0x08003ef8   0x08003ef8   0x00000044   Code   RO         1210    i.HAL_RCC_GetClockConfig  stm32f1xx_hal_rcc.o
    0x08003f3c   0x08003f3c   0x0000000c   Code   RO         1211    i.HAL_RCC_GetHCLKFreq  stm32f1xx_hal_rcc.o
    0x08003f48   0x08003f48   0x000000c8   Code   RO         1212    i.HAL_RCC_GetOscConfig  stm32f1xx_hal_rcc.o
    0x08004010   0x08004010   0x00000020   Code   RO         1213    i.HAL_RCC_GetPCLK1Freq  stm32f1xx_hal_rcc.o
    0x08004030   0x08004030   0x00000020   Code   RO         1214    i.HAL_RCC_GetPCLK2Freq  stm32f1xx_hal_rcc.o
    0x08004050   0x08004050   0x00000070   Code   RO         1215    i.HAL_RCC_GetSysClockFreq  stm32f1xx_hal_rcc.o
    0x080040c0   0x080040c0   0x00000064   Code   RO         1216    i.HAL_RCC_MCOConfig  stm32f1xx_hal_rcc.o
    0x08004124   0x08004124   0x00000020   Code   RO         1217    i.HAL_RCC_NMI_IRQHandler  stm32f1xx_hal_rcc.o
    0x08004144   0x08004144   0x00000464   Code   RO         1218    i.HAL_RCC_OscConfig  stm32f1xx_hal_rcc.o
    0x080045a8   0x080045a8   0x00000012   Code   RO         1025    i.HAL_ResumeTick    stm32f1xx_hal.o
    0x080045ba   0x080045ba   0x00000028   Code   RO         1573    i.HAL_SYSTICK_CLKSourceConfig  stm32f1xx_hal_cortex.o
    0x080045e2   0x080045e2   0x00000002   Code   RO         1574    i.HAL_SYSTICK_Callback  stm32f1xx_hal_cortex.o
    0x080045e4   0x080045e4   0x00000034   Code   RO         1575    i.HAL_SYSTICK_Config  stm32f1xx_hal_cortex.o
    0x08004618   0x08004618   0x00000008   Code   RO         1576    i.HAL_SYSTICK_IRQHandler  stm32f1xx_hal_cortex.o
    0x08004620   0x08004620   0x00000030   Code   RO         1026    i.HAL_SetTickFreq   stm32f1xx_hal.o
    0x08004650   0x08004650   0x00000012   Code   RO         1027    i.HAL_SuspendTick   stm32f1xx_hal.o
    0x08004662   0x08004662   0x00000006   Code   RO          573    i.HAL_UARTEx_GetRxEventType  stm32f1xx_hal_uart.o
    0x08004668   0x08004668   0x00000128   Code   RO          574    i.HAL_UARTEx_ReceiveToIdle  stm32f1xx_hal_uart.o
    0x08004790   0x08004790   0x00000070   Code   RO          575    i.HAL_UARTEx_ReceiveToIdle_DMA  stm32f1xx_hal_uart.o
    0x08004800   0x08004800   0x00000072   Code   RO          576    i.HAL_UARTEx_ReceiveToIdle_IT  stm32f1xx_hal_uart.o
    0x08004872   0x08004872   0x00000002   Code   RO          577    i.HAL_UARTEx_RxEventCallback  stm32f1xx_hal_uart.o
    0x08004874   0x08004874   0x00000116   Code   RO          578    i.HAL_UART_Abort    stm32f1xx_hal_uart.o
    0x0800498a   0x0800498a   0x00000002   Code   RO          579    i.HAL_UART_AbortCpltCallback  stm32f1xx_hal_uart.o
    0x0800498c   0x0800498c   0x000000c2   Code   RO          580    i.HAL_UART_AbortReceive  stm32f1xx_hal_uart.o
    0x08004a4e   0x08004a4e   0x00000002   Code   RO          581    i.HAL_UART_AbortReceiveCpltCallback  stm32f1xx_hal_uart.o
    0x08004a50   0x08004a50   0x000000d8   Code   RO          582    i.HAL_UART_AbortReceive_IT  stm32f1xx_hal_uart.o
    0x08004b28   0x08004b28   0x0000007c   Code   RO          583    i.HAL_UART_AbortTransmit  stm32f1xx_hal_uart.o
    0x08004ba4   0x08004ba4   0x00000002   Code   RO          584    i.HAL_UART_AbortTransmitCpltCallback  stm32f1xx_hal_uart.o
    0x08004ba6   0x08004ba6   0x00000002   PAD
    0x08004ba8   0x08004ba8   0x00000090   Code   RO          585    i.HAL_UART_AbortTransmit_IT  stm32f1xx_hal_uart.o
    0x08004c38   0x08004c38   0x00000148   Code   RO          586    i.HAL_UART_Abort_IT  stm32f1xx_hal_uart.o
    0x08004d80   0x08004d80   0x000000a6   Code   RO          587    i.HAL_UART_DMAPause  stm32f1xx_hal_uart.o
    0x08004e26   0x08004e26   0x000000aa   Code   RO          588    i.HAL_UART_DMAResume  stm32f1xx_hal_uart.o
    0x08004ed0   0x08004ed0   0x0000008a   Code   RO          589    i.HAL_UART_DMAStop  stm32f1xx_hal_uart.o
    0x08004f5a   0x08004f5a   0x0000003e   Code   RO          590    i.HAL_UART_DeInit   stm32f1xx_hal_uart.o
    0x08004f98   0x08004f98   0x00000002   Code   RO          591    i.HAL_UART_ErrorCallback  stm32f1xx_hal_uart.o
    0x08004f9a   0x08004f9a   0x00000006   Code   RO          592    i.HAL_UART_GetError  stm32f1xx_hal_uart.o
    0x08004fa0   0x08004fa0   0x00000014   Code   RO          593    i.HAL_UART_GetState  stm32f1xx_hal_uart.o
    0x08004fb4   0x08004fb4   0x000002e4   Code   RO          594    i.HAL_UART_IRQHandler  stm32f1xx_hal_uart.o
    0x08005298   0x08005298   0x00000076   Code   RO          595    i.HAL_UART_Init     stm32f1xx_hal_uart.o
    0x0800530e   0x0800530e   0x00000002   PAD
    0x08005310   0x08005310   0x00000030   Code   RO          203    i.HAL_UART_MspDeInit  usart.o
    0x08005340   0x08005340   0x00000002   Code   RO          596    i.HAL_UART_MspDeInit  stm32f1xx_hal_uart.o
    0x08005342   0x08005342   0x00000002   PAD
    0x08005344   0x08005344   0x00000088   Code   RO          204    i.HAL_UART_MspInit  usart.o
    0x080053cc   0x080053cc   0x00000002   Code   RO          597    i.HAL_UART_MspInit  stm32f1xx_hal_uart.o
    0x080053ce   0x080053ce   0x000000c2   Code   RO          598    i.HAL_UART_Receive  stm32f1xx_hal_uart.o
    0x08005490   0x08005490   0x0000002c   Code   RO          599    i.HAL_UART_Receive_DMA  stm32f1xx_hal_uart.o
    0x080054bc   0x080054bc   0x0000002c   Code   RO          600    i.HAL_UART_Receive_IT  stm32f1xx_hal_uart.o
    0x080054e8   0x080054e8   0x00000002   Code   RO          601    i.HAL_UART_RxCpltCallback  stm32f1xx_hal_uart.o
    0x080054ea   0x080054ea   0x00000002   Code   RO          602    i.HAL_UART_RxHalfCpltCallback  stm32f1xx_hal_uart.o
    0x080054ec   0x080054ec   0x000000be   Code   RO          603    i.HAL_UART_Transmit  stm32f1xx_hal_uart.o
    0x080055aa   0x080055aa   0x00000002   PAD
    0x080055ac   0x080055ac   0x0000008c   Code   RO          604    i.HAL_UART_Transmit_DMA  stm32f1xx_hal_uart.o
    0x08005638   0x08005638   0x00000038   Code   RO          605    i.HAL_UART_Transmit_IT  stm32f1xx_hal_uart.o
    0x08005670   0x08005670   0x00000002   Code   RO          606    i.HAL_UART_TxCpltCallback  stm32f1xx_hal_uart.o
    0x08005672   0x08005672   0x00000002   Code   RO          607    i.HAL_UART_TxHalfCpltCallback  stm32f1xx_hal_uart.o
    0x08005674   0x08005674   0x00000004   Code   RO          264    i.HardFault_Handler  stm32f1xx_it.o
    0x08005678   0x08005678   0x00000058   Code   RO          175    i.MX_GPIO_Init      gpio.o
    0x080056d0   0x080056d0   0x00000038   Code   RO          205    i.MX_USART1_UART_Init  usart.o
    0x08005708   0x08005708   0x00000004   Code   RO          265    i.MemManage_Handler  stm32f1xx_it.o
    0x0800570c   0x0800570c   0x00000004   Code   RO          266    i.NMI_Handler       stm32f1xx_it.o
    0x08005710   0x08005710   0x00000006   Code   RO         1722    i.PWR_OverloadWfe   stm32f1xx_hal_pwr.o
    0x08005716   0x08005716   0x00000002   Code   RO          267    i.PendSV_Handler    stm32f1xx_it.o
    0x08005718   0x08005718   0x00000028   Code   RO         1219    i.RCC_Delay         stm32f1xx_hal_rcc.o
    0x08005740   0x08005740   0x00000002   Code   RO          268    i.SVC_Handler       stm32f1xx_it.o
    0x08005742   0x08005742   0x00000008   Code   RO          269    i.SysTick_Handler   stm32f1xx_it.o
    0x0800574a   0x0800574a   0x00000066   Code   RO           17    i.SystemClock_Config  main.o
    0x080057b0   0x080057b0   0x000000a4   Code   RO         2180    i.SystemCoreClockUpdate  system_stm32f1xx.o
    0x08005854   0x08005854   0x00000002   Code   RO         2181    i.SystemInit        system_stm32f1xx.o
    0x08005856   0x08005856   0x00000014   Code   RO          608    i.UART_DMAAbortOnError  stm32f1xx_hal_uart.o
    0x0800586a   0x0800586a   0x00000050   Code   RO          609    i.UART_DMAError     stm32f1xx_hal_uart.o
    0x080058ba   0x080058ba   0x000000b4   Code   RO          610    i.UART_DMAReceiveCplt  stm32f1xx_hal_uart.o
    0x0800596e   0x0800596e   0x00000038   Code   RO          611    i.UART_DMARxAbortCallback  stm32f1xx_hal_uart.o
    0x080059a6   0x080059a6   0x00000024   Code   RO          612    i.UART_DMARxHalfCplt  stm32f1xx_hal_uart.o
    0x080059ca   0x080059ca   0x0000001c   Code   RO          613    i.UART_DMARxOnlyAbortCallback  stm32f1xx_hal_uart.o
    0x080059e6   0x080059e6   0x00000058   Code   RO          614    i.UART_DMATransmitCplt  stm32f1xx_hal_uart.o
    0x08005a3e   0x08005a3e   0x00000038   Code   RO          615    i.UART_DMATxAbortCallback  stm32f1xx_hal_uart.o
    0x08005a76   0x08005a76   0x0000000e   Code   RO          616    i.UART_DMATxHalfCplt  stm32f1xx_hal_uart.o
    0x08005a84   0x08005a84   0x00000018   Code   RO          617    i.UART_DMATxOnlyAbortCallback  stm32f1xx_hal_uart.o
    0x08005a9c   0x08005a9c   0x0000006c   Code   RO          618    i.UART_EndRxTransfer  stm32f1xx_hal_uart.o
    0x08005b08   0x08005b08   0x00000020   Code   RO          619    i.UART_EndTransmit_IT  stm32f1xx_hal_uart.o
    0x08005b28   0x08005b28   0x00000026   Code   RO          620    i.UART_EndTxTransfer  stm32f1xx_hal_uart.o
    0x08005b4e   0x08005b4e   0x000000fc   Code   RO          621    i.UART_Receive_IT   stm32f1xx_hal_uart.o
    0x08005c4a   0x08005c4a   0x00000002   PAD
    0x08005c4c   0x08005c4c   0x000000fc   Code   RO          622    i.UART_SetConfig    stm32f1xx_hal_uart.o
    0x08005d48   0x08005d48   0x000000c8   Code   RO          623    i.UART_Start_Receive_DMA  stm32f1xx_hal_uart.o
    0x08005e10   0x08005e10   0x00000040   Code   RO          624    i.UART_Start_Receive_IT  stm32f1xx_hal_uart.o
    0x08005e50   0x08005e50   0x00000060   Code   RO          625    i.UART_Transmit_IT  stm32f1xx_hal_uart.o
    0x08005eb0   0x08005eb0   0x0000008c   Code   RO          626    i.UART_WaitOnFlagUntilTimeout  stm32f1xx_hal_uart.o
    0x08005f3c   0x08005f3c   0x00000004   Code   RO          270    i.UsageFault_Handler  stm32f1xx_it.o
    0x08005f40   0x08005f40   0x00000020   Code   RO         2436    i.__0printf$8       mc_w.l(printf8.o)
    0x08005f60   0x08005f60   0x00000010   Code   RO         1577    i.__NVIC_GetPriorityGrouping  stm32f1xx_hal_cortex.o
    0x08005f70   0x08005f70   0x00000028   Code   RO         1578    i.__NVIC_SetPriority  stm32f1xx_hal_cortex.o
    0x08005f98   0x08005f98   0x0000000e   Code   RO         2580    i.__scatterload_copy  mc_w.l(handlers.o)
    0x08005fa6   0x08005fa6   0x00000002   Code   RO         2581    i.__scatterload_null  mc_w.l(handlers.o)
    0x08005fa8   0x08005fa8   0x0000000e   Code   RO         2582    i.__scatterload_zeroinit  mc_w.l(handlers.o)
    0x08005fb6   0x08005fb6   0x00000002   PAD
    0x08005fb8   0x08005fb8   0x00000404   Code   RO         2443    i._printf_core      mc_w.l(printf8.o)
    0x080063bc   0x080063bc   0x00000024   Code   RO         2444    i._printf_post_padding  mc_w.l(printf8.o)
    0x080063e0   0x080063e0   0x0000002e   Code   RO         2445    i._printf_pre_padding  mc_w.l(printf8.o)
    0x0800640e   0x0800640e   0x00000002   PAD
    0x08006410   0x08006410   0x00000050   Code   RO          371    i.back_trace        unwind.o
    0x08006460   0x08006460   0x0000000a   Code   RO          372    i.decode_prel31     unwind.o
    0x0800646a   0x0800646a   0x00000002   PAD
    0x0800646c   0x0800646c   0x00000020   Code   RO          206    i.fputc             usart.o
    0x0800648c   0x0800648c   0x00000050   Code   RO         2548    i.free              mc_w.l(malloc.o)
    0x080064dc   0x080064dc   0x00000028   Code   RO           18    i.main              main.o
    0x08006504   0x08006504   0x0000006c   Code   RO         2549    i.malloc            mc_w.l(malloc.o)
    0x08006570   0x08006570   0x0000004c   Code   RO          373    i.search_index      unwind.o
    0x080065bc   0x080065bc   0x000000cc   Code   RO          374    i.show_unwind_info  unwind.o
    0x08006688   0x08006688   0x00000020   Code   RO           19    i.test_a            main.o
    0x080066a8   0x080066a8   0x00000014   Code   RO           20    i.test_b            main.o
    0x080066bc   0x080066bc   0x00000012   Code   RO           21    i.test_c            main.o
    0x080066ce   0x080066ce   0x00000032   Code   RO          375    i.unwind_decode_uleb128  unwind.o
    0x08006700   0x08006700   0x000001f4   Code   RO          376    i.unwind_exec_insn  unwind.o
    0x080068f4   0x080068f4   0x0000004c   Code   RO          377    i.unwind_exec_pop_r4_to_rN  unwind.o
    0x08006940   0x08006940   0x00000036   Code   RO          378    i.unwind_exec_pop_subset_r0_to_r3  unwind.o
    0x08006976   0x08006976   0x0000003c   Code   RO          379    i.unwind_exec_pop_subset_r4_to_r13  unwind.o
    0x080069b2   0x080069b2   0x00000002   PAD
    0x080069b4   0x080069b4   0x00000040   Code   RO          380    i.unwind_find_idx   unwind.o
    0x080069f4   0x080069f4   0x00000026   Code   RO          381    i.unwind_find_origin  unwind.o
    0x08006a1a   0x08006a1a   0x00000002   PAD
    0x08006a1c   0x08006a1c   0x000001b8   Code   RO          382    i.unwind_frame      unwind.o
    0x08006bd4   0x08006bd4   0x00000064   Code   RO          383    i.unwind_get_byte   unwind.o
    0x08006c38   0x08006c38   0x00000030   Code   RO          384    i.unwind_pop_register  unwind.o
    0x08006c68   0x08006c68   0x0000000c   Data   RO         1596    .ARM.extab          stm32f1xx_hal_cortex.o
    0x08006c74   0x08006c74   0x00000011   Data   RO          399    .constdata          unwind.o
    0x08006c85   0x08006c85   0x00000012   Data   RO         1235    .constdata          stm32f1xx_hal_rcc.o
    0x08006c97   0x08006c97   0x00000012   Data   RO         1337    .constdata          stm32f1xx_hal_rcc_ex.o
    0x08006ca9   0x08006ca9   0x00000018   Data   RO         2184    .constdata          system_stm32f1xx.o
    0x08006cc1   0x08006cc1   0x00000003   PAD
    0x08006cc4   0x08006cc4   0x00000042   Data   RO          400    .conststring        unwind.o
    0x08006d06   0x08006d06   0x00000002   PAD
    0x08006d08   0x08006d08   0x00000020   Data   RO         2578    Region$$Table       anon$$obj.o


    Execution Region ER_EXIDX (Exec base: 0x08006d28, Load base: 0x08006d28, Size: 0x00000498, Max: 0x00020000, ABSOLUTE)

    Exec Addr    Load Addr    Size         Type   Attr      Idx    E Section Name        Object

    0x08006d28   0x08006d28   0x00000008   Data   RO           13    .ARM.exidx          main.o
    0x08006d30   0x08006d28   0x00000008   Data   RO         1466    .ARM.exidx          stm32f1xx_hal_dma.o
    0x08006d38   0x08006d28   0x00000008   Data   RO          277    .ARM.exidx          stm32f1xx_it.o
    0x08006d40   0x08006d28   0x00000008   Data   RO         1997    .ARM.exidx          stm32f1xx_hal_flash_ex.o
    0x08006d48   0x08006d28   0x00000008   Data   RO         1992    .ARM.exidx          stm32f1xx_hal_flash_ex.o
    0x08006d50   0x08006d28   0x00000008   Data   RO         1994    .ARM.exidx          stm32f1xx_hal_flash_ex.o
    0x08006d58   0x08006d28   0x00000008   Data   RO         1987    .ARM.exidx          stm32f1xx_hal_flash_ex.o
    0x08006d60   0x08006d28   0x00000008   Data   RO         1866    .ARM.exidx          stm32f1xx_hal_flash.o
    0x08006d68   0x08006d28   0x00000008   Data   RO         1048    .ARM.exidx          stm32f1xx_hal.o
    0x08006d70   0x08006d28   0x00000008   Data   RO         1470    .ARM.exidx          stm32f1xx_hal_dma.o
    0x08006d78   0x08006d28   0x00000008   Data   RO         1465    .ARM.exidx          stm32f1xx_hal_dma.o
    0x08006d80   0x08006d28   0x00000008   Data   RO         1472    .ARM.exidx          stm32f1xx_hal_dma.o
    0x08006d88   0x08006d28   0x00000008   Data   RO         1464    .ARM.exidx          stm32f1xx_hal_dma.o
    0x08006d90   0x08006d28   0x00000008   Data   RO         1471    .ARM.exidx          stm32f1xx_hal_dma.o
    0x08006d98   0x08006d28   0x00000008   Data   RO         1473    .ARM.exidx          stm32f1xx_hal_dma.o
    0x08006da0   0x08006d28   0x00000008   Data   RO         1467    .ARM.exidx          stm32f1xx_hal_dma.o
    0x08006da8   0x08006d28   0x00000008   Data   RO         1474    .ARM.exidx          stm32f1xx_hal_dma.o
    0x08006db0   0x08006d28   0x00000008   Data   RO         1032    .ARM.exidx          stm32f1xx_hal.o
    0x08006db8   0x08006d28   0x00000008   Data   RO         1038    .ARM.exidx          stm32f1xx_hal.o
    0x08006dc0   0x08006d28   0x00000008   Data   RO         2107    .ARM.exidx          stm32f1xx_hal_exti.o
    0x08006dc8   0x08006d28   0x00000008   Data   RO         2112    .ARM.exidx          stm32f1xx_hal_exti.o
    0x08006dd0   0x08006d28   0x00000008   Data   RO         2113    .ARM.exidx          stm32f1xx_hal_exti.o
    0x08006dd8   0x08006d28   0x00000008   Data   RO         2106    .ARM.exidx          stm32f1xx_hal_exti.o
    0x08006de0   0x08006d28   0x00000008   Data   RO         2109    .ARM.exidx          stm32f1xx_hal_exti.o
    0x08006de8   0x08006d28   0x00000008   Data   RO         2111    .ARM.exidx          stm32f1xx_hal_exti.o
    0x08006df0   0x08006d28   0x00000008   Data   RO         2110    .ARM.exidx          stm32f1xx_hal_exti.o
    0x08006df8   0x08006d28   0x00000008   Data   RO         2108    .ARM.exidx          stm32f1xx_hal_exti.o
    0x08006e00   0x08006d28   0x00000008   Data   RO         2105    .ARM.exidx          stm32f1xx_hal_exti.o
    0x08006e08   0x08006d28   0x00000008   Data   RO         1989    .ARM.exidx          stm32f1xx_hal_flash_ex.o
    0x08006e10   0x08006d28   0x00000008   Data   RO         1990    .ARM.exidx          stm32f1xx_hal_flash_ex.o
    0x08006e18   0x08006d28   0x00000008   Data   RO         2001    .ARM.exidx          stm32f1xx_hal_flash_ex.o
    0x08006e20   0x08006d28   0x00000008   Data   RO         2002    .ARM.exidx          stm32f1xx_hal_flash_ex.o
    0x08006e28   0x08006d28   0x00000008   Data   RO         1999    .ARM.exidx          stm32f1xx_hal_flash_ex.o
    0x08006e30   0x08006d28   0x00000008   Data   RO         1870    .ARM.exidx          stm32f1xx_hal_flash.o
    0x08006e38   0x08006d28   0x00000008   Data   RO         1872    .ARM.exidx          stm32f1xx_hal_flash.o
    0x08006e40   0x08006d28   0x00000008   Data   RO         1874    .ARM.exidx          stm32f1xx_hal_flash.o
    0x08006e48   0x08006d28   0x00000008   Data   RO         1877    .ARM.exidx          stm32f1xx_hal_flash.o
    0x08006e50   0x08006d28   0x00000008   Data   RO         1876    .ARM.exidx          stm32f1xx_hal_flash.o
    0x08006e58   0x08006d28   0x00000008   Data   RO         1868    .ARM.exidx          stm32f1xx_hal_flash.o
    0x08006e60   0x08006d28   0x00000008   Data   RO         1869    .ARM.exidx          stm32f1xx_hal_flash.o
    0x08006e68   0x08006d28   0x00000008   Data   RO         1873    .ARM.exidx          stm32f1xx_hal_flash.o
    0x08006e70   0x08006d28   0x00000008   Data   RO         1383    .ARM.exidx          stm32f1xx_hal_gpio.o
    0x08006e78   0x08006d28   0x00000008   Data   RO         1388    .ARM.exidx          stm32f1xx_hal_gpio.o
    0x08006e80   0x08006d28   0x00000008   Data   RO         1389    .ARM.exidx          stm32f1xx_hal_gpio.o
    0x08006e88   0x08006d28   0x00000008   Data   RO         1382    .ARM.exidx          stm32f1xx_hal_gpio.o
    0x08006e90   0x08006d28   0x00000008   Data   RO         1387    .ARM.exidx          stm32f1xx_hal_gpio.o
    0x08006e98   0x08006d28   0x00000008   Data   RO         1384    .ARM.exidx          stm32f1xx_hal_gpio.o
    0x08006ea0   0x08006d28   0x00000008   Data   RO         1386    .ARM.exidx          stm32f1xx_hal_gpio.o
    0x08006ea8   0x08006d28   0x00000008   Data   RO         1385    .ARM.exidx          stm32f1xx_hal_gpio.o
    0x08006eb0   0x08006d28   0x00000008   Data   RO          630    .ARM.exidx          stm32f1xx_hal_uart.o
    0x08006eb8   0x08006d28   0x00000008   Data   RO         1033    .ARM.exidx          stm32f1xx_hal.o
    0x08006ec0   0x08006d28   0x00000008   Data   RO         1030    .ARM.exidx          stm32f1xx_hal.o
    0x08006ec8   0x08006d28   0x00000008   Data   RO         1029    .ARM.exidx          stm32f1xx_hal.o
    0x08006ed0   0x08006d28   0x00000008   Data   RO          682    .ARM.exidx          stm32f1xx_hal_uart.o
    0x08006ed8   0x08006d28   0x00000008   Data   RO          350    .ARM.exidx          stm32f1xx_hal_msp.o
    0x08006ee0   0x08006d28   0x00000008   Data   RO         1028    .ARM.exidx          stm32f1xx_hal.o
    0x08006ee8   0x08006d28   0x00000008   Data   RO          632    .ARM.exidx          stm32f1xx_hal_uart.o
    0x08006ef0   0x08006d28   0x00000008   Data   RO         1590    .ARM.exidx          stm32f1xx_hal_cortex.o
    0x08006ef8   0x08006d28   0x00000008   Data   RO         1582    .ARM.exidx          stm32f1xx_hal_cortex.o
    0x08006f00   0x08006d28   0x00000008   Data   RO         1591    .ARM.exidx          stm32f1xx_hal_cortex.o
    0x08006f08   0x08006d28   0x00000008   Data   RO         1587    .ARM.exidx          stm32f1xx_hal_cortex.o
    0x08006f10   0x08006d28   0x00000008   Data   RO         1586    .ARM.exidx          stm32f1xx_hal_cortex.o
    0x08006f18   0x08006d28   0x00000008   Data   RO         1581    .ARM.exidx          stm32f1xx_hal_cortex.o
    0x08006f20   0x08006d28   0x00000008   Data   RO         1580    .ARM.exidx          stm32f1xx_hal_cortex.o
    0x08006f28   0x08006d28   0x00000008   Data   RO         1733    .ARM.exidx          stm32f1xx_hal_pwr.o
    0x08006f30   0x08006d28   0x00000008   Data   RO         1739    .ARM.exidx          stm32f1xx_hal_pwr.o
    0x08006f38   0x08006d28   0x00000008   Data   RO         1740    .ARM.exidx          stm32f1xx_hal_pwr.o
    0x08006f40   0x08006d28   0x00000008   Data   RO         1335    .ARM.exidx          stm32f1xx_hal_rcc_ex.o
    0x08006f48   0x08006d28   0x00000008   Data   RO         1336    .ARM.exidx          stm32f1xx_hal_rcc_ex.o
    0x08006f50   0x08006d28   0x00000008   Data   RO         1334    .ARM.exidx          stm32f1xx_hal_rcc_ex.o
    0x08006f58   0x08006d28   0x00000008   Data   RO         1233    .ARM.exidx          stm32f1xx_hal_rcc.o
    0x08006f60   0x08006d28   0x00000008   Data   RO         1224    .ARM.exidx          stm32f1xx_hal_rcc.o
    0x08006f68   0x08006d28   0x00000008   Data   RO         1220    .ARM.exidx          stm32f1xx_hal_rcc.o
    0x08006f70   0x08006d28   0x00000008   Data   RO         1227    .ARM.exidx          stm32f1xx_hal_rcc.o
    0x08006f78   0x08006d28   0x00000008   Data   RO         1229    .ARM.exidx          stm32f1xx_hal_rcc.o
    0x08006f80   0x08006d28   0x00000008   Data   RO         1223    .ARM.exidx          stm32f1xx_hal_rcc.o
    0x08006f88   0x08006d28   0x00000008   Data   RO         1225    .ARM.exidx          stm32f1xx_hal_rcc.o
    0x08006f90   0x08006d28   0x00000008   Data   RO         1234    .ARM.exidx          stm32f1xx_hal_rcc.o
    0x08006f98   0x08006d28   0x00000008   Data   RO         1222    .ARM.exidx          stm32f1xx_hal_rcc.o
    0x08006fa0   0x08006d28   0x00000008   Data   RO         1040    .ARM.exidx          stm32f1xx_hal.o
    0x08006fa8   0x08006d28   0x00000008   Data   RO         1585    .ARM.exidx          stm32f1xx_hal_cortex.o
    0x08006fb0   0x08006d28   0x00000008   Data   RO         1594    .ARM.exidx          stm32f1xx_hal_cortex.o
    0x08006fb8   0x08006d28   0x00000008   Data   RO         1036    .ARM.exidx          stm32f1xx_hal.o
    0x08006fc0   0x08006d28   0x00000008   Data   RO         1039    .ARM.exidx          stm32f1xx_hal.o
    0x08006fc8   0x08006d28   0x00000008   Data   RO          660    .ARM.exidx          stm32f1xx_hal_uart.o
    0x08006fd0   0x08006d28   0x00000008   Data   RO          662    .ARM.exidx          stm32f1xx_hal_uart.o
    0x08006fd8   0x08006d28   0x00000008   Data   RO          651    .ARM.exidx          stm32f1xx_hal_uart.o
    0x08006fe0   0x08006d28   0x00000008   Data   RO          664    .ARM.exidx          stm32f1xx_hal_uart.o
    0x08006fe8   0x08006d28   0x00000008   Data   RO          667    .ARM.exidx          stm32f1xx_hal_uart.o
    0x08006ff0   0x08006d28   0x00000008   Data   RO          666    .ARM.exidx          stm32f1xx_hal_uart.o
    0x08006ff8   0x08006d28   0x00000008   Data   RO          674    .ARM.exidx          stm32f1xx_hal_uart.o
    0x08007000   0x08006d28   0x00000008   Data   RO          676    .ARM.exidx          stm32f1xx_hal_uart.o
    0x08007008   0x08006d28   0x00000008   Data   RO          671    .ARM.exidx          stm32f1xx_hal_uart.o
    0x08007010   0x08006d28   0x00000008   Data   RO          673    .ARM.exidx          stm32f1xx_hal_uart.o
    0x08007018   0x08006d28   0x00000008   Data   RO          670    .ARM.exidx          stm32f1xx_hal_uart.o
    0x08007020   0x08006d28   0x00000008   Data   RO          657    .ARM.exidx          stm32f1xx_hal_uart.o
    0x08007028   0x08006d28   0x00000008   Data   RO          658    .ARM.exidx          stm32f1xx_hal_uart.o
    0x08007030   0x08006d28   0x00000008   Data   RO          659    .ARM.exidx          stm32f1xx_hal_uart.o
    0x08007038   0x08006d28   0x00000008   Data   RO          634    .ARM.exidx          stm32f1xx_hal_uart.o
    0x08007040   0x08006d28   0x00000008   Data   RO          642    .ARM.exidx          stm32f1xx_hal_uart.o
    0x08007048   0x08006d28   0x00000008   Data   RO          681    .ARM.exidx          stm32f1xx_hal_uart.o
    0x08007050   0x08006d28   0x00000008   Data   RO          629    .ARM.exidx          stm32f1xx_hal_uart.o
    0x08007058   0x08006d28   0x00000008   Data   RO          633    .ARM.exidx          stm32f1xx_hal_uart.o
    0x08007060   0x08006d28   0x00000008   Data   RO          208    .ARM.exidx          usart.o
    0x08007068   0x08006d28   0x00000008   Data   RO          628    .ARM.exidx          stm32f1xx_hal_uart.o
    0x08007070   0x08006d28   0x00000008   Data   RO          638    .ARM.exidx          stm32f1xx_hal_uart.o
    0x08007078   0x08006d28   0x00000008   Data   RO          656    .ARM.exidx          stm32f1xx_hal_uart.o
    0x08007080   0x08006d28   0x00000008   Data   RO          653    .ARM.exidx          stm32f1xx_hal_uart.o
    0x08007088   0x08006d28   0x00000008   Data   RO          637    .ARM.exidx          stm32f1xx_hal_uart.o
    0x08007090   0x08006d28   0x00000008   Data   RO          649    .ARM.exidx          stm32f1xx_hal_uart.o
    0x08007098   0x08006d28   0x00000008   Data   RO          639    .ARM.exidx          stm32f1xx_hal_uart.o
    0x080070a0   0x08006d28   0x00000008   Data   RO          647    .ARM.exidx          stm32f1xx_hal_uart.o
    0x080070a8   0x08006d28   0x00000008   Data   RO          176    .ARM.exidx          gpio.o
    0x080070b0   0x08006d28   0x00000008   Data   RO          207    .ARM.exidx          usart.o
    0x080070b8   0x08006d28   0x00000008   Data   RO          273    .ARM.exidx          stm32f1xx_it.o
    0x080070c0   0x08006d28   0x00000008   Data   RO         1221    .ARM.exidx          stm32f1xx_hal_rcc.o
    0x080070c8   0x08006d28   0x00000008   Data   RO          276    .ARM.exidx          stm32f1xx_it.o
    0x080070d0   0x08006d28   0x00000008   Data   RO          279    .ARM.exidx          stm32f1xx_it.o
    0x080070d8   0x08006d28   0x00000008   Data   RO           26    .ARM.exidx          main.o
    0x080070e0   0x08006d28   0x00000008   Data   RO         2183    .ARM.exidx          system_stm32f1xx.o
    0x080070e8   0x08006d28   0x00000008   Data   RO         2182    .ARM.exidx          system_stm32f1xx.o
    0x080070f0   0x08006d28   0x00000008   Data   RO          679    .ARM.exidx          stm32f1xx_hal_uart.o
    0x080070f8   0x08006d28   0x00000008   Data   RO          635    .ARM.exidx          stm32f1xx_hal_uart.o
    0x08007100   0x08006d28   0x00000008   Data   RO          677    .ARM.exidx          stm32f1xx_hal_uart.o
    0x08007108   0x08006d28   0x00000008   Data   RO          643    .ARM.exidx          stm32f1xx_hal_uart.o
    0x08007110   0x08006d28   0x00000008   Data   RO          680    .ARM.exidx          stm32f1xx_hal_uart.o
    0x08007118   0x08006d28   0x00000008   Data   RO          627    .ARM.exidx          stm32f1xx_hal_uart.o
    0x08007120   0x08006d28   0x00000008   Data   RO          655    .ARM.exidx          stm32f1xx_hal_uart.o
    0x08007128   0x08006d28   0x00000008   Data   RO          640    .ARM.exidx          stm32f1xx_hal_uart.o
    0x08007130   0x08006d28   0x00000008   Data   RO          678    .ARM.exidx          stm32f1xx_hal_uart.o
    0x08007138   0x08006d28   0x00000008   Data   RO          636    .ARM.exidx          stm32f1xx_hal_uart.o
    0x08007140   0x08006d28   0x00000008   Data   RO          275    .ARM.exidx          stm32f1xx_it.o
    0x08007148   0x08006d28   0x00000008   Data   RO         1579    .ARM.exidx          stm32f1xx_hal_cortex.o
    0x08007150   0x08006d28   0x00000008   Data   RO          397    .ARM.exidx          unwind.o
    0x08007158   0x08006d28   0x00000008   Data   RO          385    .ARM.exidx          unwind.o
    0x08007160   0x08006d28   0x00000008   Data   RO          210    .ARM.exidx          usart.o
    0x08007168   0x08006d28   0x00000008   Data   RO           27    .ARM.exidx          main.o
    0x08007170   0x08006d28   0x00000008   Data   RO          387    .ARM.exidx          unwind.o
    0x08007178   0x08006d28   0x00000008   Data   RO          398    .ARM.exidx          unwind.o
    0x08007180   0x08006d28   0x00000008   Data   RO           23    .ARM.exidx          main.o
    0x08007188   0x08006d28   0x00000008   Data   RO          394    .ARM.exidx          unwind.o
    0x08007190   0x08006d28   0x00000008   Data   RO          395    .ARM.exidx          unwind.o
    0x08007198   0x08006d28   0x00000008   Data   RO          388    .ARM.exidx          unwind.o
    0x080071a0   0x08006d28   0x00000008   Data   RO          386    .ARM.exidx          unwind.o
    0x080071a8   0x08006d28   0x00000008   Data   RO          396    .ARM.exidx          unwind.o
    0x080071b0   0x08006d28   0x00000008   Data   RO          389    .ARM.exidx          unwind.o
    0x080071b8   0x08006d28   0x00000008   Data   RO          390    .ARM.exidx          unwind.o


    Execution Region RW_IRAM1 (Exec base: 0x20000000, Load base: 0x080071c0, Size: 0x00000690, Max: 0x0000c000, ABSOLUTE)

    Exec Addr    Load Addr    Size         Type   Attr      Idx    E Section Name        Object

    0x20000000   0x080071c0   0x0000000c   Data   RW          401    .data               unwind.o
    0x2000000c   0x080071cc   0x00000009   Data   RW         1053    .data               stm32f1xx_hal.o
    0x20000015   0x080071d5   0x00000003   PAD
    0x20000018   0x080071d8   0x00000004   Data   RW         2185    .data               system_stm32f1xx.o
    0x2000001c   0x080071dc   0x00000004   Data   RW         2509    .data               mc_w.l(stdout.o)
    0x20000020   0x080071e0   0x00000004   Data   RW         2576    .data               mc_w.l(mvars.o)
    0x20000024   0x080071e4   0x00000004   Data   RW         2577    .data               mc_w.l(mvars.o)
    0x20000028        -       0x00000048   Zero   RW          211    .bss                usart.o
    0x20000070        -       0x00000020   Zero   RW         1879    .bss                stm32f1xx_hal_flash.o
    0x20000090        -       0x00000200   Zero   RW            2    HEAP                startup_stm32f103xe.o
    0x20000290        -       0x00000400   Zero   RW            1    STACK               startup_stm32f103xe.o


==============================================================================

Image component sizes


      Code (inc. data)   RO Data    RW Data    ZI Data      Debug   Object Name

       102          4          8          0          0       1919   gpio.o
       232          0         32          0          0     471331   main.o
        36          8        304          0       1536        768   startup_stm32f103xe.o
       546        130         80          9          0      17113   stm32f1xx_hal.o
       828         66         92          0          0      37950   stm32f1xx_hal_cortex.o
      3868         60         72          0          0      12099   stm32f1xx_hal_dma.o
       696         46         72          0          0       7945   stm32f1xx_hal_exti.o
      1098         90         72          0         32       9723   stm32f1xx_hal_flash.o
      1522        142         72          0          0      11854   stm32f1xx_hal_flash_ex.o
      1310         76         64          0          0       7757   stm32f1xx_hal_gpio.o
        78         16          0          0          0       2777   stm32f1xx_hal_gpio_ex.o
        98          8          8          0          0       2070   stm32f1xx_hal_msp.o
       602         92         24          0          0      11415   stm32f1xx_hal_pwr.o
      2460        152         98          0          0      11637   stm32f1xx_hal_rcc.o
       682         40         42          0          0       4220   stm32f1xx_hal_rcc_ex.o
        14          0          0          0          0       1172   stm32f1xx_hal_tim.o
        14          0          0          0          0       1188   stm32f1xx_hal_tim_ex.o
      6506         52        320          0          0      45256   stm32f1xx_hal_uart.o
        48          0         40          0          0       4706   stm32f1xx_it.o
       180         22         40          4          0       2831   system_stm32f1xx.o
      1800        484        171         12          0      10185   unwind.o
       286         42         24          0         72       5027   usart.o

    ----------------------------------------------------------------------
     23084       1530       1672         28       1640     680943   Object Totals
         0          0         32          0          0          0   (incl. Generated)
        78          0          5          3          0          0   (incl. Padding)

    ----------------------------------------------------------------------

      Code (inc. data)   RO Data    RW Data    ZI Data      Debug   Library Member Name

         4          0          0          0          0         68   unwind_activity.o
         6          0          0          0          0         68   unwind_pr0.o
         6          0          0          0          0         68   unwind_pr1.o
      1524          4          0          0          0        116   unwind_prcommon.o
      1096         34          0          0          0        484   unwinder.o
        70          0          0          0          0         92   bsearch.o
         0          0          0          0          0          0   entry.o
         0          0          0          0          0          0   entry10a.o
         0          0          0          0          0          0   entry11a.o
         4          0          0          0          0          0   entry12b.o
         8          4          0          0          0          0   entry2.o
         4          0          0          0          0          0   entry5.o
         0          0          0          0          0          0   entry7b.o
         0          0          0          0          0          0   entry8b.o
         8          4          0          0          0          0   entry9a.o
        30          0          0          0          0          0   handlers.o
        36          8          0          0          0         68   init.o
        30          0          0          0          0         68   llshl.o
        32          0          0          0          0         68   llushr.o
       188         20          0          0          0        160   malloc.o
        36          0          0          0          0         68   memcpya.o
        36          0          0          0          0        108   memseta.o
         0          0          0          8          0          0   mvars.o
      1142         54          0          0          0        352   printf8.o
         0          0          0          4          0          0   stdout.o
        98          0          0          0          0         92   uldiv.o

    ----------------------------------------------------------------------
      4364        128          0         12          0       1880   Library Totals
         6          0          0          0          0          0   (incl. Padding)

    ----------------------------------------------------------------------

      Code (inc. data)   RO Data    RW Data    ZI Data      Debug   Library Name

      2636         38          0          0          0        804   cpprt_w.l
      1722         90          0         12          0       1076   mc_w.l

    ----------------------------------------------------------------------
      4364        128          0         12          0       1880   Library Totals

    ----------------------------------------------------------------------

==============================================================================


      Code (inc. data)   RO Data    RW Data    ZI Data      Debug   

     27448       1658       1672         40       1640     666803   Grand Totals
     27448       1658       1672         40       1640     666803   ELF Image Totals
     27448       1658       1672         40          0          0   ROM Totals

==============================================================================

    Total RO  Size (Code + RO Data)                29120 (  28.44kB)
    Total RW  Size (RW Data + ZI Data)              1680 (   1.64kB)
    Total ROM Size (Code + RO Data + RW Data)      29160 (  28.48kB)

==============================================================================

