<!doctype html public "-//w3c//dtd html 4.0 transitional//en">
<html><head>
<title>Static Call Graph - [uart\uart.axf]</title></head>
<body><HR>
<H1>Static Call Graph for image uart\uart.axf</H1><HR>
<BR><P>#&#060CALLGRAPH&#062# ARM Linker, 5060960: Last Updated: Mon Mar 17 21:07:06 2025
<BR><P>
<H3>Maximum Stack Usage =        384 bytes + Unknown(Cycles, Untraceable Function Pointers)</H3><H3>
Call chain for Maximum Stack Depth:</H3>
__aeabi_unwind_cpp_pr1 &rArr; __ARM_unwind_cpp_prcommon &rArr; _Unwind_VRS_Pop
<P>
<H3>
Mutually Recursive functions
</H3> <LI><a href="#[21]">ADC1_2_IRQHandler</a>&nbsp;&nbsp;&nbsp;&rArr;&nbsp;&nbsp;&nbsp;<a href="#[21]">ADC1_2_IRQHandler</a><BR>
</UL>
<P>
<H3>
Function Pointers
</H3><UL>
 <LI><a href="#[21]">ADC1_2_IRQHandler</a> from startup_stm32f103xe.o(.text) referenced from startup_stm32f103xe.o(RESET)
 <LI><a href="#[3e]">ADC3_IRQHandler</a> from startup_stm32f103xe.o(.text) referenced from startup_stm32f103xe.o(RESET)
 <LI><a href="#[9]">BusFault_Handler</a> from stm32f1xx_it.o(i.BusFault_Handler) referenced from startup_stm32f103xe.o(RESET)
 <LI><a href="#[24]">CAN1_RX1_IRQHandler</a> from startup_stm32f103xe.o(.text) referenced from startup_stm32f103xe.o(RESET)
 <LI><a href="#[25]">CAN1_SCE_IRQHandler</a> from startup_stm32f103xe.o(.text) referenced from startup_stm32f103xe.o(RESET)
 <LI><a href="#[1a]">DMA1_Channel1_IRQHandler</a> from startup_stm32f103xe.o(.text) referenced from startup_stm32f103xe.o(RESET)
 <LI><a href="#[1b]">DMA1_Channel2_IRQHandler</a> from startup_stm32f103xe.o(.text) referenced from startup_stm32f103xe.o(RESET)
 <LI><a href="#[1c]">DMA1_Channel3_IRQHandler</a> from startup_stm32f103xe.o(.text) referenced from startup_stm32f103xe.o(RESET)
 <LI><a href="#[1d]">DMA1_Channel4_IRQHandler</a> from startup_stm32f103xe.o(.text) referenced from startup_stm32f103xe.o(RESET)
 <LI><a href="#[1e]">DMA1_Channel5_IRQHandler</a> from startup_stm32f103xe.o(.text) referenced from startup_stm32f103xe.o(RESET)
 <LI><a href="#[1f]">DMA1_Channel6_IRQHandler</a> from startup_stm32f103xe.o(.text) referenced from startup_stm32f103xe.o(RESET)
 <LI><a href="#[20]">DMA1_Channel7_IRQHandler</a> from startup_stm32f103xe.o(.text) referenced from startup_stm32f103xe.o(RESET)
 <LI><a href="#[47]">DMA2_Channel1_IRQHandler</a> from startup_stm32f103xe.o(.text) referenced from startup_stm32f103xe.o(RESET)
 <LI><a href="#[48]">DMA2_Channel2_IRQHandler</a> from startup_stm32f103xe.o(.text) referenced from startup_stm32f103xe.o(RESET)
 <LI><a href="#[49]">DMA2_Channel3_IRQHandler</a> from startup_stm32f103xe.o(.text) referenced from startup_stm32f103xe.o(RESET)
 <LI><a href="#[4a]">DMA2_Channel4_5_IRQHandler</a> from startup_stm32f103xe.o(.text) referenced from startup_stm32f103xe.o(RESET)
 <LI><a href="#[c]">DebugMon_Handler</a> from stm32f1xx_it.o(i.DebugMon_Handler) referenced from startup_stm32f103xe.o(RESET)
 <LI><a href="#[15]">EXTI0_IRQHandler</a> from startup_stm32f103xe.o(.text) referenced from startup_stm32f103xe.o(RESET)
 <LI><a href="#[37]">EXTI15_10_IRQHandler</a> from startup_stm32f103xe.o(.text) referenced from startup_stm32f103xe.o(RESET)
 <LI><a href="#[16]">EXTI1_IRQHandler</a> from startup_stm32f103xe.o(.text) referenced from startup_stm32f103xe.o(RESET)
 <LI><a href="#[17]">EXTI2_IRQHandler</a> from startup_stm32f103xe.o(.text) referenced from startup_stm32f103xe.o(RESET)
 <LI><a href="#[18]">EXTI3_IRQHandler</a> from startup_stm32f103xe.o(.text) referenced from startup_stm32f103xe.o(RESET)
 <LI><a href="#[19]">EXTI4_IRQHandler</a> from startup_stm32f103xe.o(.text) referenced from startup_stm32f103xe.o(RESET)
 <LI><a href="#[26]">EXTI9_5_IRQHandler</a> from startup_stm32f103xe.o(.text) referenced from startup_stm32f103xe.o(RESET)
 <LI><a href="#[13]">FLASH_IRQHandler</a> from startup_stm32f103xe.o(.text) referenced from startup_stm32f103xe.o(RESET)
 <LI><a href="#[3f]">FSMC_IRQHandler</a> from startup_stm32f103xe.o(.text) referenced from startup_stm32f103xe.o(RESET)
 <LI><a href="#[7]">HardFault_Handler</a> from stm32f1xx_it.o(i.HardFault_Handler) referenced from startup_stm32f103xe.o(RESET)
 <LI><a href="#[2f]">I2C1_ER_IRQHandler</a> from startup_stm32f103xe.o(.text) referenced from startup_stm32f103xe.o(RESET)
 <LI><a href="#[2e]">I2C1_EV_IRQHandler</a> from startup_stm32f103xe.o(.text) referenced from startup_stm32f103xe.o(RESET)
 <LI><a href="#[31]">I2C2_ER_IRQHandler</a> from startup_stm32f103xe.o(.text) referenced from startup_stm32f103xe.o(RESET)
 <LI><a href="#[30]">I2C2_EV_IRQHandler</a> from startup_stm32f103xe.o(.text) referenced from startup_stm32f103xe.o(RESET)
 <LI><a href="#[8]">MemManage_Handler</a> from stm32f1xx_it.o(i.MemManage_Handler) referenced from startup_stm32f103xe.o(RESET)
 <LI><a href="#[6]">NMI_Handler</a> from stm32f1xx_it.o(i.NMI_Handler) referenced from startup_stm32f103xe.o(RESET)
 <LI><a href="#[10]">PVD_IRQHandler</a> from startup_stm32f103xe.o(.text) referenced from startup_stm32f103xe.o(RESET)
 <LI><a href="#[d]">PendSV_Handler</a> from stm32f1xx_it.o(i.PendSV_Handler) referenced from startup_stm32f103xe.o(RESET)
 <LI><a href="#[14]">RCC_IRQHandler</a> from startup_stm32f103xe.o(.text) referenced from startup_stm32f103xe.o(RESET)
 <LI><a href="#[38]">RTC_Alarm_IRQHandler</a> from startup_stm32f103xe.o(.text) referenced from startup_stm32f103xe.o(RESET)
 <LI><a href="#[12]">RTC_IRQHandler</a> from startup_stm32f103xe.o(.text) referenced from startup_stm32f103xe.o(RESET)
 <LI><a href="#[5]">Reset_Handler</a> from startup_stm32f103xe.o(.text) referenced from startup_stm32f103xe.o(RESET)
 <LI><a href="#[40]">SDIO_IRQHandler</a> from startup_stm32f103xe.o(.text) referenced from startup_stm32f103xe.o(RESET)
 <LI><a href="#[32]">SPI1_IRQHandler</a> from startup_stm32f103xe.o(.text) referenced from startup_stm32f103xe.o(RESET)
 <LI><a href="#[33]">SPI2_IRQHandler</a> from startup_stm32f103xe.o(.text) referenced from startup_stm32f103xe.o(RESET)
 <LI><a href="#[42]">SPI3_IRQHandler</a> from startup_stm32f103xe.o(.text) referenced from startup_stm32f103xe.o(RESET)
 <LI><a href="#[b]">SVC_Handler</a> from stm32f1xx_it.o(i.SVC_Handler) referenced from startup_stm32f103xe.o(RESET)
 <LI><a href="#[e]">SysTick_Handler</a> from stm32f1xx_it.o(i.SysTick_Handler) referenced from startup_stm32f103xe.o(RESET)
 <LI><a href="#[4c]">SystemInit</a> from system_stm32f1xx.o(i.SystemInit) referenced from startup_stm32f103xe.o(.text)
 <LI><a href="#[11]">TAMPER_IRQHandler</a> from startup_stm32f103xe.o(.text) referenced from startup_stm32f103xe.o(RESET)
 <LI><a href="#[27]">TIM1_BRK_IRQHandler</a> from startup_stm32f103xe.o(.text) referenced from startup_stm32f103xe.o(RESET)
 <LI><a href="#[2a]">TIM1_CC_IRQHandler</a> from startup_stm32f103xe.o(.text) referenced from startup_stm32f103xe.o(RESET)
 <LI><a href="#[29]">TIM1_TRG_COM_IRQHandler</a> from startup_stm32f103xe.o(.text) referenced from startup_stm32f103xe.o(RESET)
 <LI><a href="#[28]">TIM1_UP_IRQHandler</a> from startup_stm32f103xe.o(.text) referenced from startup_stm32f103xe.o(RESET)
 <LI><a href="#[2b]">TIM2_IRQHandler</a> from startup_stm32f103xe.o(.text) referenced from startup_stm32f103xe.o(RESET)
 <LI><a href="#[2c]">TIM3_IRQHandler</a> from startup_stm32f103xe.o(.text) referenced from startup_stm32f103xe.o(RESET)
 <LI><a href="#[2d]">TIM4_IRQHandler</a> from startup_stm32f103xe.o(.text) referenced from startup_stm32f103xe.o(RESET)
 <LI><a href="#[41]">TIM5_IRQHandler</a> from startup_stm32f103xe.o(.text) referenced from startup_stm32f103xe.o(RESET)
 <LI><a href="#[45]">TIM6_IRQHandler</a> from startup_stm32f103xe.o(.text) referenced from startup_stm32f103xe.o(RESET)
 <LI><a href="#[46]">TIM7_IRQHandler</a> from startup_stm32f103xe.o(.text) referenced from startup_stm32f103xe.o(RESET)
 <LI><a href="#[3a]">TIM8_BRK_IRQHandler</a> from startup_stm32f103xe.o(.text) referenced from startup_stm32f103xe.o(RESET)
 <LI><a href="#[3d]">TIM8_CC_IRQHandler</a> from startup_stm32f103xe.o(.text) referenced from startup_stm32f103xe.o(RESET)
 <LI><a href="#[3c]">TIM8_TRG_COM_IRQHandler</a> from startup_stm32f103xe.o(.text) referenced from startup_stm32f103xe.o(RESET)
 <LI><a href="#[3b]">TIM8_UP_IRQHandler</a> from startup_stm32f103xe.o(.text) referenced from startup_stm32f103xe.o(RESET)
 <LI><a href="#[43]">UART4_IRQHandler</a> from startup_stm32f103xe.o(.text) referenced from startup_stm32f103xe.o(RESET)
 <LI><a href="#[44]">UART5_IRQHandler</a> from startup_stm32f103xe.o(.text) referenced from startup_stm32f103xe.o(RESET)
 <LI><a href="#[55]">UART_DMAAbortOnError</a> from stm32f1xx_hal_uart.o(i.UART_DMAAbortOnError) referenced from stm32f1xx_hal_uart.o(i.HAL_UART_IRQHandler)
 <LI><a href="#[58]">UART_DMAError</a> from stm32f1xx_hal_uart.o(i.UART_DMAError) referenced from stm32f1xx_hal_uart.o(i.HAL_UART_Transmit_DMA)
 <LI><a href="#[58]">UART_DMAError</a> from stm32f1xx_hal_uart.o(i.UART_DMAError) referenced from stm32f1xx_hal_uart.o(i.UART_Start_Receive_DMA)
 <LI><a href="#[59]">UART_DMAReceiveCplt</a> from stm32f1xx_hal_uart.o(i.UART_DMAReceiveCplt) referenced from stm32f1xx_hal_uart.o(i.UART_Start_Receive_DMA)
 <LI><a href="#[54]">UART_DMARxAbortCallback</a> from stm32f1xx_hal_uart.o(i.UART_DMARxAbortCallback) referenced from stm32f1xx_hal_uart.o(i.HAL_UART_Abort_IT)
 <LI><a href="#[5a]">UART_DMARxHalfCplt</a> from stm32f1xx_hal_uart.o(i.UART_DMARxHalfCplt) referenced from stm32f1xx_hal_uart.o(i.UART_Start_Receive_DMA)
 <LI><a href="#[51]">UART_DMARxOnlyAbortCallback</a> from stm32f1xx_hal_uart.o(i.UART_DMARxOnlyAbortCallback) referenced from stm32f1xx_hal_uart.o(i.HAL_UART_AbortReceive_IT)
 <LI><a href="#[56]">UART_DMATransmitCplt</a> from stm32f1xx_hal_uart.o(i.UART_DMATransmitCplt) referenced from stm32f1xx_hal_uart.o(i.HAL_UART_Transmit_DMA)
 <LI><a href="#[53]">UART_DMATxAbortCallback</a> from stm32f1xx_hal_uart.o(i.UART_DMATxAbortCallback) referenced from stm32f1xx_hal_uart.o(i.HAL_UART_Abort_IT)
 <LI><a href="#[57]">UART_DMATxHalfCplt</a> from stm32f1xx_hal_uart.o(i.UART_DMATxHalfCplt) referenced from stm32f1xx_hal_uart.o(i.HAL_UART_Transmit_DMA)
 <LI><a href="#[52]">UART_DMATxOnlyAbortCallback</a> from stm32f1xx_hal_uart.o(i.UART_DMATxOnlyAbortCallback) referenced from stm32f1xx_hal_uart.o(i.HAL_UART_AbortTransmit_IT)
 <LI><a href="#[34]">USART1_IRQHandler</a> from startup_stm32f103xe.o(.text) referenced from startup_stm32f103xe.o(RESET)
 <LI><a href="#[35]">USART2_IRQHandler</a> from startup_stm32f103xe.o(.text) referenced from startup_stm32f103xe.o(RESET)
 <LI><a href="#[36]">USART3_IRQHandler</a> from startup_stm32f103xe.o(.text) referenced from startup_stm32f103xe.o(RESET)
 <LI><a href="#[39]">USBWakeUp_IRQHandler</a> from startup_stm32f103xe.o(.text) referenced from startup_stm32f103xe.o(RESET)
 <LI><a href="#[22]">USB_HP_CAN1_TX_IRQHandler</a> from startup_stm32f103xe.o(.text) referenced from startup_stm32f103xe.o(RESET)
 <LI><a href="#[23]">USB_LP_CAN1_RX0_IRQHandler</a> from startup_stm32f103xe.o(.text) referenced from startup_stm32f103xe.o(RESET)
 <LI><a href="#[a]">UsageFault_Handler</a> from stm32f1xx_it.o(i.UsageFault_Handler) referenced from startup_stm32f103xe.o(RESET)
 <LI><a href="#[f]">WWDG_IRQHandler</a> from startup_stm32f103xe.o(.text) referenced from startup_stm32f103xe.o(RESET)
 <LI><a href="#[4e]">[local to unwinder_c]::EIT_comparator(const void*, const void*)</a> from unwinder.o(.text) referenced from unwinder.o(.text)
 <LI><a href="#[4f]">__aeabi_unwind_cpp_pr0</a> from unwind_pr0.o(.text) referenced from unwinder.o(.text)
 <LI><a href="#[50]">__aeabi_unwind_cpp_pr1</a> from unwind_pr1.o(.text) referenced from unwinder.o(.text)
 <LI><a href="#[4d]">__main</a> from entry.o(.ARM.Collect$$$$00000000) referenced from startup_stm32f103xe.o(.text)
 <LI><a href="#[5b]">fputc</a> from usart.o(i.fputc) referenced from printf8.o(i.__0printf$8)
 <LI><a href="#[4b]">main</a> from main.o(i.main) referenced from entry9a.o(.ARM.Collect$$$$0000000B)
</UL>
<P>
<H3>
Global Symbols
</H3>
<P><STRONG><a name="[4d]"></a>__main</STRONG> (Thumb, 0 bytes, Stack size unknown bytes, entry.o(.ARM.Collect$$$$00000000))
<BR>[Address Reference Count : 1]<UL><LI> startup_stm32f103xe.o(.text)
</UL>
<P><STRONG><a name="[101]"></a>_main_stk</STRONG> (Thumb, 0 bytes, Stack size unknown bytes, entry2.o(.ARM.Collect$$$$00000001))

<P><STRONG><a name="[5c]"></a>_main_scatterload</STRONG> (Thumb, 0 bytes, Stack size unknown bytes, entry5.o(.ARM.Collect$$$$00000004))
<BR><BR>[Calls]<UL><LI><a href="#[5d]">&gt;&gt;</a>&nbsp;&nbsp;&nbsp;__scatterload
</UL>

<P><STRONG><a name="[76]"></a>__main_after_scatterload</STRONG> (Thumb, 0 bytes, Stack size unknown bytes, entry5.o(.ARM.Collect$$$$00000004))
<BR><BR>[Called By]<UL><LI><a href="#[5d]">&gt;&gt;</a>&nbsp;&nbsp;&nbsp;__scatterload
</UL>

<P><STRONG><a name="[102]"></a>_main_clock</STRONG> (Thumb, 0 bytes, Stack size unknown bytes, entry7b.o(.ARM.Collect$$$$00000008))

<P><STRONG><a name="[103]"></a>_main_cpp_init</STRONG> (Thumb, 0 bytes, Stack size unknown bytes, entry8b.o(.ARM.Collect$$$$0000000A))

<P><STRONG><a name="[104]"></a>_main_init</STRONG> (Thumb, 0 bytes, Stack size unknown bytes, entry9a.o(.ARM.Collect$$$$0000000B))

<P><STRONG><a name="[105]"></a>__rt_lib_shutdown_fini</STRONG> (Thumb, 0 bytes, Stack size unknown bytes, entry12b.o(.ARM.Collect$$$$0000000E))

<P><STRONG><a name="[106]"></a>__rt_final_cpp</STRONG> (Thumb, 0 bytes, Stack size unknown bytes, entry10a.o(.ARM.Collect$$$$0000000F))

<P><STRONG><a name="[107]"></a>__rt_final_exit</STRONG> (Thumb, 0 bytes, Stack size unknown bytes, entry11a.o(.ARM.Collect$$$$00000011))

<P><STRONG><a name="[0]"></a>__ARM_Unwind_VRS_VFPpreserve_low</STRONG> (Thumb, 6 bytes, Stack size 0 bytes, unwinder.o(.emb_text), UNUSED)

<P><STRONG><a name="[1]"></a>__ARM_Unwind_VRS_VFPpreserve_high</STRONG> (Thumb, 6 bytes, Stack size 0 bytes, unwinder.o(.emb_text), UNUSED)

<P><STRONG><a name="[2]"></a>__ARM_Unwind_VRS_VFPrestore_low</STRONG> (Thumb, 6 bytes, Stack size 0 bytes, unwinder.o(.emb_text), UNUSED)

<P><STRONG><a name="[3]"></a>__ARM_Unwind_VRS_VFPrestore_high</STRONG> (Thumb, 6 bytes, Stack size 0 bytes, unwinder.o(.emb_text), UNUSED)

<P><STRONG><a name="[71]"></a>__ARM_Unwind_VRS_corerestore</STRONG> (Thumb, 26 bytes, Stack size 0 bytes, unwinder.o(.emb_text), UNUSED)
<BR><BR>[Called By]<UL><LI><a href="#[70]">&gt;&gt;</a>&nbsp;&nbsp;&nbsp;__ARM_unwind_next_frame
<LI><a href="#[61]">&gt;&gt;</a>&nbsp;&nbsp;&nbsp;__ARM_Unwind_Resume
</UL>

<P><STRONG><a name="[5e]"></a>_Unwind_RaiseException</STRONG> (Thumb, 46 bytes, Stack size 0 bytes, unwinder.o(.emb_text), UNUSED)
<BR><BR>[Calls]<UL><LI><a href="#[5f]">&gt;&gt;</a>&nbsp;&nbsp;&nbsp;__ARM_Unwind_RaiseException
</UL>

<P><STRONG><a name="[60]"></a>_Unwind_Resume</STRONG> (Thumb, 28 bytes, Stack size 0 bytes, unwinder.o(.emb_text), UNUSED)
<BR><BR>[Calls]<UL><LI><a href="#[61]">&gt;&gt;</a>&nbsp;&nbsp;&nbsp;__ARM_Unwind_Resume
</UL>

<P><STRONG><a name="[68]"></a>_Unwind_Activity</STRONG> (Thumb, 4 bytes, Stack size 0 bytes, unwind_activity.o(.emb_text))
<BR><BR>[Called By]<UL><LI><a href="#[5f]">&gt;&gt;</a>&nbsp;&nbsp;&nbsp;__ARM_Unwind_RaiseException
<LI><a href="#[6e]">&gt;&gt;</a>&nbsp;&nbsp;&nbsp;[local to unwinder_c]::find_and_expand_eit_entry(_Unwind_Control_Block*, unsigned)
<LI><a href="#[62]">&gt;&gt;</a>&nbsp;&nbsp;&nbsp;__ARM_unwind_cpp_prcommon
</UL>

<P><STRONG><a name="[108]"></a>__asm___6_main_c_test_a____REV16</STRONG> (Thumb, 4 bytes, Stack size 0 bytes, main.o(.rev16_text), UNUSED)

<P><STRONG><a name="[109]"></a>__asm___6_gpio_c_62724882____REV16</STRONG> (Thumb, 4 bytes, Stack size 0 bytes, gpio.o(.rev16_text), UNUSED)

<P><STRONG><a name="[10a]"></a>__asm___7_usart_c_aa2567c7____REV16</STRONG> (Thumb, 4 bytes, Stack size 0 bytes, usart.o(.rev16_text), UNUSED)

<P><STRONG><a name="[10b]"></a>__asm___14_stm32f1xx_it_c_bb8ca80c____REV16</STRONG> (Thumb, 4 bytes, Stack size 0 bytes, stm32f1xx_it.o(.rev16_text), UNUSED)

<P><STRONG><a name="[10c]"></a>__asm___19_stm32f1xx_hal_msp_c_d46e2bee____REV16</STRONG> (Thumb, 4 bytes, Stack size 0 bytes, stm32f1xx_hal_msp.o(.rev16_text), UNUSED)

<P><STRONG><a name="[10d]"></a>__asm___23_stm32f1xx_hal_gpio_ex_c_61b0f410____REV16</STRONG> (Thumb, 4 bytes, Stack size 0 bytes, stm32f1xx_hal_gpio_ex.o(.rev16_text), UNUSED)

<P><STRONG><a name="[10e]"></a>__asm___19_stm32f1xx_hal_tim_c____REV16</STRONG> (Thumb, 4 bytes, Stack size 0 bytes, stm32f1xx_hal_tim.o(.rev16_text), UNUSED)

<P><STRONG><a name="[10f]"></a>__asm___22_stm32f1xx_hal_tim_ex_c____REV16</STRONG> (Thumb, 4 bytes, Stack size 0 bytes, stm32f1xx_hal_tim_ex.o(.rev16_text), UNUSED)

<P><STRONG><a name="[110]"></a>__asm___20_stm32f1xx_hal_uart_c_d497114f____REV16</STRONG> (Thumb, 4 bytes, Stack size 0 bytes, stm32f1xx_hal_uart.o(.rev16_text), UNUSED)

<P><STRONG><a name="[111]"></a>__asm___15_stm32f1xx_hal_c_3da258af____REV16</STRONG> (Thumb, 4 bytes, Stack size 0 bytes, stm32f1xx_hal.o(.rev16_text), UNUSED)

<P><STRONG><a name="[112]"></a>__asm___19_stm32f1xx_hal_rcc_c_b7071a4b____REV16</STRONG> (Thumb, 4 bytes, Stack size 0 bytes, stm32f1xx_hal_rcc.o(.rev16_text), UNUSED)

<P><STRONG><a name="[113]"></a>__asm___22_stm32f1xx_hal_rcc_ex_c_bed13b44____REV16</STRONG> (Thumb, 4 bytes, Stack size 0 bytes, stm32f1xx_hal_rcc_ex.o(.rev16_text), UNUSED)

<P><STRONG><a name="[114]"></a>__asm___20_stm32f1xx_hal_gpio_c_ea787061____REV16</STRONG> (Thumb, 4 bytes, Stack size 0 bytes, stm32f1xx_hal_gpio.o(.rev16_text), UNUSED)

<P><STRONG><a name="[115]"></a>__asm___19_stm32f1xx_hal_dma_c_c25f65ec____REV16</STRONG> (Thumb, 4 bytes, Stack size 0 bytes, stm32f1xx_hal_dma.o(.rev16_text), UNUSED)

<P><STRONG><a name="[116]"></a>__asm___22_stm32f1xx_hal_cortex_c_2992dbc0____REV16</STRONG> (Thumb, 4 bytes, Stack size 0 bytes, stm32f1xx_hal_cortex.o(.rev16_text), UNUSED)

<P><STRONG><a name="[117]"></a>__asm___19_stm32f1xx_hal_pwr_c_f2cfe8be____REV16</STRONG> (Thumb, 4 bytes, Stack size 0 bytes, stm32f1xx_hal_pwr.o(.rev16_text), UNUSED)

<P><STRONG><a name="[118]"></a>__asm___21_stm32f1xx_hal_flash_c_48aa8f3e____REV16</STRONG> (Thumb, 4 bytes, Stack size 0 bytes, stm32f1xx_hal_flash.o(.rev16_text), UNUSED)

<P><STRONG><a name="[119]"></a>__asm___24_stm32f1xx_hal_flash_ex_c_6648b60e____REV16</STRONG> (Thumb, 4 bytes, Stack size 0 bytes, stm32f1xx_hal_flash_ex.o(.rev16_text), UNUSED)

<P><STRONG><a name="[11a]"></a>__asm___20_stm32f1xx_hal_exti_c_ad9bfa1e____REV16</STRONG> (Thumb, 4 bytes, Stack size 0 bytes, stm32f1xx_hal_exti.o(.rev16_text), UNUSED)

<P><STRONG><a name="[11b]"></a>__asm___18_system_stm32f1xx_c_5d646a67____REV16</STRONG> (Thumb, 4 bytes, Stack size 0 bytes, system_stm32f1xx.o(.rev16_text), UNUSED)

<P><STRONG><a name="[11c]"></a>__asm___6_main_c_test_a____REVSH</STRONG> (Thumb, 4 bytes, Stack size 0 bytes, main.o(.revsh_text), UNUSED)

<P><STRONG><a name="[11d]"></a>__asm___6_gpio_c_62724882____REVSH</STRONG> (Thumb, 4 bytes, Stack size 0 bytes, gpio.o(.revsh_text), UNUSED)

<P><STRONG><a name="[11e]"></a>__asm___7_usart_c_aa2567c7____REVSH</STRONG> (Thumb, 4 bytes, Stack size 0 bytes, usart.o(.revsh_text), UNUSED)

<P><STRONG><a name="[11f]"></a>__asm___14_stm32f1xx_it_c_bb8ca80c____REVSH</STRONG> (Thumb, 4 bytes, Stack size 0 bytes, stm32f1xx_it.o(.revsh_text), UNUSED)

<P><STRONG><a name="[120]"></a>__asm___19_stm32f1xx_hal_msp_c_d46e2bee____REVSH</STRONG> (Thumb, 4 bytes, Stack size 0 bytes, stm32f1xx_hal_msp.o(.revsh_text), UNUSED)

<P><STRONG><a name="[121]"></a>__asm___23_stm32f1xx_hal_gpio_ex_c_61b0f410____REVSH</STRONG> (Thumb, 4 bytes, Stack size 0 bytes, stm32f1xx_hal_gpio_ex.o(.revsh_text), UNUSED)

<P><STRONG><a name="[122]"></a>__asm___19_stm32f1xx_hal_tim_c____REVSH</STRONG> (Thumb, 4 bytes, Stack size 0 bytes, stm32f1xx_hal_tim.o(.revsh_text), UNUSED)

<P><STRONG><a name="[123]"></a>__asm___22_stm32f1xx_hal_tim_ex_c____REVSH</STRONG> (Thumb, 4 bytes, Stack size 0 bytes, stm32f1xx_hal_tim_ex.o(.revsh_text), UNUSED)

<P><STRONG><a name="[124]"></a>__asm___20_stm32f1xx_hal_uart_c_d497114f____REVSH</STRONG> (Thumb, 4 bytes, Stack size 0 bytes, stm32f1xx_hal_uart.o(.revsh_text), UNUSED)

<P><STRONG><a name="[125]"></a>__asm___15_stm32f1xx_hal_c_3da258af____REVSH</STRONG> (Thumb, 4 bytes, Stack size 0 bytes, stm32f1xx_hal.o(.revsh_text), UNUSED)

<P><STRONG><a name="[126]"></a>__asm___19_stm32f1xx_hal_rcc_c_b7071a4b____REVSH</STRONG> (Thumb, 4 bytes, Stack size 0 bytes, stm32f1xx_hal_rcc.o(.revsh_text), UNUSED)

<P><STRONG><a name="[127]"></a>__asm___22_stm32f1xx_hal_rcc_ex_c_bed13b44____REVSH</STRONG> (Thumb, 4 bytes, Stack size 0 bytes, stm32f1xx_hal_rcc_ex.o(.revsh_text), UNUSED)

<P><STRONG><a name="[128]"></a>__asm___20_stm32f1xx_hal_gpio_c_ea787061____REVSH</STRONG> (Thumb, 4 bytes, Stack size 0 bytes, stm32f1xx_hal_gpio.o(.revsh_text), UNUSED)

<P><STRONG><a name="[129]"></a>__asm___19_stm32f1xx_hal_dma_c_c25f65ec____REVSH</STRONG> (Thumb, 4 bytes, Stack size 0 bytes, stm32f1xx_hal_dma.o(.revsh_text), UNUSED)

<P><STRONG><a name="[12a]"></a>__asm___22_stm32f1xx_hal_cortex_c_2992dbc0____REVSH</STRONG> (Thumb, 4 bytes, Stack size 0 bytes, stm32f1xx_hal_cortex.o(.revsh_text), UNUSED)

<P><STRONG><a name="[12b]"></a>__asm___19_stm32f1xx_hal_pwr_c_f2cfe8be____REVSH</STRONG> (Thumb, 4 bytes, Stack size 0 bytes, stm32f1xx_hal_pwr.o(.revsh_text), UNUSED)

<P><STRONG><a name="[12c]"></a>__asm___21_stm32f1xx_hal_flash_c_48aa8f3e____REVSH</STRONG> (Thumb, 4 bytes, Stack size 0 bytes, stm32f1xx_hal_flash.o(.revsh_text), UNUSED)

<P><STRONG><a name="[12d]"></a>__asm___24_stm32f1xx_hal_flash_ex_c_6648b60e____REVSH</STRONG> (Thumb, 4 bytes, Stack size 0 bytes, stm32f1xx_hal_flash_ex.o(.revsh_text), UNUSED)

<P><STRONG><a name="[12e]"></a>__asm___20_stm32f1xx_hal_exti_c_ad9bfa1e____REVSH</STRONG> (Thumb, 4 bytes, Stack size 0 bytes, stm32f1xx_hal_exti.o(.revsh_text), UNUSED)

<P><STRONG><a name="[12f]"></a>__asm___18_system_stm32f1xx_c_5d646a67____REVSH</STRONG> (Thumb, 4 bytes, Stack size 0 bytes, system_stm32f1xx.o(.revsh_text), UNUSED)

<P><STRONG><a name="[130]"></a>__asm___6_main_c_test_a____RRX</STRONG> (Thumb, 6 bytes, Stack size 0 bytes, main.o(.rrx_text), UNUSED)

<P><STRONG><a name="[131]"></a>__asm___6_gpio_c_62724882____RRX</STRONG> (Thumb, 6 bytes, Stack size 0 bytes, gpio.o(.rrx_text), UNUSED)

<P><STRONG><a name="[132]"></a>__asm___7_usart_c_aa2567c7____RRX</STRONG> (Thumb, 6 bytes, Stack size 0 bytes, usart.o(.rrx_text), UNUSED)

<P><STRONG><a name="[133]"></a>__asm___14_stm32f1xx_it_c_bb8ca80c____RRX</STRONG> (Thumb, 6 bytes, Stack size 0 bytes, stm32f1xx_it.o(.rrx_text), UNUSED)

<P><STRONG><a name="[134]"></a>__asm___19_stm32f1xx_hal_msp_c_d46e2bee____RRX</STRONG> (Thumb, 6 bytes, Stack size 0 bytes, stm32f1xx_hal_msp.o(.rrx_text), UNUSED)

<P><STRONG><a name="[135]"></a>__asm___23_stm32f1xx_hal_gpio_ex_c_61b0f410____RRX</STRONG> (Thumb, 6 bytes, Stack size 0 bytes, stm32f1xx_hal_gpio_ex.o(.rrx_text), UNUSED)

<P><STRONG><a name="[136]"></a>__asm___19_stm32f1xx_hal_tim_c____RRX</STRONG> (Thumb, 6 bytes, Stack size 0 bytes, stm32f1xx_hal_tim.o(.rrx_text), UNUSED)

<P><STRONG><a name="[137]"></a>__asm___22_stm32f1xx_hal_tim_ex_c____RRX</STRONG> (Thumb, 6 bytes, Stack size 0 bytes, stm32f1xx_hal_tim_ex.o(.rrx_text), UNUSED)

<P><STRONG><a name="[138]"></a>__asm___20_stm32f1xx_hal_uart_c_d497114f____RRX</STRONG> (Thumb, 6 bytes, Stack size 0 bytes, stm32f1xx_hal_uart.o(.rrx_text), UNUSED)

<P><STRONG><a name="[139]"></a>__asm___15_stm32f1xx_hal_c_3da258af____RRX</STRONG> (Thumb, 6 bytes, Stack size 0 bytes, stm32f1xx_hal.o(.rrx_text), UNUSED)

<P><STRONG><a name="[13a]"></a>__asm___19_stm32f1xx_hal_rcc_c_b7071a4b____RRX</STRONG> (Thumb, 6 bytes, Stack size 0 bytes, stm32f1xx_hal_rcc.o(.rrx_text), UNUSED)

<P><STRONG><a name="[13b]"></a>__asm___22_stm32f1xx_hal_rcc_ex_c_bed13b44____RRX</STRONG> (Thumb, 6 bytes, Stack size 0 bytes, stm32f1xx_hal_rcc_ex.o(.rrx_text), UNUSED)

<P><STRONG><a name="[13c]"></a>__asm___20_stm32f1xx_hal_gpio_c_ea787061____RRX</STRONG> (Thumb, 6 bytes, Stack size 0 bytes, stm32f1xx_hal_gpio.o(.rrx_text), UNUSED)

<P><STRONG><a name="[13d]"></a>__asm___19_stm32f1xx_hal_dma_c_c25f65ec____RRX</STRONG> (Thumb, 6 bytes, Stack size 0 bytes, stm32f1xx_hal_dma.o(.rrx_text), UNUSED)

<P><STRONG><a name="[13e]"></a>__asm___22_stm32f1xx_hal_cortex_c_2992dbc0____RRX</STRONG> (Thumb, 6 bytes, Stack size 0 bytes, stm32f1xx_hal_cortex.o(.rrx_text), UNUSED)

<P><STRONG><a name="[13f]"></a>__asm___19_stm32f1xx_hal_pwr_c_f2cfe8be____RRX</STRONG> (Thumb, 6 bytes, Stack size 0 bytes, stm32f1xx_hal_pwr.o(.rrx_text), UNUSED)

<P><STRONG><a name="[140]"></a>__asm___21_stm32f1xx_hal_flash_c_48aa8f3e____RRX</STRONG> (Thumb, 6 bytes, Stack size 0 bytes, stm32f1xx_hal_flash.o(.rrx_text), UNUSED)

<P><STRONG><a name="[141]"></a>__asm___24_stm32f1xx_hal_flash_ex_c_6648b60e____RRX</STRONG> (Thumb, 6 bytes, Stack size 0 bytes, stm32f1xx_hal_flash_ex.o(.rrx_text), UNUSED)

<P><STRONG><a name="[142]"></a>__asm___20_stm32f1xx_hal_exti_c_ad9bfa1e____RRX</STRONG> (Thumb, 6 bytes, Stack size 0 bytes, stm32f1xx_hal_exti.o(.rrx_text), UNUSED)

<P><STRONG><a name="[143]"></a>__asm___18_system_stm32f1xx_c_5d646a67____RRX</STRONG> (Thumb, 6 bytes, Stack size 0 bytes, system_stm32f1xx.o(.rrx_text), UNUSED)

<P><STRONG><a name="[5]"></a>Reset_Handler</STRONG> (Thumb, 8 bytes, Stack size 0 bytes, startup_stm32f103xe.o(.text))
<BR>[Address Reference Count : 1]<UL><LI> startup_stm32f103xe.o(RESET)
</UL>
<P><STRONG><a name="[21]"></a>ADC1_2_IRQHandler</STRONG> (Thumb, 0 bytes, Stack size 0 bytes, startup_stm32f103xe.o(.text))
<BR><BR>[Calls]<UL><LI><a href="#[21]">&gt;&gt;</a>&nbsp;&nbsp;&nbsp;ADC1_2_IRQHandler
</UL>
<BR>[Called By]<UL><LI><a href="#[21]">&gt;&gt;</a>&nbsp;&nbsp;&nbsp;ADC1_2_IRQHandler
</UL>
<BR>[Address Reference Count : 1]<UL><LI> startup_stm32f103xe.o(RESET)
</UL>
<P><STRONG><a name="[3e]"></a>ADC3_IRQHandler</STRONG> (Thumb, 0 bytes, Stack size 0 bytes, startup_stm32f103xe.o(.text))
<BR>[Address Reference Count : 1]<UL><LI> startup_stm32f103xe.o(RESET)
</UL>
<P><STRONG><a name="[24]"></a>CAN1_RX1_IRQHandler</STRONG> (Thumb, 0 bytes, Stack size 0 bytes, startup_stm32f103xe.o(.text))
<BR>[Address Reference Count : 1]<UL><LI> startup_stm32f103xe.o(RESET)
</UL>
<P><STRONG><a name="[25]"></a>CAN1_SCE_IRQHandler</STRONG> (Thumb, 0 bytes, Stack size 0 bytes, startup_stm32f103xe.o(.text))
<BR>[Address Reference Count : 1]<UL><LI> startup_stm32f103xe.o(RESET)
</UL>
<P><STRONG><a name="[1a]"></a>DMA1_Channel1_IRQHandler</STRONG> (Thumb, 0 bytes, Stack size 0 bytes, startup_stm32f103xe.o(.text))
<BR>[Address Reference Count : 1]<UL><LI> startup_stm32f103xe.o(RESET)
</UL>
<P><STRONG><a name="[1b]"></a>DMA1_Channel2_IRQHandler</STRONG> (Thumb, 0 bytes, Stack size 0 bytes, startup_stm32f103xe.o(.text))
<BR>[Address Reference Count : 1]<UL><LI> startup_stm32f103xe.o(RESET)
</UL>
<P><STRONG><a name="[1c]"></a>DMA1_Channel3_IRQHandler</STRONG> (Thumb, 0 bytes, Stack size 0 bytes, startup_stm32f103xe.o(.text))
<BR>[Address Reference Count : 1]<UL><LI> startup_stm32f103xe.o(RESET)
</UL>
<P><STRONG><a name="[1d]"></a>DMA1_Channel4_IRQHandler</STRONG> (Thumb, 0 bytes, Stack size 0 bytes, startup_stm32f103xe.o(.text))
<BR>[Address Reference Count : 1]<UL><LI> startup_stm32f103xe.o(RESET)
</UL>
<P><STRONG><a name="[1e]"></a>DMA1_Channel5_IRQHandler</STRONG> (Thumb, 0 bytes, Stack size 0 bytes, startup_stm32f103xe.o(.text))
<BR>[Address Reference Count : 1]<UL><LI> startup_stm32f103xe.o(RESET)
</UL>
<P><STRONG><a name="[1f]"></a>DMA1_Channel6_IRQHandler</STRONG> (Thumb, 0 bytes, Stack size 0 bytes, startup_stm32f103xe.o(.text))
<BR>[Address Reference Count : 1]<UL><LI> startup_stm32f103xe.o(RESET)
</UL>
<P><STRONG><a name="[20]"></a>DMA1_Channel7_IRQHandler</STRONG> (Thumb, 0 bytes, Stack size 0 bytes, startup_stm32f103xe.o(.text))
<BR>[Address Reference Count : 1]<UL><LI> startup_stm32f103xe.o(RESET)
</UL>
<P><STRONG><a name="[47]"></a>DMA2_Channel1_IRQHandler</STRONG> (Thumb, 0 bytes, Stack size 0 bytes, startup_stm32f103xe.o(.text))
<BR>[Address Reference Count : 1]<UL><LI> startup_stm32f103xe.o(RESET)
</UL>
<P><STRONG><a name="[48]"></a>DMA2_Channel2_IRQHandler</STRONG> (Thumb, 0 bytes, Stack size 0 bytes, startup_stm32f103xe.o(.text))
<BR>[Address Reference Count : 1]<UL><LI> startup_stm32f103xe.o(RESET)
</UL>
<P><STRONG><a name="[49]"></a>DMA2_Channel3_IRQHandler</STRONG> (Thumb, 0 bytes, Stack size 0 bytes, startup_stm32f103xe.o(.text))
<BR>[Address Reference Count : 1]<UL><LI> startup_stm32f103xe.o(RESET)
</UL>
<P><STRONG><a name="[4a]"></a>DMA2_Channel4_5_IRQHandler</STRONG> (Thumb, 0 bytes, Stack size 0 bytes, startup_stm32f103xe.o(.text))
<BR>[Address Reference Count : 1]<UL><LI> startup_stm32f103xe.o(RESET)
</UL>
<P><STRONG><a name="[15]"></a>EXTI0_IRQHandler</STRONG> (Thumb, 0 bytes, Stack size 0 bytes, startup_stm32f103xe.o(.text))
<BR>[Address Reference Count : 1]<UL><LI> startup_stm32f103xe.o(RESET)
</UL>
<P><STRONG><a name="[37]"></a>EXTI15_10_IRQHandler</STRONG> (Thumb, 0 bytes, Stack size 0 bytes, startup_stm32f103xe.o(.text))
<BR>[Address Reference Count : 1]<UL><LI> startup_stm32f103xe.o(RESET)
</UL>
<P><STRONG><a name="[16]"></a>EXTI1_IRQHandler</STRONG> (Thumb, 0 bytes, Stack size 0 bytes, startup_stm32f103xe.o(.text))
<BR>[Address Reference Count : 1]<UL><LI> startup_stm32f103xe.o(RESET)
</UL>
<P><STRONG><a name="[17]"></a>EXTI2_IRQHandler</STRONG> (Thumb, 0 bytes, Stack size 0 bytes, startup_stm32f103xe.o(.text))
<BR>[Address Reference Count : 1]<UL><LI> startup_stm32f103xe.o(RESET)
</UL>
<P><STRONG><a name="[18]"></a>EXTI3_IRQHandler</STRONG> (Thumb, 0 bytes, Stack size 0 bytes, startup_stm32f103xe.o(.text))
<BR>[Address Reference Count : 1]<UL><LI> startup_stm32f103xe.o(RESET)
</UL>
<P><STRONG><a name="[19]"></a>EXTI4_IRQHandler</STRONG> (Thumb, 0 bytes, Stack size 0 bytes, startup_stm32f103xe.o(.text))
<BR>[Address Reference Count : 1]<UL><LI> startup_stm32f103xe.o(RESET)
</UL>
<P><STRONG><a name="[26]"></a>EXTI9_5_IRQHandler</STRONG> (Thumb, 0 bytes, Stack size 0 bytes, startup_stm32f103xe.o(.text))
<BR>[Address Reference Count : 1]<UL><LI> startup_stm32f103xe.o(RESET)
</UL>
<P><STRONG><a name="[13]"></a>FLASH_IRQHandler</STRONG> (Thumb, 0 bytes, Stack size 0 bytes, startup_stm32f103xe.o(.text))
<BR>[Address Reference Count : 1]<UL><LI> startup_stm32f103xe.o(RESET)
</UL>
<P><STRONG><a name="[3f]"></a>FSMC_IRQHandler</STRONG> (Thumb, 0 bytes, Stack size 0 bytes, startup_stm32f103xe.o(.text))
<BR>[Address Reference Count : 1]<UL><LI> startup_stm32f103xe.o(RESET)
</UL>
<P><STRONG><a name="[2f]"></a>I2C1_ER_IRQHandler</STRONG> (Thumb, 0 bytes, Stack size 0 bytes, startup_stm32f103xe.o(.text))
<BR>[Address Reference Count : 1]<UL><LI> startup_stm32f103xe.o(RESET)
</UL>
<P><STRONG><a name="[2e]"></a>I2C1_EV_IRQHandler</STRONG> (Thumb, 0 bytes, Stack size 0 bytes, startup_stm32f103xe.o(.text))
<BR>[Address Reference Count : 1]<UL><LI> startup_stm32f103xe.o(RESET)
</UL>
<P><STRONG><a name="[31]"></a>I2C2_ER_IRQHandler</STRONG> (Thumb, 0 bytes, Stack size 0 bytes, startup_stm32f103xe.o(.text))
<BR>[Address Reference Count : 1]<UL><LI> startup_stm32f103xe.o(RESET)
</UL>
<P><STRONG><a name="[30]"></a>I2C2_EV_IRQHandler</STRONG> (Thumb, 0 bytes, Stack size 0 bytes, startup_stm32f103xe.o(.text))
<BR>[Address Reference Count : 1]<UL><LI> startup_stm32f103xe.o(RESET)
</UL>
<P><STRONG><a name="[10]"></a>PVD_IRQHandler</STRONG> (Thumb, 0 bytes, Stack size 0 bytes, startup_stm32f103xe.o(.text))
<BR>[Address Reference Count : 1]<UL><LI> startup_stm32f103xe.o(RESET)
</UL>
<P><STRONG><a name="[14]"></a>RCC_IRQHandler</STRONG> (Thumb, 0 bytes, Stack size 0 bytes, startup_stm32f103xe.o(.text))
<BR>[Address Reference Count : 1]<UL><LI> startup_stm32f103xe.o(RESET)
</UL>
<P><STRONG><a name="[38]"></a>RTC_Alarm_IRQHandler</STRONG> (Thumb, 0 bytes, Stack size 0 bytes, startup_stm32f103xe.o(.text))
<BR>[Address Reference Count : 1]<UL><LI> startup_stm32f103xe.o(RESET)
</UL>
<P><STRONG><a name="[12]"></a>RTC_IRQHandler</STRONG> (Thumb, 0 bytes, Stack size 0 bytes, startup_stm32f103xe.o(.text))
<BR>[Address Reference Count : 1]<UL><LI> startup_stm32f103xe.o(RESET)
</UL>
<P><STRONG><a name="[40]"></a>SDIO_IRQHandler</STRONG> (Thumb, 0 bytes, Stack size 0 bytes, startup_stm32f103xe.o(.text))
<BR>[Address Reference Count : 1]<UL><LI> startup_stm32f103xe.o(RESET)
</UL>
<P><STRONG><a name="[32]"></a>SPI1_IRQHandler</STRONG> (Thumb, 0 bytes, Stack size 0 bytes, startup_stm32f103xe.o(.text))
<BR>[Address Reference Count : 1]<UL><LI> startup_stm32f103xe.o(RESET)
</UL>
<P><STRONG><a name="[33]"></a>SPI2_IRQHandler</STRONG> (Thumb, 0 bytes, Stack size 0 bytes, startup_stm32f103xe.o(.text))
<BR>[Address Reference Count : 1]<UL><LI> startup_stm32f103xe.o(RESET)
</UL>
<P><STRONG><a name="[42]"></a>SPI3_IRQHandler</STRONG> (Thumb, 0 bytes, Stack size 0 bytes, startup_stm32f103xe.o(.text))
<BR>[Address Reference Count : 1]<UL><LI> startup_stm32f103xe.o(RESET)
</UL>
<P><STRONG><a name="[11]"></a>TAMPER_IRQHandler</STRONG> (Thumb, 0 bytes, Stack size 0 bytes, startup_stm32f103xe.o(.text))
<BR>[Address Reference Count : 1]<UL><LI> startup_stm32f103xe.o(RESET)
</UL>
<P><STRONG><a name="[27]"></a>TIM1_BRK_IRQHandler</STRONG> (Thumb, 0 bytes, Stack size 0 bytes, startup_stm32f103xe.o(.text))
<BR>[Address Reference Count : 1]<UL><LI> startup_stm32f103xe.o(RESET)
</UL>
<P><STRONG><a name="[2a]"></a>TIM1_CC_IRQHandler</STRONG> (Thumb, 0 bytes, Stack size 0 bytes, startup_stm32f103xe.o(.text))
<BR>[Address Reference Count : 1]<UL><LI> startup_stm32f103xe.o(RESET)
</UL>
<P><STRONG><a name="[29]"></a>TIM1_TRG_COM_IRQHandler</STRONG> (Thumb, 0 bytes, Stack size 0 bytes, startup_stm32f103xe.o(.text))
<BR>[Address Reference Count : 1]<UL><LI> startup_stm32f103xe.o(RESET)
</UL>
<P><STRONG><a name="[28]"></a>TIM1_UP_IRQHandler</STRONG> (Thumb, 0 bytes, Stack size 0 bytes, startup_stm32f103xe.o(.text))
<BR>[Address Reference Count : 1]<UL><LI> startup_stm32f103xe.o(RESET)
</UL>
<P><STRONG><a name="[2b]"></a>TIM2_IRQHandler</STRONG> (Thumb, 0 bytes, Stack size 0 bytes, startup_stm32f103xe.o(.text))
<BR>[Address Reference Count : 1]<UL><LI> startup_stm32f103xe.o(RESET)
</UL>
<P><STRONG><a name="[2c]"></a>TIM3_IRQHandler</STRONG> (Thumb, 0 bytes, Stack size 0 bytes, startup_stm32f103xe.o(.text))
<BR>[Address Reference Count : 1]<UL><LI> startup_stm32f103xe.o(RESET)
</UL>
<P><STRONG><a name="[2d]"></a>TIM4_IRQHandler</STRONG> (Thumb, 0 bytes, Stack size 0 bytes, startup_stm32f103xe.o(.text))
<BR>[Address Reference Count : 1]<UL><LI> startup_stm32f103xe.o(RESET)
</UL>
<P><STRONG><a name="[41]"></a>TIM5_IRQHandler</STRONG> (Thumb, 0 bytes, Stack size 0 bytes, startup_stm32f103xe.o(.text))
<BR>[Address Reference Count : 1]<UL><LI> startup_stm32f103xe.o(RESET)
</UL>
<P><STRONG><a name="[45]"></a>TIM6_IRQHandler</STRONG> (Thumb, 0 bytes, Stack size 0 bytes, startup_stm32f103xe.o(.text))
<BR>[Address Reference Count : 1]<UL><LI> startup_stm32f103xe.o(RESET)
</UL>
<P><STRONG><a name="[46]"></a>TIM7_IRQHandler</STRONG> (Thumb, 0 bytes, Stack size 0 bytes, startup_stm32f103xe.o(.text))
<BR>[Address Reference Count : 1]<UL><LI> startup_stm32f103xe.o(RESET)
</UL>
<P><STRONG><a name="[3a]"></a>TIM8_BRK_IRQHandler</STRONG> (Thumb, 0 bytes, Stack size 0 bytes, startup_stm32f103xe.o(.text))
<BR>[Address Reference Count : 1]<UL><LI> startup_stm32f103xe.o(RESET)
</UL>
<P><STRONG><a name="[3d]"></a>TIM8_CC_IRQHandler</STRONG> (Thumb, 0 bytes, Stack size 0 bytes, startup_stm32f103xe.o(.text))
<BR>[Address Reference Count : 1]<UL><LI> startup_stm32f103xe.o(RESET)
</UL>
<P><STRONG><a name="[3c]"></a>TIM8_TRG_COM_IRQHandler</STRONG> (Thumb, 0 bytes, Stack size 0 bytes, startup_stm32f103xe.o(.text))
<BR>[Address Reference Count : 1]<UL><LI> startup_stm32f103xe.o(RESET)
</UL>
<P><STRONG><a name="[3b]"></a>TIM8_UP_IRQHandler</STRONG> (Thumb, 0 bytes, Stack size 0 bytes, startup_stm32f103xe.o(.text))
<BR>[Address Reference Count : 1]<UL><LI> startup_stm32f103xe.o(RESET)
</UL>
<P><STRONG><a name="[43]"></a>UART4_IRQHandler</STRONG> (Thumb, 0 bytes, Stack size 0 bytes, startup_stm32f103xe.o(.text))
<BR>[Address Reference Count : 1]<UL><LI> startup_stm32f103xe.o(RESET)
</UL>
<P><STRONG><a name="[44]"></a>UART5_IRQHandler</STRONG> (Thumb, 0 bytes, Stack size 0 bytes, startup_stm32f103xe.o(.text))
<BR>[Address Reference Count : 1]<UL><LI> startup_stm32f103xe.o(RESET)
</UL>
<P><STRONG><a name="[34]"></a>USART1_IRQHandler</STRONG> (Thumb, 0 bytes, Stack size 0 bytes, startup_stm32f103xe.o(.text))
<BR>[Address Reference Count : 1]<UL><LI> startup_stm32f103xe.o(RESET)
</UL>
<P><STRONG><a name="[35]"></a>USART2_IRQHandler</STRONG> (Thumb, 0 bytes, Stack size 0 bytes, startup_stm32f103xe.o(.text))
<BR>[Address Reference Count : 1]<UL><LI> startup_stm32f103xe.o(RESET)
</UL>
<P><STRONG><a name="[36]"></a>USART3_IRQHandler</STRONG> (Thumb, 0 bytes, Stack size 0 bytes, startup_stm32f103xe.o(.text))
<BR>[Address Reference Count : 1]<UL><LI> startup_stm32f103xe.o(RESET)
</UL>
<P><STRONG><a name="[39]"></a>USBWakeUp_IRQHandler</STRONG> (Thumb, 0 bytes, Stack size 0 bytes, startup_stm32f103xe.o(.text))
<BR>[Address Reference Count : 1]<UL><LI> startup_stm32f103xe.o(RESET)
</UL>
<P><STRONG><a name="[22]"></a>USB_HP_CAN1_TX_IRQHandler</STRONG> (Thumb, 0 bytes, Stack size 0 bytes, startup_stm32f103xe.o(.text))
<BR>[Address Reference Count : 1]<UL><LI> startup_stm32f103xe.o(RESET)
</UL>
<P><STRONG><a name="[23]"></a>USB_LP_CAN1_RX0_IRQHandler</STRONG> (Thumb, 0 bytes, Stack size 0 bytes, startup_stm32f103xe.o(.text))
<BR>[Address Reference Count : 1]<UL><LI> startup_stm32f103xe.o(RESET)
</UL>
<P><STRONG><a name="[f]"></a>WWDG_IRQHandler</STRONG> (Thumb, 0 bytes, Stack size 0 bytes, startup_stm32f103xe.o(.text))
<BR>[Address Reference Count : 1]<UL><LI> startup_stm32f103xe.o(RESET)
</UL>
<P><STRONG><a name="[50]"></a>__aeabi_unwind_cpp_pr1</STRONG> (Thumb, 6 bytes, Stack size 0 bytes, unwind_pr1.o(.text))
<BR><BR>[Stack]<UL><LI>Max Depth = 384<LI>Call Chain = __aeabi_unwind_cpp_pr1 &rArr; __ARM_unwind_cpp_prcommon &rArr; _Unwind_VRS_Pop
</UL>
<BR>[Calls]<UL><LI><a href="#[62]">&gt;&gt;</a>&nbsp;&nbsp;&nbsp;__ARM_unwind_cpp_prcommon
</UL>
<BR>[Address Reference Count : 1]<UL><LI> unwinder.o(.text)
</UL>
<P><STRONG><a name="[4f]"></a>__aeabi_unwind_cpp_pr0</STRONG> (Thumb, 6 bytes, Stack size 0 bytes, unwind_pr0.o(.text))
<BR><BR>[Stack]<UL><LI>Max Depth = 384<LI>Call Chain = __aeabi_unwind_cpp_pr0 &rArr; __ARM_unwind_cpp_prcommon &rArr; _Unwind_VRS_Pop
</UL>
<BR>[Calls]<UL><LI><a href="#[62]">&gt;&gt;</a>&nbsp;&nbsp;&nbsp;__ARM_unwind_cpp_prcommon
</UL>
<BR>[Address Reference Count : 1]<UL><LI> unwinder.o(.text)
</UL>
<P><STRONG><a name="[6c]"></a>__aeabi_llsr</STRONG> (Thumb, 32 bytes, Stack size 0 bytes, llushr.o(.text), UNUSED)
<BR><BR>[Called By]<UL><LI><a href="#[96]">&gt;&gt;</a>&nbsp;&nbsp;&nbsp;HAL_FLASH_Program
<LI><a href="#[6b]">&gt;&gt;</a>&nbsp;&nbsp;&nbsp;__aeabi_uldivmod
</UL>

<P><STRONG><a name="[144]"></a>_ll_ushift_r</STRONG> (Thumb, 0 bytes, Stack size 0 bytes, llushr.o(.text), UNUSED)

<P><STRONG><a name="[64]"></a>__aeabi_memset</STRONG> (Thumb, 14 bytes, Stack size 0 bytes, memseta.o(.text), UNUSED)
<BR><BR>[Called By]<UL><LI><a href="#[65]">&gt;&gt;</a>&nbsp;&nbsp;&nbsp;_memset$wrapper
<LI><a href="#[63]">&gt;&gt;</a>&nbsp;&nbsp;&nbsp;__aeabi_memclr
</UL>

<P><STRONG><a name="[145]"></a>__aeabi_memset4</STRONG> (Thumb, 0 bytes, Stack size 0 bytes, memseta.o(.text), UNUSED)

<P><STRONG><a name="[146]"></a>__aeabi_memset8</STRONG> (Thumb, 0 bytes, Stack size 0 bytes, memseta.o(.text), UNUSED)

<P><STRONG><a name="[63]"></a>__aeabi_memclr</STRONG> (Thumb, 4 bytes, Stack size 0 bytes, memseta.o(.text), UNUSED)
<BR><BR>[Calls]<UL><LI><a href="#[64]">&gt;&gt;</a>&nbsp;&nbsp;&nbsp;__aeabi_memset
</UL>

<P><STRONG><a name="[e5]"></a>__aeabi_memclr4</STRONG> (Thumb, 0 bytes, Stack size 0 bytes, memseta.o(.text))
<BR><BR>[Called By]<UL><LI><a href="#[e4]">&gt;&gt;</a>&nbsp;&nbsp;&nbsp;SystemClock_Config
</UL>

<P><STRONG><a name="[147]"></a>__aeabi_memclr8</STRONG> (Thumb, 0 bytes, Stack size 0 bytes, memseta.o(.text), UNUSED)

<P><STRONG><a name="[65]"></a>_memset$wrapper</STRONG> (Thumb, 18 bytes, Stack size 8 bytes, memseta.o(.text), UNUSED)
<BR><BR>[Calls]<UL><LI><a href="#[64]">&gt;&gt;</a>&nbsp;&nbsp;&nbsp;__aeabi_memset
</UL>

<P><STRONG><a name="[62]"></a>__ARM_unwind_cpp_prcommon</STRONG> (Thumb, 1472 bytes, Stack size 96 bytes, unwind_prcommon.o(.text))
<BR><BR>[Stack]<UL><LI>Max Depth = 384<LI>Call Chain = __ARM_unwind_cpp_prcommon &rArr; _Unwind_VRS_Pop
</UL>
<BR>[Calls]<UL><LI><a href="#[68]">&gt;&gt;</a>&nbsp;&nbsp;&nbsp;_Unwind_Activity
<LI><a href="#[6a]">&gt;&gt;</a>&nbsp;&nbsp;&nbsp;_Unwind_VRS_Pop
<LI><a href="#[66]">&gt;&gt;</a>&nbsp;&nbsp;&nbsp;_Unwind_VRS_Get
<LI><a href="#[67]">&gt;&gt;</a>&nbsp;&nbsp;&nbsp;_Unwind_VRS_Set
<LI><a href="#[69]">&gt;&gt;</a>&nbsp;&nbsp;&nbsp;[local to unwind_pr_c]::next_unwind_byte(uwdata*)
</UL>
<BR>[Called By]<UL><LI><a href="#[4f]">&gt;&gt;</a>&nbsp;&nbsp;&nbsp;__aeabi_unwind_cpp_pr0
<LI><a href="#[50]">&gt;&gt;</a>&nbsp;&nbsp;&nbsp;__aeabi_unwind_cpp_pr1
</UL>

<P><STRONG><a name="[6b]"></a>__aeabi_uldivmod</STRONG> (Thumb, 98 bytes, Stack size 40 bytes, uldiv.o(.text), UNUSED)
<BR><BR>[Calls]<UL><LI><a href="#[6c]">&gt;&gt;</a>&nbsp;&nbsp;&nbsp;__aeabi_llsr
<LI><a href="#[6d]">&gt;&gt;</a>&nbsp;&nbsp;&nbsp;__aeabi_llsl
</UL>
<BR>[Called By]<UL><LI><a href="#[eb]">&gt;&gt;</a>&nbsp;&nbsp;&nbsp;_printf_core
</UL>

<P><STRONG><a name="[67]"></a>_Unwind_VRS_Set</STRONG> (Thumb, 46 bytes, Stack size 8 bytes, unwinder.o(.text))
<BR><BR>[Stack]<UL><LI>Max Depth = 8<LI>Call Chain = _Unwind_VRS_Set
</UL>
<BR>[Called By]<UL><LI><a href="#[62]">&gt;&gt;</a>&nbsp;&nbsp;&nbsp;__ARM_unwind_cpp_prcommon
</UL>

<P><STRONG><a name="[66]"></a>_Unwind_VRS_Get</STRONG> (Thumb, 46 bytes, Stack size 8 bytes, unwinder.o(.text))
<BR><BR>[Stack]<UL><LI>Max Depth = 8<LI>Call Chain = _Unwind_VRS_Get
</UL>
<BR>[Called By]<UL><LI><a href="#[62]">&gt;&gt;</a>&nbsp;&nbsp;&nbsp;__ARM_unwind_cpp_prcommon
</UL>

<P><STRONG><a name="[6a]"></a>_Unwind_VRS_Pop</STRONG> (Thumb, 272 bytes, Stack size 288 bytes, unwinder.o(.text))
<BR><BR>[Stack]<UL><LI>Max Depth = 288<LI>Call Chain = _Unwind_VRS_Pop
</UL>
<BR>[Called By]<UL><LI><a href="#[62]">&gt;&gt;</a>&nbsp;&nbsp;&nbsp;__ARM_unwind_cpp_prcommon
</UL>

<P><STRONG><a name="[70]"></a>__ARM_unwind_next_frame</STRONG> (Thumb, 46 bytes, Stack size 0 bytes, unwinder.o(.text), UNUSED)
<BR><BR>[Calls]<UL><LI><a href="#[71]">&gt;&gt;</a>&nbsp;&nbsp;&nbsp;__ARM_Unwind_VRS_corerestore
<LI><a href="#[6e]">&gt;&gt;</a>&nbsp;&nbsp;&nbsp;[local to unwinder_c]::find_and_expand_eit_entry(_Unwind_Control_Block*, unsigned)
</UL>
<BR>[Called By]<UL><LI><a href="#[61]">&gt;&gt;</a>&nbsp;&nbsp;&nbsp;__ARM_Unwind_Resume
<LI><a href="#[5f]">&gt;&gt;</a>&nbsp;&nbsp;&nbsp;__ARM_Unwind_RaiseException
</UL>

<P><STRONG><a name="[5f]"></a>__ARM_Unwind_RaiseException</STRONG> (Thumb, 206 bytes, Stack size 352 bytes, unwinder.o(.text), UNUSED)
<BR><BR>[Calls]<UL><LI><a href="#[72]">&gt;&gt;</a>&nbsp;&nbsp;&nbsp;malloc
<LI><a href="#[73]">&gt;&gt;</a>&nbsp;&nbsp;&nbsp;__aeabi_memcpy4
<LI><a href="#[68]">&gt;&gt;</a>&nbsp;&nbsp;&nbsp;_Unwind_Activity
<LI><a href="#[70]">&gt;&gt;</a>&nbsp;&nbsp;&nbsp;__ARM_unwind_next_frame
<LI><a href="#[6e]">&gt;&gt;</a>&nbsp;&nbsp;&nbsp;[local to unwinder_c]::find_and_expand_eit_entry(_Unwind_Control_Block*, unsigned)
</UL>
<BR>[Called By]<UL><LI><a href="#[5e]">&gt;&gt;</a>&nbsp;&nbsp;&nbsp;_Unwind_RaiseException
</UL>

<P><STRONG><a name="[61]"></a>__ARM_Unwind_Resume</STRONG> (Thumb, 44 bytes, Stack size 0 bytes, unwinder.o(.text), UNUSED)
<BR><BR>[Calls]<UL><LI><a href="#[70]">&gt;&gt;</a>&nbsp;&nbsp;&nbsp;__ARM_unwind_next_frame
<LI><a href="#[71]">&gt;&gt;</a>&nbsp;&nbsp;&nbsp;__ARM_Unwind_VRS_corerestore
</UL>
<BR>[Called By]<UL><LI><a href="#[60]">&gt;&gt;</a>&nbsp;&nbsp;&nbsp;_Unwind_Resume
</UL>

<P><STRONG><a name="[74]"></a>_Unwind_Complete</STRONG> (Thumb, 72 bytes, Stack size 16 bytes, unwinder.o(.text), UNUSED)
<BR><BR>[Calls]<UL><LI><a href="#[75]">&gt;&gt;</a>&nbsp;&nbsp;&nbsp;free
<LI><a href="#[73]">&gt;&gt;</a>&nbsp;&nbsp;&nbsp;__aeabi_memcpy4
</UL>

<P><STRONG><a name="[5d]"></a>__scatterload</STRONG> (Thumb, 28 bytes, Stack size 0 bytes, init.o(.text))
<BR><BR>[Calls]<UL><LI><a href="#[76]">&gt;&gt;</a>&nbsp;&nbsp;&nbsp;__main_after_scatterload
</UL>
<BR>[Called By]<UL><LI><a href="#[5c]">&gt;&gt;</a>&nbsp;&nbsp;&nbsp;_main_scatterload
</UL>

<P><STRONG><a name="[148]"></a>__scatterload_rt2</STRONG> (Thumb, 0 bytes, Stack size 0 bytes, init.o(.text), UNUSED)

<P><STRONG><a name="[6d]"></a>__aeabi_llsl</STRONG> (Thumb, 30 bytes, Stack size 0 bytes, llshl.o(.text), UNUSED)
<BR><BR>[Called By]<UL><LI><a href="#[6b]">&gt;&gt;</a>&nbsp;&nbsp;&nbsp;__aeabi_uldivmod
</UL>

<P><STRONG><a name="[149]"></a>_ll_shift_l</STRONG> (Thumb, 0 bytes, Stack size 0 bytes, llshl.o(.text), UNUSED)

<P><STRONG><a name="[6f]"></a>bsearch</STRONG> (Thumb, 70 bytes, Stack size 40 bytes, bsearch.o(.text), UNUSED)
<BR><BR>[Called By]<UL><LI><a href="#[6e]">&gt;&gt;</a>&nbsp;&nbsp;&nbsp;[local to unwinder_c]::find_and_expand_eit_entry(_Unwind_Control_Block*, unsigned)
</UL>

<P><STRONG><a name="[14a]"></a>__aeabi_memcpy</STRONG> (Thumb, 36 bytes, Stack size 0 bytes, memcpya.o(.text), UNUSED)

<P><STRONG><a name="[73]"></a>__aeabi_memcpy4</STRONG> (Thumb, 0 bytes, Stack size 0 bytes, memcpya.o(.text), UNUSED)
<BR><BR>[Called By]<UL><LI><a href="#[74]">&gt;&gt;</a>&nbsp;&nbsp;&nbsp;_Unwind_Complete
<LI><a href="#[5f]">&gt;&gt;</a>&nbsp;&nbsp;&nbsp;__ARM_Unwind_RaiseException
</UL>

<P><STRONG><a name="[14b]"></a>__aeabi_memcpy8</STRONG> (Thumb, 0 bytes, Stack size 0 bytes, memcpya.o(.text), UNUSED)

<P><STRONG><a name="[9]"></a>BusFault_Handler</STRONG> (Thumb, 4 bytes, Stack size 0 bytes, stm32f1xx_it.o(i.BusFault_Handler))
<BR>[Address Reference Count : 1]<UL><LI> startup_stm32f103xe.o(RESET)
</UL>
<P><STRONG><a name="[c]"></a>DebugMon_Handler</STRONG> (Thumb, 2 bytes, Stack size 0 bytes, stm32f1xx_it.o(i.DebugMon_Handler))
<BR>[Address Reference Count : 1]<UL><LI> startup_stm32f103xe.o(RESET)
</UL>
<P><STRONG><a name="[e2]"></a>Error_Handler</STRONG> (Thumb, 6 bytes, Stack size 0 bytes, main.o(i.Error_Handler))
<BR><BR>[Called By]<UL><LI><a href="#[e1]">&gt;&gt;</a>&nbsp;&nbsp;&nbsp;MX_USART1_UART_Init
<LI><a href="#[e4]">&gt;&gt;</a>&nbsp;&nbsp;&nbsp;SystemClock_Config
</UL>

<P><STRONG><a name="[8a]"></a>FLASH_PageErase</STRONG> (Thumb, 32 bytes, Stack size 0 bytes, stm32f1xx_hal_flash_ex.o(i.FLASH_PageErase), UNUSED)
<BR><BR>[Called By]<UL><LI><a href="#[8b]">&gt;&gt;</a>&nbsp;&nbsp;&nbsp;HAL_FLASHEx_Erase_IT
<LI><a href="#[88]">&gt;&gt;</a>&nbsp;&nbsp;&nbsp;HAL_FLASHEx_Erase
<LI><a href="#[90]">&gt;&gt;</a>&nbsp;&nbsp;&nbsp;HAL_FLASH_IRQHandler
</UL>

<P><STRONG><a name="[79]"></a>FLASH_WaitForLastOperation</STRONG> (Thumb, 106 bytes, Stack size 16 bytes, stm32f1xx_hal_flash.o(i.FLASH_WaitForLastOperation), UNUSED)
<BR><BR>[Calls]<UL><LI><a href="#[7f]">&gt;&gt;</a>&nbsp;&nbsp;&nbsp;HAL_GetTick
<LI><a href="#[80]">&gt;&gt;</a>&nbsp;&nbsp;&nbsp;FLASH_SetErrorCode
</UL>
<BR>[Called By]<UL><LI><a href="#[7a]">&gt;&gt;</a>&nbsp;&nbsp;&nbsp;HAL_FLASHEx_OBErase
<LI><a href="#[88]">&gt;&gt;</a>&nbsp;&nbsp;&nbsp;HAL_FLASHEx_Erase
<LI><a href="#[7e]">&gt;&gt;</a>&nbsp;&nbsp;&nbsp;FLASH_OB_UserConfig
<LI><a href="#[7d]">&gt;&gt;</a>&nbsp;&nbsp;&nbsp;FLASH_OB_RDP_LevelConfig
<LI><a href="#[7c]">&gt;&gt;</a>&nbsp;&nbsp;&nbsp;FLASH_OB_ProgramData
<LI><a href="#[7b]">&gt;&gt;</a>&nbsp;&nbsp;&nbsp;FLASH_OB_EnableWRP
<LI><a href="#[77]">&gt;&gt;</a>&nbsp;&nbsp;&nbsp;FLASH_OB_DisableWRP
<LI><a href="#[96]">&gt;&gt;</a>&nbsp;&nbsp;&nbsp;HAL_FLASH_Program
</UL>

<P><STRONG><a name="[14c]"></a>HAL_DBGMCU_DisableDBGSleepMode</STRONG> (Thumb, 14 bytes, Stack size 0 bytes, stm32f1xx_hal.o(i.HAL_DBGMCU_DisableDBGSleepMode), UNUSED)

<P><STRONG><a name="[14d]"></a>HAL_DBGMCU_DisableDBGStandbyMode</STRONG> (Thumb, 14 bytes, Stack size 0 bytes, stm32f1xx_hal.o(i.HAL_DBGMCU_DisableDBGStandbyMode), UNUSED)

<P><STRONG><a name="[14e]"></a>HAL_DBGMCU_DisableDBGStopMode</STRONG> (Thumb, 14 bytes, Stack size 0 bytes, stm32f1xx_hal.o(i.HAL_DBGMCU_DisableDBGStopMode), UNUSED)

<P><STRONG><a name="[14f]"></a>HAL_DBGMCU_EnableDBGSleepMode</STRONG> (Thumb, 14 bytes, Stack size 0 bytes, stm32f1xx_hal.o(i.HAL_DBGMCU_EnableDBGSleepMode), UNUSED)

<P><STRONG><a name="[150]"></a>HAL_DBGMCU_EnableDBGStandbyMode</STRONG> (Thumb, 14 bytes, Stack size 0 bytes, stm32f1xx_hal.o(i.HAL_DBGMCU_EnableDBGStandbyMode), UNUSED)

<P><STRONG><a name="[151]"></a>HAL_DBGMCU_EnableDBGStopMode</STRONG> (Thumb, 14 bytes, Stack size 0 bytes, stm32f1xx_hal.o(i.HAL_DBGMCU_EnableDBGStopMode), UNUSED)

<P><STRONG><a name="[c3]"></a>HAL_DMA_Abort</STRONG> (Thumb, 86 bytes, Stack size 0 bytes, stm32f1xx_hal_dma.o(i.HAL_DMA_Abort), UNUSED)
<BR><BR>[Called By]<UL><LI><a href="#[d3]">&gt;&gt;</a>&nbsp;&nbsp;&nbsp;HAL_UART_IRQHandler
<LI><a href="#[ce]">&gt;&gt;</a>&nbsp;&nbsp;&nbsp;HAL_UART_DMAStop
<LI><a href="#[c9]">&gt;&gt;</a>&nbsp;&nbsp;&nbsp;HAL_UART_AbortTransmit
<LI><a href="#[c5]">&gt;&gt;</a>&nbsp;&nbsp;&nbsp;HAL_UART_AbortReceive
<LI><a href="#[c2]">&gt;&gt;</a>&nbsp;&nbsp;&nbsp;HAL_UART_Abort
</UL>

<P><STRONG><a name="[c7]"></a>HAL_DMA_Abort_IT</STRONG> (Thumb, 414 bytes, Stack size 16 bytes, stm32f1xx_hal_dma.o(i.HAL_DMA_Abort_IT), UNUSED)
<BR><BR>[Called By]<UL><LI><a href="#[d3]">&gt;&gt;</a>&nbsp;&nbsp;&nbsp;HAL_UART_IRQHandler
<LI><a href="#[cc]">&gt;&gt;</a>&nbsp;&nbsp;&nbsp;HAL_UART_Abort_IT
<LI><a href="#[ca]">&gt;&gt;</a>&nbsp;&nbsp;&nbsp;HAL_UART_AbortTransmit_IT
<LI><a href="#[c6]">&gt;&gt;</a>&nbsp;&nbsp;&nbsp;HAL_UART_AbortReceive_IT
</UL>

<P><STRONG><a name="[152]"></a>HAL_DMA_DeInit</STRONG> (Thumb, 132 bytes, Stack size 0 bytes, stm32f1xx_hal_dma.o(i.HAL_DMA_DeInit), UNUSED)

<P><STRONG><a name="[c4]"></a>HAL_DMA_GetError</STRONG> (Thumb, 6 bytes, Stack size 0 bytes, stm32f1xx_hal_dma.o(i.HAL_DMA_GetError), UNUSED)
<BR><BR>[Called By]<UL><LI><a href="#[c9]">&gt;&gt;</a>&nbsp;&nbsp;&nbsp;HAL_UART_AbortTransmit
<LI><a href="#[c5]">&gt;&gt;</a>&nbsp;&nbsp;&nbsp;HAL_UART_AbortReceive
<LI><a href="#[c2]">&gt;&gt;</a>&nbsp;&nbsp;&nbsp;HAL_UART_Abort
</UL>

<P><STRONG><a name="[153]"></a>HAL_DMA_GetState</STRONG> (Thumb, 8 bytes, Stack size 0 bytes, stm32f1xx_hal_dma.o(i.HAL_DMA_GetState), UNUSED)

<P><STRONG><a name="[154]"></a>HAL_DMA_IRQHandler</STRONG> (Thumb, 910 bytes, Stack size 16 bytes, stm32f1xx_hal_dma.o(i.HAL_DMA_IRQHandler), UNUSED)

<P><STRONG><a name="[155]"></a>HAL_DMA_Init</STRONG> (Thumb, 132 bytes, Stack size 0 bytes, stm32f1xx_hal_dma.o(i.HAL_DMA_Init), UNUSED)

<P><STRONG><a name="[81]"></a>HAL_DMA_PollForTransfer</STRONG> (Thumb, 1612 bytes, Stack size 24 bytes, stm32f1xx_hal_dma.o(i.HAL_DMA_PollForTransfer), UNUSED)
<BR><BR>[Calls]<UL><LI><a href="#[7f]">&gt;&gt;</a>&nbsp;&nbsp;&nbsp;HAL_GetTick
</UL>

<P><STRONG><a name="[156]"></a>HAL_DMA_RegisterCallback</STRONG> (Thumb, 90 bytes, Stack size 8 bytes, stm32f1xx_hal_dma.o(i.HAL_DMA_RegisterCallback), UNUSED)

<P><STRONG><a name="[82]"></a>HAL_DMA_Start</STRONG> (Thumb, 114 bytes, Stack size 24 bytes, stm32f1xx_hal_dma.o(i.HAL_DMA_Start), UNUSED)
<BR><BR>[Calls]<UL><LI><a href="#[83]">&gt;&gt;</a>&nbsp;&nbsp;&nbsp;DMA_SetConfig
</UL>

<P><STRONG><a name="[84]"></a>HAL_DMA_Start_IT</STRONG> (Thumb, 156 bytes, Stack size 24 bytes, stm32f1xx_hal_dma.o(i.HAL_DMA_Start_IT), UNUSED)
<BR><BR>[Calls]<UL><LI><a href="#[83]">&gt;&gt;</a>&nbsp;&nbsp;&nbsp;DMA_SetConfig
</UL>
<BR>[Called By]<UL><LI><a href="#[bf]">&gt;&gt;</a>&nbsp;&nbsp;&nbsp;UART_Start_Receive_DMA
<LI><a href="#[e0]">&gt;&gt;</a>&nbsp;&nbsp;&nbsp;HAL_UART_Transmit_DMA
</UL>

<P><STRONG><a name="[157]"></a>HAL_DMA_UnRegisterCallback</STRONG> (Thumb, 106 bytes, Stack size 0 bytes, stm32f1xx_hal_dma.o(i.HAL_DMA_UnRegisterCallback), UNUSED)

<P><STRONG><a name="[85]"></a>HAL_DeInit</STRONG> (Thumb, 30 bytes, Stack size 8 bytes, stm32f1xx_hal.o(i.HAL_DeInit), UNUSED)
<BR><BR>[Calls]<UL><LI><a href="#[86]">&gt;&gt;</a>&nbsp;&nbsp;&nbsp;HAL_MspDeInit
</UL>

<P><STRONG><a name="[87]"></a>HAL_Delay</STRONG> (Thumb, 36 bytes, Stack size 16 bytes, stm32f1xx_hal.o(i.HAL_Delay), UNUSED)
<BR><BR>[Calls]<UL><LI><a href="#[7f]">&gt;&gt;</a>&nbsp;&nbsp;&nbsp;HAL_GetTick
</UL>

<P><STRONG><a name="[158]"></a>HAL_EXTI_ClearConfigLine</STRONG> (Thumb, 112 bytes, Stack size 12 bytes, stm32f1xx_hal_exti.o(i.HAL_EXTI_ClearConfigLine), UNUSED)

<P><STRONG><a name="[159]"></a>HAL_EXTI_ClearPending</STRONG> (Thumb, 22 bytes, Stack size 8 bytes, stm32f1xx_hal_exti.o(i.HAL_EXTI_ClearPending), UNUSED)

<P><STRONG><a name="[15a]"></a>HAL_EXTI_GenerateSWI</STRONG> (Thumb, 18 bytes, Stack size 0 bytes, stm32f1xx_hal_exti.o(i.HAL_EXTI_GenerateSWI), UNUSED)

<P><STRONG><a name="[15b]"></a>HAL_EXTI_GetConfigLine</STRONG> (Thumb, 148 bytes, Stack size 16 bytes, stm32f1xx_hal_exti.o(i.HAL_EXTI_GetConfigLine), UNUSED)

<P><STRONG><a name="[15c]"></a>HAL_EXTI_GetHandle</STRONG> (Thumb, 14 bytes, Stack size 0 bytes, stm32f1xx_hal_exti.o(i.HAL_EXTI_GetHandle), UNUSED)

<P><STRONG><a name="[15d]"></a>HAL_EXTI_GetPending</STRONG> (Thumb, 30 bytes, Stack size 12 bytes, stm32f1xx_hal_exti.o(i.HAL_EXTI_GetPending), UNUSED)

<P><STRONG><a name="[15e]"></a>HAL_EXTI_IRQHandler</STRONG> (Thumb, 40 bytes, Stack size 16 bytes, stm32f1xx_hal_exti.o(i.HAL_EXTI_IRQHandler), UNUSED)

<P><STRONG><a name="[15f]"></a>HAL_EXTI_RegisterCallback</STRONG> (Thumb, 20 bytes, Stack size 8 bytes, stm32f1xx_hal_exti.o(i.HAL_EXTI_RegisterCallback), UNUSED)

<P><STRONG><a name="[160]"></a>HAL_EXTI_SetConfigLine</STRONG> (Thumb, 232 bytes, Stack size 16 bytes, stm32f1xx_hal_exti.o(i.HAL_EXTI_SetConfigLine), UNUSED)

<P><STRONG><a name="[88]"></a>HAL_FLASHEx_Erase</STRONG> (Thumb, 168 bytes, Stack size 24 bytes, stm32f1xx_hal_flash_ex.o(i.HAL_FLASHEx_Erase), UNUSED)
<BR><BR>[Calls]<UL><LI><a href="#[89]">&gt;&gt;</a>&nbsp;&nbsp;&nbsp;FLASH_MassErase
<LI><a href="#[8a]">&gt;&gt;</a>&nbsp;&nbsp;&nbsp;FLASH_PageErase
<LI><a href="#[79]">&gt;&gt;</a>&nbsp;&nbsp;&nbsp;FLASH_WaitForLastOperation
</UL>

<P><STRONG><a name="[8b]"></a>HAL_FLASHEx_Erase_IT</STRONG> (Thumb, 70 bytes, Stack size 16 bytes, stm32f1xx_hal_flash_ex.o(i.HAL_FLASHEx_Erase_IT), UNUSED)
<BR><BR>[Calls]<UL><LI><a href="#[89]">&gt;&gt;</a>&nbsp;&nbsp;&nbsp;FLASH_MassErase
<LI><a href="#[8a]">&gt;&gt;</a>&nbsp;&nbsp;&nbsp;FLASH_PageErase
</UL>

<P><STRONG><a name="[7a]"></a>HAL_FLASHEx_OBErase</STRONG> (Thumb, 88 bytes, Stack size 16 bytes, stm32f1xx_hal_flash_ex.o(i.HAL_FLASHEx_OBErase), UNUSED)
<BR><BR>[Calls]<UL><LI><a href="#[7d]">&gt;&gt;</a>&nbsp;&nbsp;&nbsp;FLASH_OB_RDP_LevelConfig
<LI><a href="#[8c]">&gt;&gt;</a>&nbsp;&nbsp;&nbsp;FLASH_OB_GetRDP
<LI><a href="#[79]">&gt;&gt;</a>&nbsp;&nbsp;&nbsp;FLASH_WaitForLastOperation
</UL>
<BR>[Called By]<UL><LI><a href="#[7b]">&gt;&gt;</a>&nbsp;&nbsp;&nbsp;FLASH_OB_EnableWRP
<LI><a href="#[77]">&gt;&gt;</a>&nbsp;&nbsp;&nbsp;FLASH_OB_DisableWRP
</UL>

<P><STRONG><a name="[8d]"></a>HAL_FLASHEx_OBGetConfig</STRONG> (Thumb, 28 bytes, Stack size 8 bytes, stm32f1xx_hal_flash_ex.o(i.HAL_FLASHEx_OBGetConfig), UNUSED)
<BR><BR>[Calls]<UL><LI><a href="#[78]">&gt;&gt;</a>&nbsp;&nbsp;&nbsp;FLASH_OB_GetWRP
<LI><a href="#[8e]">&gt;&gt;</a>&nbsp;&nbsp;&nbsp;FLASH_OB_GetUser
<LI><a href="#[8c]">&gt;&gt;</a>&nbsp;&nbsp;&nbsp;FLASH_OB_GetRDP
</UL>

<P><STRONG><a name="[161]"></a>HAL_FLASHEx_OBGetUserData</STRONG> (Thumb, 30 bytes, Stack size 0 bytes, stm32f1xx_hal_flash_ex.o(i.HAL_FLASHEx_OBGetUserData), UNUSED)

<P><STRONG><a name="[8f]"></a>HAL_FLASHEx_OBProgram</STRONG> (Thumb, 194 bytes, Stack size 16 bytes, stm32f1xx_hal_flash_ex.o(i.HAL_FLASHEx_OBProgram), UNUSED)
<BR><BR>[Calls]<UL><LI><a href="#[7e]">&gt;&gt;</a>&nbsp;&nbsp;&nbsp;FLASH_OB_UserConfig
<LI><a href="#[7d]">&gt;&gt;</a>&nbsp;&nbsp;&nbsp;FLASH_OB_RDP_LevelConfig
<LI><a href="#[7c]">&gt;&gt;</a>&nbsp;&nbsp;&nbsp;FLASH_OB_ProgramData
<LI><a href="#[7b]">&gt;&gt;</a>&nbsp;&nbsp;&nbsp;FLASH_OB_EnableWRP
<LI><a href="#[77]">&gt;&gt;</a>&nbsp;&nbsp;&nbsp;FLASH_OB_DisableWRP
</UL>

<P><STRONG><a name="[92]"></a>HAL_FLASH_EndOfOperationCallback</STRONG> (Thumb, 2 bytes, Stack size 0 bytes, stm32f1xx_hal_flash.o(i.HAL_FLASH_EndOfOperationCallback), UNUSED)
<BR><BR>[Called By]<UL><LI><a href="#[90]">&gt;&gt;</a>&nbsp;&nbsp;&nbsp;HAL_FLASH_IRQHandler
</UL>

<P><STRONG><a name="[162]"></a>HAL_FLASH_GetError</STRONG> (Thumb, 6 bytes, Stack size 0 bytes, stm32f1xx_hal_flash.o(i.HAL_FLASH_GetError), UNUSED)

<P><STRONG><a name="[90]"></a>HAL_FLASH_IRQHandler</STRONG> (Thumb, 366 bytes, Stack size 8 bytes, stm32f1xx_hal_flash.o(i.HAL_FLASH_IRQHandler), UNUSED)
<BR><BR>[Calls]<UL><LI><a href="#[91]">&gt;&gt;</a>&nbsp;&nbsp;&nbsp;HAL_FLASH_OperationErrorCallback
<LI><a href="#[92]">&gt;&gt;</a>&nbsp;&nbsp;&nbsp;HAL_FLASH_EndOfOperationCallback
<LI><a href="#[8a]">&gt;&gt;</a>&nbsp;&nbsp;&nbsp;FLASH_PageErase
<LI><a href="#[80]">&gt;&gt;</a>&nbsp;&nbsp;&nbsp;FLASH_SetErrorCode
<LI><a href="#[93]">&gt;&gt;</a>&nbsp;&nbsp;&nbsp;FLASH_Program_HalfWord
</UL>

<P><STRONG><a name="[163]"></a>HAL_FLASH_Lock</STRONG> (Thumb, 16 bytes, Stack size 0 bytes, stm32f1xx_hal_flash.o(i.HAL_FLASH_Lock), UNUSED)

<P><STRONG><a name="[94]"></a>HAL_FLASH_OB_Launch</STRONG> (Thumb, 8 bytes, Stack size 8 bytes, stm32f1xx_hal_flash.o(i.HAL_FLASH_OB_Launch), UNUSED)
<BR><BR>[Calls]<UL><LI><a href="#[95]">&gt;&gt;</a>&nbsp;&nbsp;&nbsp;HAL_NVIC_SystemReset
</UL>

<P><STRONG><a name="[164]"></a>HAL_FLASH_OB_Lock</STRONG> (Thumb, 16 bytes, Stack size 0 bytes, stm32f1xx_hal_flash.o(i.HAL_FLASH_OB_Lock), UNUSED)

<P><STRONG><a name="[165]"></a>HAL_FLASH_OB_Unlock</STRONG> (Thumb, 30 bytes, Stack size 0 bytes, stm32f1xx_hal_flash.o(i.HAL_FLASH_OB_Unlock), UNUSED)

<P><STRONG><a name="[91]"></a>HAL_FLASH_OperationErrorCallback</STRONG> (Thumb, 2 bytes, Stack size 0 bytes, stm32f1xx_hal_flash.o(i.HAL_FLASH_OperationErrorCallback), UNUSED)
<BR><BR>[Called By]<UL><LI><a href="#[90]">&gt;&gt;</a>&nbsp;&nbsp;&nbsp;HAL_FLASH_IRQHandler
</UL>

<P><STRONG><a name="[96]"></a>HAL_FLASH_Program</STRONG> (Thumb, 168 bytes, Stack size 48 bytes, stm32f1xx_hal_flash.o(i.HAL_FLASH_Program), UNUSED)
<BR><BR>[Calls]<UL><LI><a href="#[6c]">&gt;&gt;</a>&nbsp;&nbsp;&nbsp;__aeabi_llsr
<LI><a href="#[79]">&gt;&gt;</a>&nbsp;&nbsp;&nbsp;FLASH_WaitForLastOperation
<LI><a href="#[93]">&gt;&gt;</a>&nbsp;&nbsp;&nbsp;FLASH_Program_HalfWord
</UL>

<P><STRONG><a name="[97]"></a>HAL_FLASH_Program_IT</STRONG> (Thumb, 92 bytes, Stack size 24 bytes, stm32f1xx_hal_flash.o(i.HAL_FLASH_Program_IT), UNUSED)
<BR><BR>[Calls]<UL><LI><a href="#[93]">&gt;&gt;</a>&nbsp;&nbsp;&nbsp;FLASH_Program_HalfWord
</UL>

<P><STRONG><a name="[166]"></a>HAL_FLASH_Unlock</STRONG> (Thumb, 36 bytes, Stack size 0 bytes, stm32f1xx_hal_flash.o(i.HAL_FLASH_Unlock), UNUSED)

<P><STRONG><a name="[167]"></a>HAL_GPIOEx_ConfigEventout</STRONG> (Thumb, 20 bytes, Stack size 0 bytes, stm32f1xx_hal_gpio_ex.o(i.HAL_GPIOEx_ConfigEventout), UNUSED)

<P><STRONG><a name="[168]"></a>HAL_GPIOEx_DisableEventout</STRONG> (Thumb, 14 bytes, Stack size 0 bytes, stm32f1xx_hal_gpio_ex.o(i.HAL_GPIOEx_DisableEventout), UNUSED)

<P><STRONG><a name="[169]"></a>HAL_GPIOEx_EnableEventout</STRONG> (Thumb, 14 bytes, Stack size 0 bytes, stm32f1xx_hal_gpio_ex.o(i.HAL_GPIOEx_EnableEventout), UNUSED)

<P><STRONG><a name="[da]"></a>HAL_GPIO_DeInit</STRONG> (Thumb, 308 bytes, Stack size 24 bytes, stm32f1xx_hal_gpio.o(i.HAL_GPIO_DeInit), UNUSED)
<BR><BR>[Called By]<UL><LI><a href="#[d2]">&gt;&gt;</a>&nbsp;&nbsp;&nbsp;HAL_UART_MspDeInit
</UL>

<P><STRONG><a name="[99]"></a>HAL_GPIO_EXTI_Callback</STRONG> (Thumb, 2 bytes, Stack size 0 bytes, stm32f1xx_hal_gpio.o(i.HAL_GPIO_EXTI_Callback), UNUSED)
<BR><BR>[Called By]<UL><LI><a href="#[98]">&gt;&gt;</a>&nbsp;&nbsp;&nbsp;HAL_GPIO_EXTI_IRQHandler
</UL>

<P><STRONG><a name="[98]"></a>HAL_GPIO_EXTI_IRQHandler</STRONG> (Thumb, 24 bytes, Stack size 8 bytes, stm32f1xx_hal_gpio.o(i.HAL_GPIO_EXTI_IRQHandler), UNUSED)
<BR><BR>[Calls]<UL><LI><a href="#[99]">&gt;&gt;</a>&nbsp;&nbsp;&nbsp;HAL_GPIO_EXTI_Callback
</UL>

<P><STRONG><a name="[b5]"></a>HAL_GPIO_Init</STRONG> (Thumb, 792 bytes, Stack size 36 bytes, stm32f1xx_hal_gpio.o(i.HAL_GPIO_Init))
<BR><BR>[Stack]<UL><LI>Max Depth = 36<LI>Call Chain = HAL_GPIO_Init
</UL>
<BR>[Called By]<UL><LI><a href="#[9b]">&gt;&gt;</a>&nbsp;&nbsp;&nbsp;HAL_UART_MspInit
<LI><a href="#[b4]">&gt;&gt;</a>&nbsp;&nbsp;&nbsp;HAL_RCC_MCOConfig
</UL>

<P><STRONG><a name="[16a]"></a>HAL_GPIO_LockPin</STRONG> (Thumb, 46 bytes, Stack size 8 bytes, stm32f1xx_hal_gpio.o(i.HAL_GPIO_LockPin), UNUSED)

<P><STRONG><a name="[16b]"></a>HAL_GPIO_ReadPin</STRONG> (Thumb, 16 bytes, Stack size 0 bytes, stm32f1xx_hal_gpio.o(i.HAL_GPIO_ReadPin), UNUSED)

<P><STRONG><a name="[16c]"></a>HAL_GPIO_TogglePin</STRONG> (Thumb, 20 bytes, Stack size 8 bytes, stm32f1xx_hal_gpio.o(i.HAL_GPIO_TogglePin), UNUSED)

<P><STRONG><a name="[16d]"></a>HAL_GPIO_WritePin</STRONG> (Thumb, 12 bytes, Stack size 0 bytes, stm32f1xx_hal_gpio.o(i.HAL_GPIO_WritePin), UNUSED)

<P><STRONG><a name="[16e]"></a>HAL_GetDEVID</STRONG> (Thumb, 10 bytes, Stack size 0 bytes, stm32f1xx_hal.o(i.HAL_GetDEVID), UNUSED)

<P><STRONG><a name="[16f]"></a>HAL_GetHalVersion</STRONG> (Thumb, 4 bytes, Stack size 0 bytes, stm32f1xx_hal.o(i.HAL_GetHalVersion), UNUSED)

<P><STRONG><a name="[170]"></a>HAL_GetREVID</STRONG> (Thumb, 8 bytes, Stack size 0 bytes, stm32f1xx_hal.o(i.HAL_GetREVID), UNUSED)

<P><STRONG><a name="[7f]"></a>HAL_GetTick</STRONG> (Thumb, 6 bytes, Stack size 0 bytes, stm32f1xx_hal.o(i.HAL_GetTick))
<BR><BR>[Called By]<UL><LI><a href="#[dc]">&gt;&gt;</a>&nbsp;&nbsp;&nbsp;UART_WaitOnFlagUntilTimeout
<LI><a href="#[df]">&gt;&gt;</a>&nbsp;&nbsp;&nbsp;HAL_UART_Transmit
<LI><a href="#[b8]">&gt;&gt;</a>&nbsp;&nbsp;&nbsp;HAL_RCC_OscConfig
<LI><a href="#[b0]">&gt;&gt;</a>&nbsp;&nbsp;&nbsp;HAL_RCC_ClockConfig
<LI><a href="#[81]">&gt;&gt;</a>&nbsp;&nbsp;&nbsp;HAL_DMA_PollForTransfer
<LI><a href="#[af]">&gt;&gt;</a>&nbsp;&nbsp;&nbsp;HAL_RCCEx_PeriphCLKConfig
<LI><a href="#[b1]">&gt;&gt;</a>&nbsp;&nbsp;&nbsp;HAL_RCC_DeInit
<LI><a href="#[87]">&gt;&gt;</a>&nbsp;&nbsp;&nbsp;HAL_Delay
<LI><a href="#[db]">&gt;&gt;</a>&nbsp;&nbsp;&nbsp;HAL_UART_Receive
<LI><a href="#[bd]">&gt;&gt;</a>&nbsp;&nbsp;&nbsp;HAL_UARTEx_ReceiveToIdle
<LI><a href="#[79]">&gt;&gt;</a>&nbsp;&nbsp;&nbsp;FLASH_WaitForLastOperation
</UL>

<P><STRONG><a name="[171]"></a>HAL_GetTickFreq</STRONG> (Thumb, 6 bytes, Stack size 0 bytes, stm32f1xx_hal.o(i.HAL_GetTickFreq), UNUSED)

<P><STRONG><a name="[172]"></a>HAL_GetTickPrio</STRONG> (Thumb, 6 bytes, Stack size 0 bytes, stm32f1xx_hal.o(i.HAL_GetTickPrio), UNUSED)

<P><STRONG><a name="[173]"></a>HAL_GetUIDw0</STRONG> (Thumb, 6 bytes, Stack size 0 bytes, stm32f1xx_hal.o(i.HAL_GetUIDw0), UNUSED)

<P><STRONG><a name="[174]"></a>HAL_GetUIDw1</STRONG> (Thumb, 6 bytes, Stack size 0 bytes, stm32f1xx_hal.o(i.HAL_GetUIDw1), UNUSED)

<P><STRONG><a name="[175]"></a>HAL_GetUIDw2</STRONG> (Thumb, 6 bytes, Stack size 0 bytes, stm32f1xx_hal.o(i.HAL_GetUIDw2), UNUSED)

<P><STRONG><a name="[176]"></a>HAL_HalfDuplex_EnableReceiver</STRONG> (Thumb, 68 bytes, Stack size 0 bytes, stm32f1xx_hal_uart.o(i.HAL_HalfDuplex_EnableReceiver), UNUSED)

<P><STRONG><a name="[177]"></a>HAL_HalfDuplex_EnableTransmitter</STRONG> (Thumb, 68 bytes, Stack size 0 bytes, stm32f1xx_hal_uart.o(i.HAL_HalfDuplex_EnableTransmitter), UNUSED)

<P><STRONG><a name="[9a]"></a>HAL_HalfDuplex_Init</STRONG> (Thumb, 122 bytes, Stack size 8 bytes, stm32f1xx_hal_uart.o(i.HAL_HalfDuplex_Init), UNUSED)
<BR><BR>[Calls]<UL><LI><a href="#[9c]">&gt;&gt;</a>&nbsp;&nbsp;&nbsp;UART_SetConfig
<LI><a href="#[9b]">&gt;&gt;</a>&nbsp;&nbsp;&nbsp;HAL_UART_MspInit
</UL>

<P><STRONG><a name="[e3]"></a>HAL_IncTick</STRONG> (Thumb, 16 bytes, Stack size 0 bytes, stm32f1xx_hal.o(i.HAL_IncTick))
<BR><BR>[Called By]<UL><LI><a href="#[e]">&gt;&gt;</a>&nbsp;&nbsp;&nbsp;SysTick_Handler
</UL>

<P><STRONG><a name="[9d]"></a>HAL_Init</STRONG> (Thumb, 34 bytes, Stack size 8 bytes, stm32f1xx_hal.o(i.HAL_Init))
<BR><BR>[Stack]<UL><LI>Max Depth = 72<LI>Call Chain = HAL_Init &rArr; HAL_InitTick &rArr; HAL_NVIC_SetPriority &rArr; __NVIC_SetPriority
</UL>
<BR>[Calls]<UL><LI><a href="#[a0]">&gt;&gt;</a>&nbsp;&nbsp;&nbsp;HAL_MspInit
<LI><a href="#[9f]">&gt;&gt;</a>&nbsp;&nbsp;&nbsp;HAL_InitTick
<LI><a href="#[9e]">&gt;&gt;</a>&nbsp;&nbsp;&nbsp;HAL_NVIC_SetPriorityGrouping
</UL>
<BR>[Called By]<UL><LI><a href="#[4b]">&gt;&gt;</a>&nbsp;&nbsp;&nbsp;main
</UL>

<P><STRONG><a name="[9f]"></a>HAL_InitTick</STRONG> (Thumb, 64 bytes, Stack size 16 bytes, stm32f1xx_hal.o(i.HAL_InitTick))
<BR><BR>[Stack]<UL><LI>Max Depth = 64<LI>Call Chain = HAL_InitTick &rArr; HAL_NVIC_SetPriority &rArr; __NVIC_SetPriority
</UL>
<BR>[Calls]<UL><LI><a href="#[a1]">&gt;&gt;</a>&nbsp;&nbsp;&nbsp;HAL_SYSTICK_Config
<LI><a href="#[a2]">&gt;&gt;</a>&nbsp;&nbsp;&nbsp;HAL_NVIC_SetPriority
</UL>
<BR>[Called By]<UL><LI><a href="#[b0]">&gt;&gt;</a>&nbsp;&nbsp;&nbsp;HAL_RCC_ClockConfig
<LI><a href="#[9d]">&gt;&gt;</a>&nbsp;&nbsp;&nbsp;HAL_Init
<LI><a href="#[b1]">&gt;&gt;</a>&nbsp;&nbsp;&nbsp;HAL_RCC_DeInit
<LI><a href="#[bc]">&gt;&gt;</a>&nbsp;&nbsp;&nbsp;HAL_SetTickFreq
</UL>

<P><STRONG><a name="[a3]"></a>HAL_LIN_Init</STRONG> (Thumb, 146 bytes, Stack size 16 bytes, stm32f1xx_hal_uart.o(i.HAL_LIN_Init), UNUSED)
<BR><BR>[Calls]<UL><LI><a href="#[9c]">&gt;&gt;</a>&nbsp;&nbsp;&nbsp;UART_SetConfig
<LI><a href="#[9b]">&gt;&gt;</a>&nbsp;&nbsp;&nbsp;HAL_UART_MspInit
</UL>

<P><STRONG><a name="[178]"></a>HAL_LIN_SendBreak</STRONG> (Thumb, 80 bytes, Stack size 0 bytes, stm32f1xx_hal_uart.o(i.HAL_LIN_SendBreak), UNUSED)

<P><STRONG><a name="[86]"></a>HAL_MspDeInit</STRONG> (Thumb, 2 bytes, Stack size 0 bytes, stm32f1xx_hal.o(i.HAL_MspDeInit), UNUSED)
<BR><BR>[Called By]<UL><LI><a href="#[85]">&gt;&gt;</a>&nbsp;&nbsp;&nbsp;HAL_DeInit
</UL>

<P><STRONG><a name="[a0]"></a>HAL_MspInit</STRONG> (Thumb, 76 bytes, Stack size 8 bytes, stm32f1xx_hal_msp.o(i.HAL_MspInit))
<BR><BR>[Stack]<UL><LI>Max Depth = 8<LI>Call Chain = HAL_MspInit
</UL>
<BR>[Called By]<UL><LI><a href="#[9d]">&gt;&gt;</a>&nbsp;&nbsp;&nbsp;HAL_Init
</UL>

<P><STRONG><a name="[179]"></a>HAL_MultiProcessor_EnterMuteMode</STRONG> (Thumb, 82 bytes, Stack size 0 bytes, stm32f1xx_hal_uart.o(i.HAL_MultiProcessor_EnterMuteMode), UNUSED)

<P><STRONG><a name="[17a]"></a>HAL_MultiProcessor_ExitMuteMode</STRONG> (Thumb, 82 bytes, Stack size 0 bytes, stm32f1xx_hal_uart.o(i.HAL_MultiProcessor_ExitMuteMode), UNUSED)

<P><STRONG><a name="[a4]"></a>HAL_MultiProcessor_Init</STRONG> (Thumb, 158 bytes, Stack size 16 bytes, stm32f1xx_hal_uart.o(i.HAL_MultiProcessor_Init), UNUSED)
<BR><BR>[Calls]<UL><LI><a href="#[9c]">&gt;&gt;</a>&nbsp;&nbsp;&nbsp;UART_SetConfig
<LI><a href="#[9b]">&gt;&gt;</a>&nbsp;&nbsp;&nbsp;HAL_UART_MspInit
</UL>

<P><STRONG><a name="[17b]"></a>HAL_NVIC_ClearPendingIRQ</STRONG> (Thumb, 30 bytes, Stack size 8 bytes, stm32f1xx_hal_cortex.o(i.HAL_NVIC_ClearPendingIRQ), UNUSED)

<P><STRONG><a name="[17c]"></a>HAL_NVIC_DisableIRQ</STRONG> (Thumb, 62 bytes, Stack size 8 bytes, stm32f1xx_hal_cortex.o(i.HAL_NVIC_DisableIRQ), UNUSED)

<P><STRONG><a name="[17d]"></a>HAL_NVIC_EnableIRQ</STRONG> (Thumb, 32 bytes, Stack size 0 bytes, stm32f1xx_hal_cortex.o(i.HAL_NVIC_EnableIRQ), UNUSED)

<P><STRONG><a name="[17e]"></a>HAL_NVIC_GetActive</STRONG> (Thumb, 44 bytes, Stack size 8 bytes, stm32f1xx_hal_cortex.o(i.HAL_NVIC_GetActive), UNUSED)

<P><STRONG><a name="[17f]"></a>HAL_NVIC_GetPendingIRQ</STRONG> (Thumb, 44 bytes, Stack size 8 bytes, stm32f1xx_hal_cortex.o(i.HAL_NVIC_GetPendingIRQ), UNUSED)

<P><STRONG><a name="[180]"></a>HAL_NVIC_GetPriority</STRONG> (Thumb, 138 bytes, Stack size 28 bytes, stm32f1xx_hal_cortex.o(i.HAL_NVIC_GetPriority), UNUSED)

<P><STRONG><a name="[a5]"></a>HAL_NVIC_GetPriorityGrouping</STRONG> (Thumb, 8 bytes, Stack size 8 bytes, stm32f1xx_hal_cortex.o(i.HAL_NVIC_GetPriorityGrouping), UNUSED)
<BR><BR>[Calls]<UL><LI><a href="#[a6]">&gt;&gt;</a>&nbsp;&nbsp;&nbsp;__NVIC_GetPriorityGrouping
</UL>

<P><STRONG><a name="[181]"></a>HAL_NVIC_SetPendingIRQ</STRONG> (Thumb, 30 bytes, Stack size 8 bytes, stm32f1xx_hal_cortex.o(i.HAL_NVIC_SetPendingIRQ), UNUSED)

<P><STRONG><a name="[a2]"></a>HAL_NVIC_SetPriority</STRONG> (Thumb, 124 bytes, Stack size 40 bytes, stm32f1xx_hal_cortex.o(i.HAL_NVIC_SetPriority))
<BR><BR>[Stack]<UL><LI>Max Depth = 48<LI>Call Chain = HAL_NVIC_SetPriority &rArr; __NVIC_SetPriority
</UL>
<BR>[Calls]<UL><LI><a href="#[a7]">&gt;&gt;</a>&nbsp;&nbsp;&nbsp;__NVIC_SetPriority
<LI><a href="#[a6]">&gt;&gt;</a>&nbsp;&nbsp;&nbsp;__NVIC_GetPriorityGrouping
</UL>
<BR>[Called By]<UL><LI><a href="#[9f]">&gt;&gt;</a>&nbsp;&nbsp;&nbsp;HAL_InitTick
</UL>

<P><STRONG><a name="[9e]"></a>HAL_NVIC_SetPriorityGrouping</STRONG> (Thumb, 32 bytes, Stack size 0 bytes, stm32f1xx_hal_cortex.o(i.HAL_NVIC_SetPriorityGrouping))
<BR><BR>[Called By]<UL><LI><a href="#[9d]">&gt;&gt;</a>&nbsp;&nbsp;&nbsp;HAL_Init
</UL>

<P><STRONG><a name="[95]"></a>HAL_NVIC_SystemReset</STRONG> (Thumb, 60 bytes, Stack size 0 bytes, stm32f1xx_hal_cortex.o(i.HAL_NVIC_SystemReset), UNUSED)
<BR><BR>[Called By]<UL><LI><a href="#[94]">&gt;&gt;</a>&nbsp;&nbsp;&nbsp;HAL_FLASH_OB_Launch
</UL>

<P><STRONG><a name="[182]"></a>HAL_PWR_ConfigPVD</STRONG> (Thumb, 172 bytes, Stack size 0 bytes, stm32f1xx_hal_pwr.o(i.HAL_PWR_ConfigPVD), UNUSED)

<P><STRONG><a name="[183]"></a>HAL_PWR_DeInit</STRONG> (Thumb, 24 bytes, Stack size 0 bytes, stm32f1xx_hal_pwr.o(i.HAL_PWR_DeInit), UNUSED)

<P><STRONG><a name="[184]"></a>HAL_PWR_DisableBkUpAccess</STRONG> (Thumb, 8 bytes, Stack size 0 bytes, stm32f1xx_hal_pwr.o(i.HAL_PWR_DisableBkUpAccess), UNUSED)

<P><STRONG><a name="[185]"></a>HAL_PWR_DisablePVD</STRONG> (Thumb, 8 bytes, Stack size 0 bytes, stm32f1xx_hal_pwr.o(i.HAL_PWR_DisablePVD), UNUSED)

<P><STRONG><a name="[186]"></a>HAL_PWR_DisableSEVOnPend</STRONG> (Thumb, 14 bytes, Stack size 0 bytes, stm32f1xx_hal_pwr.o(i.HAL_PWR_DisableSEVOnPend), UNUSED)

<P><STRONG><a name="[187]"></a>HAL_PWR_DisableSleepOnExit</STRONG> (Thumb, 14 bytes, Stack size 0 bytes, stm32f1xx_hal_pwr.o(i.HAL_PWR_DisableSleepOnExit), UNUSED)

<P><STRONG><a name="[188]"></a>HAL_PWR_DisableWakeUpPin</STRONG> (Thumb, 22 bytes, Stack size 0 bytes, stm32f1xx_hal_pwr.o(i.HAL_PWR_DisableWakeUpPin), UNUSED)

<P><STRONG><a name="[189]"></a>HAL_PWR_EnableBkUpAccess</STRONG> (Thumb, 8 bytes, Stack size 0 bytes, stm32f1xx_hal_pwr.o(i.HAL_PWR_EnableBkUpAccess), UNUSED)

<P><STRONG><a name="[18a]"></a>HAL_PWR_EnablePVD</STRONG> (Thumb, 8 bytes, Stack size 0 bytes, stm32f1xx_hal_pwr.o(i.HAL_PWR_EnablePVD), UNUSED)

<P><STRONG><a name="[18b]"></a>HAL_PWR_EnableSEVOnPend</STRONG> (Thumb, 14 bytes, Stack size 0 bytes, stm32f1xx_hal_pwr.o(i.HAL_PWR_EnableSEVOnPend), UNUSED)

<P><STRONG><a name="[18c]"></a>HAL_PWR_EnableSleepOnExit</STRONG> (Thumb, 14 bytes, Stack size 0 bytes, stm32f1xx_hal_pwr.o(i.HAL_PWR_EnableSleepOnExit), UNUSED)

<P><STRONG><a name="[18d]"></a>HAL_PWR_EnableWakeUpPin</STRONG> (Thumb, 22 bytes, Stack size 0 bytes, stm32f1xx_hal_pwr.o(i.HAL_PWR_EnableWakeUpPin), UNUSED)

<P><STRONG><a name="[18e]"></a>HAL_PWR_EnterSLEEPMode</STRONG> (Thumb, 28 bytes, Stack size 0 bytes, stm32f1xx_hal_pwr.o(i.HAL_PWR_EnterSLEEPMode), UNUSED)

<P><STRONG><a name="[18f]"></a>HAL_PWR_EnterSTANDBYMode</STRONG> (Thumb, 32 bytes, Stack size 0 bytes, stm32f1xx_hal_pwr.o(i.HAL_PWR_EnterSTANDBYMode), UNUSED)

<P><STRONG><a name="[a8]"></a>HAL_PWR_EnterSTOPMode</STRONG> (Thumb, 74 bytes, Stack size 16 bytes, stm32f1xx_hal_pwr.o(i.HAL_PWR_EnterSTOPMode), UNUSED)
<BR><BR>[Calls]<UL><LI><a href="#[a9]">&gt;&gt;</a>&nbsp;&nbsp;&nbsp;PWR_OverloadWfe
</UL>

<P><STRONG><a name="[ab]"></a>HAL_PWR_PVDCallback</STRONG> (Thumb, 2 bytes, Stack size 0 bytes, stm32f1xx_hal_pwr.o(i.HAL_PWR_PVDCallback), UNUSED)
<BR><BR>[Called By]<UL><LI><a href="#[aa]">&gt;&gt;</a>&nbsp;&nbsp;&nbsp;HAL_PWR_PVD_IRQHandler
</UL>

<P><STRONG><a name="[aa]"></a>HAL_PWR_PVD_IRQHandler</STRONG> (Thumb, 26 bytes, Stack size 8 bytes, stm32f1xx_hal_pwr.o(i.HAL_PWR_PVD_IRQHandler), UNUSED)
<BR><BR>[Calls]<UL><LI><a href="#[ab]">&gt;&gt;</a>&nbsp;&nbsp;&nbsp;HAL_PWR_PVDCallback
</UL>

<P><STRONG><a name="[190]"></a>HAL_RCCEx_GetPeriphCLKConfig</STRONG> (Thumb, 78 bytes, Stack size 0 bytes, stm32f1xx_hal_rcc_ex.o(i.HAL_RCCEx_GetPeriphCLKConfig), UNUSED)

<P><STRONG><a name="[ac]"></a>HAL_RCCEx_GetPeriphCLKFreq</STRONG> (Thumb, 260 bytes, Stack size 32 bytes, stm32f1xx_hal_rcc_ex.o(i.HAL_RCCEx_GetPeriphCLKFreq), UNUSED)
<BR><BR>[Calls]<UL><LI><a href="#[ad]">&gt;&gt;</a>&nbsp;&nbsp;&nbsp;HAL_RCC_GetSysClockFreq
<LI><a href="#[ae]">&gt;&gt;</a>&nbsp;&nbsp;&nbsp;HAL_RCC_GetPCLK2Freq
</UL>

<P><STRONG><a name="[af]"></a>HAL_RCCEx_PeriphCLKConfig</STRONG> (Thumb, 290 bytes, Stack size 24 bytes, stm32f1xx_hal_rcc_ex.o(i.HAL_RCCEx_PeriphCLKConfig), UNUSED)
<BR><BR>[Calls]<UL><LI><a href="#[7f]">&gt;&gt;</a>&nbsp;&nbsp;&nbsp;HAL_GetTick
</UL>

<P><STRONG><a name="[b7]"></a>HAL_RCC_CSSCallback</STRONG> (Thumb, 2 bytes, Stack size 0 bytes, stm32f1xx_hal_rcc.o(i.HAL_RCC_CSSCallback), UNUSED)
<BR><BR>[Called By]<UL><LI><a href="#[b6]">&gt;&gt;</a>&nbsp;&nbsp;&nbsp;HAL_RCC_NMI_IRQHandler
</UL>

<P><STRONG><a name="[b0]"></a>HAL_RCC_ClockConfig</STRONG> (Thumb, 376 bytes, Stack size 16 bytes, stm32f1xx_hal_rcc.o(i.HAL_RCC_ClockConfig))
<BR><BR>[Stack]<UL><LI>Max Depth = 80<LI>Call Chain = HAL_RCC_ClockConfig &rArr; HAL_InitTick &rArr; HAL_NVIC_SetPriority &rArr; __NVIC_SetPriority
</UL>
<BR>[Calls]<UL><LI><a href="#[ad]">&gt;&gt;</a>&nbsp;&nbsp;&nbsp;HAL_RCC_GetSysClockFreq
<LI><a href="#[9f]">&gt;&gt;</a>&nbsp;&nbsp;&nbsp;HAL_InitTick
<LI><a href="#[7f]">&gt;&gt;</a>&nbsp;&nbsp;&nbsp;HAL_GetTick
</UL>
<BR>[Called By]<UL><LI><a href="#[e4]">&gt;&gt;</a>&nbsp;&nbsp;&nbsp;SystemClock_Config
</UL>

<P><STRONG><a name="[b1]"></a>HAL_RCC_DeInit</STRONG> (Thumb, 254 bytes, Stack size 8 bytes, stm32f1xx_hal_rcc.o(i.HAL_RCC_DeInit), UNUSED)
<BR><BR>[Calls]<UL><LI><a href="#[9f]">&gt;&gt;</a>&nbsp;&nbsp;&nbsp;HAL_InitTick
<LI><a href="#[7f]">&gt;&gt;</a>&nbsp;&nbsp;&nbsp;HAL_GetTick
</UL>

<P><STRONG><a name="[191]"></a>HAL_RCC_DisableCSS</STRONG> (Thumb, 8 bytes, Stack size 0 bytes, stm32f1xx_hal_rcc.o(i.HAL_RCC_DisableCSS), UNUSED)

<P><STRONG><a name="[192]"></a>HAL_RCC_EnableCSS</STRONG> (Thumb, 8 bytes, Stack size 0 bytes, stm32f1xx_hal_rcc.o(i.HAL_RCC_EnableCSS), UNUSED)

<P><STRONG><a name="[193]"></a>HAL_RCC_GetClockConfig</STRONG> (Thumb, 58 bytes, Stack size 0 bytes, stm32f1xx_hal_rcc.o(i.HAL_RCC_GetClockConfig), UNUSED)

<P><STRONG><a name="[b3]"></a>HAL_RCC_GetHCLKFreq</STRONG> (Thumb, 6 bytes, Stack size 0 bytes, stm32f1xx_hal_rcc.o(i.HAL_RCC_GetHCLKFreq))
<BR><BR>[Called By]<UL><LI><a href="#[ae]">&gt;&gt;</a>&nbsp;&nbsp;&nbsp;HAL_RCC_GetPCLK2Freq
<LI><a href="#[b2]">&gt;&gt;</a>&nbsp;&nbsp;&nbsp;HAL_RCC_GetPCLK1Freq
</UL>

<P><STRONG><a name="[194]"></a>HAL_RCC_GetOscConfig</STRONG> (Thumb, 196 bytes, Stack size 0 bytes, stm32f1xx_hal_rcc.o(i.HAL_RCC_GetOscConfig), UNUSED)

<P><STRONG><a name="[b2]"></a>HAL_RCC_GetPCLK1Freq</STRONG> (Thumb, 22 bytes, Stack size 4 bytes, stm32f1xx_hal_rcc.o(i.HAL_RCC_GetPCLK1Freq))
<BR><BR>[Stack]<UL><LI>Max Depth = 4<LI>Call Chain = HAL_RCC_GetPCLK1Freq
</UL>
<BR>[Calls]<UL><LI><a href="#[b3]">&gt;&gt;</a>&nbsp;&nbsp;&nbsp;HAL_RCC_GetHCLKFreq
</UL>
<BR>[Called By]<UL><LI><a href="#[9c]">&gt;&gt;</a>&nbsp;&nbsp;&nbsp;UART_SetConfig
</UL>

<P><STRONG><a name="[ae]"></a>HAL_RCC_GetPCLK2Freq</STRONG> (Thumb, 22 bytes, Stack size 4 bytes, stm32f1xx_hal_rcc.o(i.HAL_RCC_GetPCLK2Freq))
<BR><BR>[Stack]<UL><LI>Max Depth = 4<LI>Call Chain = HAL_RCC_GetPCLK2Freq
</UL>
<BR>[Calls]<UL><LI><a href="#[b3]">&gt;&gt;</a>&nbsp;&nbsp;&nbsp;HAL_RCC_GetHCLKFreq
</UL>
<BR>[Called By]<UL><LI><a href="#[9c]">&gt;&gt;</a>&nbsp;&nbsp;&nbsp;UART_SetConfig
<LI><a href="#[ac]">&gt;&gt;</a>&nbsp;&nbsp;&nbsp;HAL_RCCEx_GetPeriphCLKFreq
</UL>

<P><STRONG><a name="[ad]"></a>HAL_RCC_GetSysClockFreq</STRONG> (Thumb, 92 bytes, Stack size 16 bytes, stm32f1xx_hal_rcc.o(i.HAL_RCC_GetSysClockFreq))
<BR><BR>[Stack]<UL><LI>Max Depth = 16<LI>Call Chain = HAL_RCC_GetSysClockFreq
</UL>
<BR>[Called By]<UL><LI><a href="#[b0]">&gt;&gt;</a>&nbsp;&nbsp;&nbsp;HAL_RCC_ClockConfig
<LI><a href="#[ac]">&gt;&gt;</a>&nbsp;&nbsp;&nbsp;HAL_RCCEx_GetPeriphCLKFreq
</UL>

<P><STRONG><a name="[b4]"></a>HAL_RCC_MCOConfig</STRONG> (Thumb, 92 bytes, Stack size 40 bytes, stm32f1xx_hal_rcc.o(i.HAL_RCC_MCOConfig), UNUSED)
<BR><BR>[Calls]<UL><LI><a href="#[b5]">&gt;&gt;</a>&nbsp;&nbsp;&nbsp;HAL_GPIO_Init
</UL>

<P><STRONG><a name="[b6]"></a>HAL_RCC_NMI_IRQHandler</STRONG> (Thumb, 26 bytes, Stack size 8 bytes, stm32f1xx_hal_rcc.o(i.HAL_RCC_NMI_IRQHandler), UNUSED)
<BR><BR>[Calls]<UL><LI><a href="#[b7]">&gt;&gt;</a>&nbsp;&nbsp;&nbsp;HAL_RCC_CSSCallback
</UL>

<P><STRONG><a name="[b8]"></a>HAL_RCC_OscConfig</STRONG> (Thumb, 1114 bytes, Stack size 24 bytes, stm32f1xx_hal_rcc.o(i.HAL_RCC_OscConfig))
<BR><BR>[Stack]<UL><LI>Max Depth = 32<LI>Call Chain = HAL_RCC_OscConfig &rArr; RCC_Delay
</UL>
<BR>[Calls]<UL><LI><a href="#[b9]">&gt;&gt;</a>&nbsp;&nbsp;&nbsp;RCC_Delay
<LI><a href="#[7f]">&gt;&gt;</a>&nbsp;&nbsp;&nbsp;HAL_GetTick
</UL>
<BR>[Called By]<UL><LI><a href="#[e4]">&gt;&gt;</a>&nbsp;&nbsp;&nbsp;SystemClock_Config
</UL>

<P><STRONG><a name="[195]"></a>HAL_ResumeTick</STRONG> (Thumb, 18 bytes, Stack size 0 bytes, stm32f1xx_hal.o(i.HAL_ResumeTick), UNUSED)

<P><STRONG><a name="[196]"></a>HAL_SYSTICK_CLKSourceConfig</STRONG> (Thumb, 40 bytes, Stack size 0 bytes, stm32f1xx_hal_cortex.o(i.HAL_SYSTICK_CLKSourceConfig), UNUSED)

<P><STRONG><a name="[bb]"></a>HAL_SYSTICK_Callback</STRONG> (Thumb, 2 bytes, Stack size 0 bytes, stm32f1xx_hal_cortex.o(i.HAL_SYSTICK_Callback), UNUSED)
<BR><BR>[Called By]<UL><LI><a href="#[ba]">&gt;&gt;</a>&nbsp;&nbsp;&nbsp;HAL_SYSTICK_IRQHandler
</UL>

<P><STRONG><a name="[a1]"></a>HAL_SYSTICK_Config</STRONG> (Thumb, 52 bytes, Stack size 16 bytes, stm32f1xx_hal_cortex.o(i.HAL_SYSTICK_Config))
<BR><BR>[Stack]<UL><LI>Max Depth = 24<LI>Call Chain = HAL_SYSTICK_Config &rArr; __NVIC_SetPriority
</UL>
<BR>[Calls]<UL><LI><a href="#[a7]">&gt;&gt;</a>&nbsp;&nbsp;&nbsp;__NVIC_SetPriority
</UL>
<BR>[Called By]<UL><LI><a href="#[9f]">&gt;&gt;</a>&nbsp;&nbsp;&nbsp;HAL_InitTick
</UL>

<P><STRONG><a name="[ba]"></a>HAL_SYSTICK_IRQHandler</STRONG> (Thumb, 8 bytes, Stack size 8 bytes, stm32f1xx_hal_cortex.o(i.HAL_SYSTICK_IRQHandler), UNUSED)
<BR><BR>[Calls]<UL><LI><a href="#[bb]">&gt;&gt;</a>&nbsp;&nbsp;&nbsp;HAL_SYSTICK_Callback
</UL>

<P><STRONG><a name="[bc]"></a>HAL_SetTickFreq</STRONG> (Thumb, 40 bytes, Stack size 16 bytes, stm32f1xx_hal.o(i.HAL_SetTickFreq), UNUSED)
<BR><BR>[Calls]<UL><LI><a href="#[9f]">&gt;&gt;</a>&nbsp;&nbsp;&nbsp;HAL_InitTick
</UL>

<P><STRONG><a name="[197]"></a>HAL_SuspendTick</STRONG> (Thumb, 18 bytes, Stack size 0 bytes, stm32f1xx_hal.o(i.HAL_SuspendTick), UNUSED)

<P><STRONG><a name="[198]"></a>HAL_UARTEx_GetRxEventType</STRONG> (Thumb, 6 bytes, Stack size 0 bytes, stm32f1xx_hal_uart.o(i.HAL_UARTEx_GetRxEventType), UNUSED)

<P><STRONG><a name="[bd]"></a>HAL_UARTEx_ReceiveToIdle</STRONG> (Thumb, 296 bytes, Stack size 40 bytes, stm32f1xx_hal_uart.o(i.HAL_UARTEx_ReceiveToIdle), UNUSED)
<BR><BR>[Calls]<UL><LI><a href="#[7f]">&gt;&gt;</a>&nbsp;&nbsp;&nbsp;HAL_GetTick
</UL>

<P><STRONG><a name="[be]"></a>HAL_UARTEx_ReceiveToIdle_DMA</STRONG> (Thumb, 112 bytes, Stack size 24 bytes, stm32f1xx_hal_uart.o(i.HAL_UARTEx_ReceiveToIdle_DMA), UNUSED)
<BR><BR>[Calls]<UL><LI><a href="#[bf]">&gt;&gt;</a>&nbsp;&nbsp;&nbsp;UART_Start_Receive_DMA
</UL>

<P><STRONG><a name="[c0]"></a>HAL_UARTEx_ReceiveToIdle_IT</STRONG> (Thumb, 114 bytes, Stack size 24 bytes, stm32f1xx_hal_uart.o(i.HAL_UARTEx_ReceiveToIdle_IT), UNUSED)
<BR><BR>[Calls]<UL><LI><a href="#[c1]">&gt;&gt;</a>&nbsp;&nbsp;&nbsp;UART_Start_Receive_IT
</UL>

<P><STRONG><a name="[d6]"></a>HAL_UARTEx_RxEventCallback</STRONG> (Thumb, 2 bytes, Stack size 0 bytes, stm32f1xx_hal_uart.o(i.HAL_UARTEx_RxEventCallback))
<BR><BR>[Called By]<UL><LI><a href="#[d4]">&gt;&gt;</a>&nbsp;&nbsp;&nbsp;UART_Receive_IT
[...]
</UL>
<BR>[Called By]<UL><LI><a href="#[ee]">&gt;&gt;</a>&nbsp;&nbsp;&nbsp;back_trace
</UL>
<P>
<H3>
Local Symbols
</H3>
<P><STRONG><a name="[100]"></a>search_index</STRONG> (Thumb, 76 bytes, Stack size 20 bytes, unwind.o(i.search_index))
<BR><BR>[Stack]<UL><LI>Max Depth = 20<LI>Call Chain = search_index
</UL>
<BR>[Called By]<UL><LI><a href="#[fe]">&gt;&gt;</a>&nbsp;&nbsp;&nbsp;unwind_find_idx
</UL>

<P><STRONG><a name="[f7]"></a>unwind_decode_uleb128</STRONG> (Thumb, 50 bytes, Stack size 24 bytes, unwind.o(i.unwind_decode_uleb128))
<BR><BR>[Stack]<UL><LI>Max Depth = 64<LI>Call Chain = unwind_decode_uleb128 &rArr; unwind_get_byte &rArr; __2printf
</UL>
<BR>[Calls]<UL><LI><a href="#[f8]">&gt;&gt;</a>&nbsp;&nbsp;&nbsp;unwind_get_byte
</UL>
<BR>[Called By]<UL><LI><a href="#[f9]">&gt;&gt;</a>&nbsp;&nbsp;&nbsp;unwind_exec_insn
</UL>

<P><STRONG><a name="[f9]"></a>unwind_exec_insn</STRONG> (Thumb, 314 bytes, Stack size 24 bytes, unwind.o(i.unwind_exec_insn))
<BR><BR>[Stack]<UL><LI>Max Depth = 88<LI>Call Chain = unwind_exec_insn &rArr; unwind_decode_uleb128 &rArr; unwind_get_byte &rArr; __2printf
</UL>
<BR>[Calls]<UL><LI><a href="#[f8]">&gt;&gt;</a>&nbsp;&nbsp;&nbsp;unwind_get_byte
<LI><a href="#[fa]">&gt;&gt;</a>&nbsp;&nbsp;&nbsp;unwind_exec_pop_subset_r4_to_r13
<LI><a href="#[fc]">&gt;&gt;</a>&nbsp;&nbsp;&nbsp;unwind_exec_pop_subset_r0_to_r3
<LI><a href="#[fb]">&gt;&gt;</a>&nbsp;&nbsp;&nbsp;unwind_exec_pop_r4_to_rN
<LI><a href="#[f7]">&gt;&gt;</a>&nbsp;&nbsp;&nbsp;unwind_decode_uleb128
<LI><a href="#[f0]">&gt;&gt;</a>&nbsp;&nbsp;&nbsp;__2printf
</UL>
<BR>[Called By]<UL><LI><a href="#[ef]">&gt;&gt;</a>&nbsp;&nbsp;&nbsp;unwind_frame
</UL>

<P><STRONG><a name="[fb]"></a>unwind_exec_pop_r4_to_rN</STRONG> (Thumb, 76 bytes, Stack size 24 bytes, unwind.o(i.unwind_exec_pop_r4_to_rN))
<BR><BR>[Stack]<UL><LI>Max Depth = 32<LI>Call Chain = unwind_exec_pop_r4_to_rN &rArr; unwind_pop_register
</UL>
<BR>[Calls]<UL><LI><a href="#[fd]">&gt;&gt;</a>&nbsp;&nbsp;&nbsp;unwind_pop_register
</UL>
<BR>[Called By]<UL><LI><a href="#[f9]">&gt;&gt;</a>&nbsp;&nbsp;&nbsp;unwind_exec_insn
</UL>

<P><STRONG><a name="[fc]"></a>unwind_exec_pop_subset_r0_to_r3</STRONG> (Thumb, 54 bytes, Stack size 24 bytes, unwind.o(i.unwind_exec_pop_subset_r0_to_r3))
<BR><BR>[Stack]<UL><LI>Max Depth = 32<LI>Call Chain = unwind_exec_pop_subset_r0_to_r3 &rArr; unwind_pop_register
</UL>
<BR>[Calls]<UL><LI><a href="#[fd]">&gt;&gt;</a>&nbsp;&nbsp;&nbsp;unwind_pop_register
</UL>
<BR>[Called By]<UL><LI><a href="#[f9]">&gt;&gt;</a>&nbsp;&nbsp;&nbsp;unwind_exec_insn
</UL>

<P><STRONG><a name="[fa]"></a>unwind_exec_pop_subset_r4_to_r13</STRONG> (Thumb, 60 bytes, Stack size 24 bytes, unwind.o(i.unwind_exec_pop_subset_r4_to_r13))
<BR><BR>[Stack]<UL><LI>Max Depth = 32<LI>Call Chain = unwind_exec_pop_subset_r4_to_r13 &rArr; unwind_pop_register
</UL>
<BR>[Calls]<UL><LI><a href="#[fd]">&gt;&gt;</a>&nbsp;&nbsp;&nbsp;unwind_pop_register
</UL>
<BR>[Called By]<UL><LI><a href="#[f9]">&gt;&gt;</a>&nbsp;&nbsp;&nbsp;unwind_exec_insn
</UL>

<P><STRONG><a name="[fe]"></a>unwind_find_idx</STRONG> (Thumb, 50 bytes, Stack size 16 bytes, unwind.o(i.unwind_find_idx))
<BR><BR>[Stack]<UL><LI>Max Depth = 36<LI>Call Chain = unwind_find_idx &rArr; search_index
</UL>
<BR>[Calls]<UL><LI><a href="#[ff]">&gt;&gt;</a>&nbsp;&nbsp;&nbsp;unwind_find_origin
<LI><a href="#[100]">&gt;&gt;</a>&nbsp;&nbsp;&nbsp;search_index
</UL>
<BR>[Called By]<UL><LI><a href="#[ef]">&gt;&gt;</a>&nbsp;&nbsp;&nbsp;unwind_frame
</UL>

<P><STRONG><a name="[ff]"></a>unwind_find_origin</STRONG> (Thumb, 38 bytes, Stack size 0 bytes, unwind.o(i.unwind_find_origin))
<BR><BR>[Called By]<UL><LI><a href="#[fe]">&gt;&gt;</a>&nbsp;&nbsp;&nbsp;unwind_find_idx
</UL>

<P><STRONG><a name="[f8]"></a>unwind_get_byte</STRONG> (Thumb, 66 bytes, Stack size 16 bytes, unwind.o(i.unwind_get_byte))
<BR><BR>[Stack]<UL><LI>Max Depth = 40<LI>Call Chain = unwind_get_byte &rArr; __2printf
</UL>
<BR>[Calls]<UL><LI><a href="#[f0]">&gt;&gt;</a>&nbsp;&nbsp;&nbsp;__2printf
</UL>
<BR>[Called By]<UL><LI><a href="#[f9]">&gt;&gt;</a>&nbsp;&nbsp;&nbsp;unwind_exec_insn
<LI><a href="#[f7]">&gt;&gt;</a>&nbsp;&nbsp;&nbsp;unwind_decode_uleb128
</UL>

<P><STRONG><a name="[fd]"></a>unwind_pop_register</STRONG> (Thumb, 48 bytes, Stack size 8 bytes, unwind.o(i.unwind_pop_register))
<BR><BR>[Stack]<UL><LI>Max Depth = 8<LI>Call Chain = unwind_pop_register
</UL>
<BR>[Called By]<UL><LI><a href="#[fa]">&gt;&gt;</a>&nbsp;&nbsp;&nbsp;unwind_exec_pop_subset_r4_to_r13
<LI><a href="#[fc]">&gt;&gt;</a>&nbsp;&nbsp;&nbsp;unwind_exec_pop_subset_r0_to_r3
<LI><a href="#[fb]">&gt;&gt;</a>&nbsp;&nbsp;&nbsp;unwind_exec_pop_r4_to_rN
</UL>

<P><STRONG><a name="[55]"></a>UART_DMAAbortOnError</STRONG> (Thumb, 20 bytes, Stack size 16 bytes, stm32f1xx_hal_uart.o(i.UART_DMAAbortOnError))
<BR><BR>[Stack]<UL><LI>Max Depth = 16<LI>Call Chain = UART_DMAAbortOnError
</UL>
<BR>[Calls]<UL><LI><a href="#[d5]">&gt;&gt;</a>&nbsp;&nbsp;&nbsp;HAL_UART_ErrorCallback
</UL>
<BR>[Address Reference Count : 1]<UL><LI> stm32f1xx_hal_uart.o(i.HAL_UART_IRQHandler)
</UL>
<P><STRONG><a name="[58]"></a>UART_DMAError</STRONG> (Thumb, 80 bytes, Stack size 16 bytes, stm32f1xx_hal_uart.o(i.UART_DMAError))
<BR><BR>[Stack]<UL><LI>Max Depth = 16<LI>Call Chain = UART_DMAError
</UL>
<BR>[Calls]<UL><LI><a href="#[cf]">&gt;&gt;</a>&nbsp;&nbsp;&nbsp;UART_EndTxTransfer
<LI><a href="#[d0]">&gt;&gt;</a>&nbsp;&nbsp;&nbsp;UART_EndRxTransfer
<LI><a href="#[d5]">&gt;&gt;</a>&nbsp;&nbsp;&nbsp;HAL_UART_ErrorCallback
</UL>
<BR>[Address Reference Count : 2]<UL><LI> stm32f1xx_hal_uart.o(i.HAL_UART_Transmit_DMA)
<LI> stm32f1xx_hal_uart.o(i.UART_Start_Receive_DMA)
</UL>
<P><STRONG><a name="[59]"></a>UART_DMAReceiveCplt</STRONG> (Thumb, 180 bytes, Stack size 16 bytes, stm32f1xx_hal_uart.o(i.UART_DMAReceiveCplt))
<BR><BR>[Stack]<UL><LI>Max Depth = 16<LI>Call Chain = UART_DMAReceiveCplt
</UL>
<BR>[Calls]<UL><LI><a href="#[e6]">&gt;&gt;</a>&nbsp;&nbsp;&nbsp;HAL_UART_RxCpltCallback
<LI><a href="#[d6]">&gt;&gt;</a>&nbsp;&nbsp;&nbsp;HAL_UARTEx_RxEventCallback
</UL>
<BR>[Address Reference Count : 1]<UL><LI> stm32f1xx_hal_uart.o(i.UART_Start_Receive_DMA)
</UL>
<P><STRONG><a name="[54]"></a>UART_DMARxAbortCallback</STRONG> (Thumb, 56 bytes, Stack size 16 bytes, stm32f1xx_hal_uart.o(i.UART_DMARxAbortCallback))
<BR><BR>[Stack]<UL><LI>Max Depth = 16<LI>Call Chain = UART_DMARxAbortCallback
</UL>
<BR>[Calls]<UL><LI><a href="#[cd]">&gt;&gt;</a>&nbsp;&nbsp;&nbsp;HAL_UART_AbortCpltCallback
</UL>
<BR>[Address Reference Count : 1]<UL><LI> stm32f1xx_hal_uart.o(i.HAL_UART_Abort_IT)
</UL>
<P><STRONG><a name="[5a]"></a>UART_DMARxHalfCplt</STRONG> (Thumb, 36 bytes, Stack size 16 bytes, stm32f1xx_hal_uart.o(i.UART_DMARxHalfCplt))
<BR><BR>[Stack]<UL><LI>Max Depth = 16<LI>Call Chain = UART_DMARxHalfCplt
</UL>
<BR>[Calls]<UL><LI><a href="#[e7]">&gt;&gt;</a>&nbsp;&nbsp;&nbsp;HAL_UART_RxHalfCpltCallback
<LI><a href="#[d6]">&gt;&gt;</a>&nbsp;&nbsp;&nbsp;HAL_UARTEx_RxEventCallback
</UL>
<BR>[Address Reference Count : 1]<UL><LI> stm32f1xx_hal_uart.o(i.UART_Start_Receive_DMA)
</UL>
<P><STRONG><a name="[51]"></a>UART_DMARxOnlyAbortCallback</STRONG> (Thumb, 28 bytes, Stack size 16 bytes, stm32f1xx_hal_uart.o(i.UART_DMARxOnlyAbortCallback))
<BR><BR>[Stack]<UL><LI>Max Depth = 16<LI>Call Chain = UART_DMARxOnlyAbortCallback
</UL>
<BR>[Calls]<UL><LI><a href="#[c8]">&gt;&gt;</a>&nbsp;&nbsp;&nbsp;HAL_UART_AbortReceiveCpltCallback
</UL>
<BR>[Address Reference Count : 1]<UL><LI> stm32f1xx_hal_uart.o(i.HAL_UART_AbortReceive_IT)
</UL>
<P><STRONG><a name="[56]"></a>UART_DMATransmitCplt</STRONG> (Thumb, 88 bytes, Stack size 16 bytes, stm32f1xx_hal_uart.o(i.UART_DMATransmitCplt))
<BR><BR>[Stack]<UL><LI>Max Depth = 16<LI>Call Chain = UART_DMATransmitCplt
</UL>
<BR>[Calls]<UL><LI><a href="#[e8]">&gt;&gt;</a>&nbsp;&nbsp;&nbsp;HAL_UART_TxCpltCallback
</UL>
<BR>[Address Reference Count : 1]<UL><LI> stm32f1xx_hal_uart.o(i.HAL_UART_Transmit_DMA)
</UL>
<P><STRONG><a name="[53]"></a>UART_DMATxAbortCallback</STRONG> (Thumb, 56 bytes, Stack size 16 bytes, stm32f1xx_hal_uart.o(i.UART_DMATxAbortCallback))
<BR><BR>[Stack]<UL><LI>Max Depth = 16<LI>Call Chain = UART_DMATxAbortCallback
</UL>
<BR>[Calls]<UL><LI><a href="#[cd]">&gt;&gt;</a>&nbsp;&nbsp;&nbsp;HAL_UART_AbortCpltCallback
</UL>
<BR>[Address Reference Count : 1]<UL><LI> stm32f1xx_hal_uart.o(i.HAL_UART_Abort_IT)
</UL>
<P><STRONG><a name="[57]"></a>UART_DMATxHalfCplt</STRONG> (Thumb, 14 bytes, Stack size 16 bytes, stm32f1xx_hal_uart.o(i.UART_DMATxHalfCplt))
<BR><BR>[Stack]<UL><LI>Max Depth = 16<LI>Call Chain = UART_DMATxHalfCplt
</UL>
<BR>[Calls]<UL><LI><a href="#[e9]">&gt;&gt;</a>&nbsp;&nbsp;&nbsp;HAL_UART_TxHalfCpltCallback
</UL>
<BR>[Address Reference Count : 1]<UL><LI> stm32f1xx_hal_uart.o(i.HAL_UART_Transmit_DMA)
</UL>
<P><STRONG><a name="[52]"></a>UART_DMATxOnlyAbortCallback</STRONG> (Thumb, 24 bytes, Stack size 16 bytes, stm32f1xx_hal_uart.o(i.UART_DMATxOnlyAbortCallback))
<BR><BR>[Stack]<UL><LI>Max Depth = 16<LI>Call Chain = UART_DMATxOnlyAbortCallback
</UL>
<BR>[Calls]<UL><LI><a href="#[cb]">&gt;&gt;</a>&nbsp;&nbsp;&nbsp;HAL_UART_AbortTransmitCpltCallback
</UL>
<BR>[Address Reference Count : 1]<UL><LI> stm32f1xx_hal_uart.o(i.HAL_UART_AbortTransmit_IT)
</UL>
<P><STRONG><a name="[d0]"></a>UART_EndRxTransfer</STRONG> (Thumb, 108 bytes, Stack size 0 bytes, stm32f1xx_hal_uart.o(i.UART_EndRxTransfer))
<BR><BR>[Called By]<UL><LI><a href="#[dc]">&gt;&gt;</a>&nbsp;&nbsp;&nbsp;UART_WaitOnFlagUntilTimeout
<LI><a href="#[58]">&gt;&gt;</a>&nbsp;&nbsp;&nbsp;UART_DMAError
<LI><a href="#[d3]">&gt;&gt;</a>&nbsp;&nbsp;&nbsp;HAL_UART_IRQHandler
<LI><a href="#[ce]">&gt;&gt;</a>&nbsp;&nbsp;&nbsp;HAL_UART_DMAStop
</UL>

<P><STRONG><a name="[d8]"></a>UART_EndTransmit_IT</STRONG> (Thumb, 32 bytes, Stack size 8 bytes, stm32f1xx_hal_uart.o(i.UART_EndTransmit_IT), UNUSED)
<BR><BR>[Calls]<UL><LI><a href="#[e8]">&gt;&gt;</a>&nbsp;&nbsp;&nbsp;HAL_UART_TxCpltCallback
</UL>
<BR>[Called By]<UL><LI><a href="#[d3]">&gt;&gt;</a>&nbsp;&nbsp;&nbsp;HAL_UART_IRQHandler
</UL>

<P><STRONG><a name="[cf]"></a>UART_EndTxTransfer</STRONG> (Thumb, 38 bytes, Stack size 0 bytes, stm32f1xx_hal_uart.o(i.UART_EndTxTransfer))
<BR><BR>[Called By]<UL><LI><a href="#[58]">&gt;&gt;</a>&nbsp;&nbsp;&nbsp;UART_DMAError
<LI><a href="#[ce]">&gt;&gt;</a>&nbsp;&nbsp;&nbsp;HAL_UART_DMAStop
</UL>

<P><STRONG><a name="[d4]"></a>UART_Receive_IT</STRONG> (Thumb, 252 bytes, Stack size 24 bytes, stm32f1xx_hal_uart.o(i.UART_Receive_IT), UNUSED)
<BR><BR>[Calls]<UL><LI><a href="#[e6]">&gt;&gt;</a>&nbsp;&nbsp;&nbsp;HAL_UART_RxCpltCallback
<LI><a href="#[d6]">&gt;&gt;</a>&nbsp;&nbsp;&nbsp;HAL_UARTEx_RxEventCallback
</UL>
<BR>[Called By]<UL><LI><a href="#[d3]">&gt;&gt;</a>&nbsp;&nbsp;&nbsp;HAL_UART_IRQHandler
</UL>

<P><STRONG><a name="[9c]"></a>UART_SetConfig</STRONG> (Thumb, 248 bytes, Stack size 16 bytes, stm32f1xx_hal_uart.o(i.UART_SetConfig))
<BR><BR>[Stack]<UL><LI>Max Depth = 20<LI>Call Chain = UART_SetConfig &rArr; HAL_RCC_GetPCLK2Freq
</UL>
<BR>[Calls]<UL><LI><a href="#[ae]">&gt;&gt;</a>&nbsp;&nbsp;&nbsp;HAL_RCC_GetPCLK2Freq
<LI><a href="#[b2]">&gt;&gt;</a>&nbsp;&nbsp;&nbsp;HAL_RCC_GetPCLK1Freq
</UL>
<BR>[Called By]<UL><LI><a href="#[d9]">&gt;&gt;</a>&nbsp;&nbsp;&nbsp;HAL_UART_Init
<LI><a href="#[a4]">&gt;&gt;</a>&nbsp;&nbsp;&nbsp;HAL_MultiProcessor_Init
<LI><a href="#[a3]">&gt;&gt;</a>&nbsp;&nbsp;&nbsp;HAL_LIN_Init
<LI><a href="#[9a]">&gt;&gt;</a>&nbsp;&nbsp;&nbsp;HAL_HalfDuplex_Init
</UL>

<P><STRONG><a name="[d7]"></a>UART_Transmit_IT</STRONG> (Thumb, 96 bytes, Stack size 0 bytes, stm32f1xx_hal_uart.o(i.UART_Transmit_IT), UNUSED)
<BR><BR>[Called By]<UL><LI><a href="#[d3]">&gt;&gt;</a>&nbsp;&nbsp;&nbsp;HAL_UART_IRQHandler
</UL>

<P><STRONG><a name="[dc]"></a>UART_WaitOnFlagUntilTimeout</STRONG> (Thumb, 140 bytes, Stack size 32 bytes, stm32f1xx_hal_uart.o(i.UART_WaitOnFlagUntilTimeout))
<BR><BR>[Stack]<UL><LI>Max Depth = 32<LI>Call Chain = UART_WaitOnFlagUntilTimeout
</UL>
<BR>[Calls]<UL><LI><a href="#[d0]">&gt;&gt;</a>&nbsp;&nbsp;&nbsp;UART_EndRxTransfer
<LI><a href="#[7f]">&gt;&gt;</a>&nbsp;&nbsp;&nbsp;HAL_GetTick
</UL>
<BR>[Called By]<UL><LI><a href="#[df]">&gt;&gt;</a>&nbsp;&nbsp;&nbsp;HAL_UART_Transmit
<LI><a href="#[db]">&gt;&gt;</a>&nbsp;&nbsp;&nbsp;HAL_UART_Receive
</UL>

<P><STRONG><a name="[b9]"></a>RCC_Delay</STRONG> (Thumb, 36 bytes, Stack size 8 bytes, stm32f1xx_hal_rcc.o(i.RCC_Delay))
<BR><BR>[Stack]<UL><LI>Max Depth = 8<LI>Call Chain = RCC_Delay
</UL>
<BR>[Called By]<UL><LI><a href="#[b8]">&gt;&gt;</a>&nbsp;&nbsp;&nbsp;HAL_RCC_OscConfig
</UL>

<P><STRONG><a name="[83]"></a>DMA_SetConfig</STRONG> (Thumb, 44 bytes, Stack size 12 bytes, stm32f1xx_hal_dma.o(i.DMA_SetConfig), UNUSED)
<BR><BR>[Called By]<UL><LI><a href="#[82]">&gt;&gt;</a>&nbsp;&nbsp;&nbsp;HAL_DMA_Start
<LI><a href="#[84]">&gt;&gt;</a>&nbsp;&nbsp;&nbsp;HAL_DMA_Start_IT
</UL>

<P><STRONG><a name="[a6]"></a>__NVIC_GetPriorityGrouping</STRONG> (Thumb, 10 bytes, Stack size 0 bytes, stm32f1xx_hal_cortex.o(i.__NVIC_GetPriorityGrouping))
<BR><BR>[Called By]<UL><LI><a href="#[a5]">&gt;&gt;</a>&nbsp;&nbsp;&nbsp;HAL_NVIC_GetPriorityGrouping
<LI><a href="#[a2]">&gt;&gt;</a>&nbsp;&nbsp;&nbsp;HAL_NVIC_SetPriority
</UL>

<P><STRONG><a name="[a7]"></a>__NVIC_SetPriority</STRONG> (Thumb, 32 bytes, Stack size 8 bytes, stm32f1xx_hal_cortex.o(i.__NVIC_SetPriority))
<BR><BR>[Stack]<UL><LI>Max Depth = 8<LI>Call Chain = __NVIC_SetPriority
</UL>
<BR>[Called By]<UL><LI><a href="#[a1]">&gt;&gt;</a>&nbsp;&nbsp;&nbsp;HAL_SYSTICK_Config
<LI><a href="#[a2]">&gt;&gt;</a>&nbsp;&nbsp;&nbsp;HAL_NVIC_SetPriority
</UL>

<P><STRONG><a name="[a9]"></a>PWR_OverloadWfe</STRONG> (Thumb, 6 bytes, Stack size 0 bytes, stm32f1xx_hal_pwr.o(i.PWR_OverloadWfe), UNUSED)
<BR><BR>[Called By]<UL><LI><a href="#[a8]">&gt;&gt;</a>&nbsp;&nbsp;&nbsp;HAL_PWR_EnterSTOPMode
</UL>

<P><STRONG><a name="[93]"></a>FLASH_Program_HalfWord</STRONG> (Thumb, 22 bytes, Stack size 0 bytes, stm32f1xx_hal_flash.o(i.FLASH_Program_HalfWord), UNUSED)
<BR><BR>[Called By]<UL><LI><a href="#[97]">&gt;&gt;</a>&nbsp;&nbsp;&nbsp;HAL_FLASH_Program_IT
<LI><a href="#[96]">&gt;&gt;</a>&nbsp;&nbsp;&nbsp;HAL_FLASH_Program
<LI><a href="#[90]">&gt;&gt;</a>&nbsp;&nbsp;&nbsp;HAL_FLASH_IRQHandler
</UL>

<P><STRONG><a name="[80]"></a>FLASH_SetErrorCode</STRONG> (Thumb, 124 bytes, Stack size 0 bytes, stm32f1xx_hal_flash.o(i.FLASH_SetErrorCode), UNUSED)
<BR><BR>[Called By]<UL><LI><a href="#[90]">&gt;&gt;</a>&nbsp;&nbsp;&nbsp;HAL_FLASH_IRQHandler
<LI><a href="#[79]">&gt;&gt;</a>&nbsp;&nbsp;&nbsp;FLASH_WaitForLastOperation
</UL>

<P><STRONG><a name="[89]"></a>FLASH_MassErase</STRONG> (Thumb, 30 bytes, Stack size 0 bytes, stm32f1xx_hal_flash_ex.o(i.FLASH_MassErase), UNUSED)
<BR><BR>[Called By]<UL><LI><a href="#[8b]">&gt;&gt;</a>&nbsp;&nbsp;&nbsp;HAL_FLASHEx_Erase_IT
<LI><a href="#[88]">&gt;&gt;</a>&nbsp;&nbsp;&nbsp;HAL_FLASHEx_Erase
</UL>

<P><STRONG><a name="[77]"></a>FLASH_OB_DisableWRP</STRONG> (Thumb, 218 bytes, Stack size 32 bytes, stm32f1xx_hal_flash_ex.o(i.FLASH_OB_DisableWRP), UNUSED)
<BR><BR>[Calls]<UL><LI><a href="#[7a]">&gt;&gt;</a>&nbsp;&nbsp;&nbsp;HAL_FLASHEx_OBErase
<LI><a href="#[78]">&gt;&gt;</a>&nbsp;&nbsp;&nbsp;FLASH_OB_GetWRP
<LI><a href="#[79]">&gt;&gt;</a>&nbsp;&nbsp;&nbsp;FLASH_WaitForLastOperation
</UL>
<BR>[Called By]<UL><LI><a href="#[8f]">&gt;&gt;</a>&nbsp;&nbsp;&nbsp;HAL_FLASHEx_OBProgram
</UL>

<P><STRONG><a name="[7b]"></a>FLASH_OB_EnableWRP</STRONG> (Thumb, 222 bytes, Stack size 32 bytes, stm32f1xx_hal_flash_ex.o(i.FLASH_OB_EnableWRP), UNUSED)
<BR><BR>[Calls]<UL><LI><a href="#[7a]">&gt;&gt;</a>&nbsp;&nbsp;&nbsp;HAL_FLASHEx_OBErase
<LI><a href="#[78]">&gt;&gt;</a>&nbsp;&nbsp;&nbsp;FLASH_OB_GetWRP
<LI><a href="#[79]">&gt;&gt;</a>&nbsp;&nbsp;&nbsp;FLASH_WaitForLastOperation
</UL>
<BR>[Called By]<UL><LI><a href="#[8f]">&gt;&gt;</a>&nbsp;&nbsp;&nbsp;HAL_FLASHEx_OBProgram
</UL>

<P><STRONG><a name="[8c]"></a>FLASH_OB_GetRDP</STRONG> (Thumb, 24 bytes, Stack size 0 bytes, stm32f1xx_hal_flash_ex.o(i.FLASH_OB_GetRDP), UNUSED)
<BR><BR>[Called By]<UL><LI><a href="#[8d]">&gt;&gt;</a>&nbsp;&nbsp;&nbsp;HAL_FLASHEx_OBGetConfig
<LI><a href="#[7a]">&gt;&gt;</a>&nbsp;&nbsp;&nbsp;HAL_FLASHEx_OBErase
</UL>

<P><STRONG><a name="[8e]"></a>FLASH_OB_GetUser</STRONG> (Thumb, 10 bytes, Stack size 0 bytes, stm32f1xx_hal_flash_ex.o(i.FLASH_OB_GetUser), UNUSED)
<BR><BR>[Called By]<UL><LI><a href="#[8d]">&gt;&gt;</a>&nbsp;&nbsp;&nbsp;HAL_FLASHEx_OBGetConfig
</UL>

<P><STRONG><a name="[78]"></a>FLASH_OB_GetWRP</STRONG> (Thumb, 6 bytes, Stack size 0 bytes, stm32f1xx_hal_flash_ex.o(i.FLASH_OB_GetWRP), UNUSED)
<BR><BR>[Called By]<UL><LI><a href="#[8d]">&gt;&gt;</a>&nbsp;&nbsp;&nbsp;HAL_FLASHEx_OBGetConfig
<LI><a href="#[7b]">&gt;&gt;</a>&nbsp;&nbsp;&nbsp;FLASH_OB_EnableWRP
<LI><a href="#[77]">&gt;&gt;</a>&nbsp;&nbsp;&nbsp;FLASH_OB_DisableWRP
</UL>

<P><STRONG><a name="[7c]"></a>FLASH_OB_ProgramData</STRONG> (Thumb, 66 bytes, Stack size 16 bytes, stm32f1xx_hal_flash_ex.o(i.FLASH_OB_ProgramData), UNUSED)
<BR><BR>[Calls]<UL><LI><a href="#[79]">&gt;&gt;</a>&nbsp;&nbsp;&nbsp;FLASH_WaitForLastOperation
</UL>
<BR>[Called By]<UL><LI><a href="#[8f]">&gt;&gt;</a>&nbsp;&nbsp;&nbsp;HAL_FLASHEx_OBProgram
</UL>

<P><STRONG><a name="[7d]"></a>FLASH_OB_RDP_LevelConfig</STRONG> (Thumb, 110 bytes, Stack size 16 bytes, stm32f1xx_hal_flash_ex.o(i.FLASH_OB_RDP_LevelConfig), UNUSED)
<BR><BR>[Calls]<UL><LI><a href="#[79]">&gt;&gt;</a>&nbsp;&nbsp;&nbsp;FLASH_WaitForLastOperation
</UL>
<BR>[Called By]<UL><LI><a href="#[8f]">&gt;&gt;</a>&nbsp;&nbsp;&nbsp;HAL_FLASHEx_OBProgram
<LI><a href="#[7a]">&gt;&gt;</a>&nbsp;&nbsp;&nbsp;HAL_FLASHEx_OBErase
</UL>

<P><STRONG><a name="[7e]"></a>FLASH_OB_UserConfig</STRONG> (Thumb, 70 bytes, Stack size 16 bytes, stm32f1xx_hal_flash_ex.o(i.FLASH_OB_UserConfig), UNUSED)
<BR><BR>[Calls]<UL><LI><a href="#[79]">&gt;&gt;</a>&nbsp;&nbsp;&nbsp;FLASH_WaitForLastOperation
</UL>
<BR>[Called By]<UL><LI><a href="#[8f]">&gt;&gt;</a>&nbsp;&nbsp;&nbsp;HAL_FLASHEx_OBProgram
</UL>

<P><STRONG><a name="[eb]"></a>_printf_core</STRONG> (Thumb, 984 bytes, Stack size 104 bytes, printf8.o(i._printf_core), UNUSED)
<BR><BR>[Calls]<UL><LI><a href="#[ec]">&gt;&gt;</a>&nbsp;&nbsp;&nbsp;_printf_pre_padding
<LI><a href="#[ed]">&gt;&gt;</a>&nbsp;&nbsp;&nbsp;_printf_post_padding
<LI><a href="#[6b]">&gt;&gt;</a>&nbsp;&nbsp;&nbsp;__aeabi_uldivmod
</UL>
<BR>[Called By]<UL><LI><a href="#[ea]">&gt;&gt;</a>&nbsp;&nbsp;&nbsp;__0printf$8
</UL>

<P><STRONG><a name="[ed]"></a>_printf_post_padding</STRONG> (Thumb, 36 bytes, Stack size 24 bytes, printf8.o(i._printf_post_padding), UNUSED)
<BR><BR>[Called By]<UL><LI><a href="#[eb]">&gt;&gt;</a>&nbsp;&nbsp;&nbsp;_printf_core
</UL>

<P><STRONG><a name="[ec]"></a>_printf_pre_padding</STRONG> (Thumb, 46 bytes, Stack size 24 bytes, printf8.o(i._printf_pre_padding), UNUSED)
<BR><BR>[Called By]<UL><LI><a href="#[eb]">&gt;&gt;</a>&nbsp;&nbsp;&nbsp;_printf_core
</UL>

<P><STRONG><a name="[69]"></a>[local to unwind_pr_c]::next_unwind_byte(uwdata*)</STRONG> (Thumb, 48 bytes, Stack size 0 bytes, unwind_prcommon.o(.text))
<BR><BR>[Called By]<UL><LI><a href="#[62]">&gt;&gt;</a>&nbsp;&nbsp;&nbsp;__ARM_unwind_cpp_prcommon
</UL>

<P><STRONG><a name="[4e]"></a>[local to unwinder_c]::EIT_comparator(const void*, const void*)</STRONG> (Thumb, 58 bytes, Stack size 8 bytes, unwinder.o(.text))
<BR><BR>[Stack]<UL><LI>Max Depth = 8<LI>Call Chain = [local to unwinder_c]::EIT_comparator(const void*, const void*)
</UL>
<BR>[Address Reference Count : 1]<UL><LI> unwinder.o(.text)
</UL>
<P><STRONG><a name="[6e]"></a>[local to unwinder_c]::find_and_expand_eit_entry(_Unwind_Control_Block*, unsigned)</STRONG> (Thumb, 158 bytes, Stack size 24 bytes, unwinder.o(.text), UNUSED)
<BR><BR>[Calls]<UL><LI><a href="#[6f]">&gt;&gt;</a>&nbsp;&nbsp;&nbsp;bsearch
<LI><a href="#[68]">&gt;&gt;</a>&nbsp;&nbsp;&nbsp;_Unwind_Activity
</UL>
<BR>[Called By]<UL><LI><a href="#[70]">&gt;&gt;</a>&nbsp;&nbsp;&nbsp;__ARM_unwind_next_frame
<LI><a href="#[5f]">&gt;&gt;</a>&nbsp;&nbsp;&nbsp;__ARM_Unwind_RaiseException
</UL>
<P>
<H3>
Undefined Global Symbols
</H3><HR></body></html>
